   kworker/u32:0-18639   [009] d....  4529.154815: sched_stat_runtime: comm=kworker/u32:0 pid=18639 runtime=1100 [ns] vruntime=42241757376 [ns]
             cat-20580   [002] d....  4529.154815: sched_waking: comm=kworker/u32:3 pid=20635 prio=120 target_cpu=011
   kworker/u32:0-18639   [009] d....  4529.154815: sched_switch: prev_comm=kworker/u32:0 prev_pid=18639 prev_prio=120 prev_state=I ==> next_comm=swapper/9 next_pid=0 next_prio=120
   kworker/u32:3-20635   [011] d....  4529.154815: sched_stat_runtime: comm=kworker/u32:3 pid=20635 runtime=2100 [ns] vruntime=241131150153 [ns]
   kworker/u32:3-20635   [011] d....  4529.154816: sched_switch: prev_comm=kworker/u32:3 prev_pid=20635 prev_prio=120 prev_state=R ==> next_comm=swapper/11 next_pid=0 next_prio=120
          <idle>-0       [015] d....  4529.154818: sched_switch: prev_comm=swapper/15 prev_pid=0 prev_prio=120 prev_state=R ==> next_comm=sudo next_pid=18071 next_prio=120
          <idle>-0       [011] dNh..  4529.154832: sched_wakeup: comm=kworker/u32:3 pid=20635 prio=120 target_cpu=011
          <idle>-0       [011] d....  4529.154832: sched_switch: prev_comm=swapper/11 prev_pid=0 prev_prio=120 prev_state=R ==> next_comm=kworker/u32:3 next_pid=20635 next_prio=120
             cat-20580   [002] d....  4529.154833: sched_waking: comm=kworker/u32:0 pid=18639 prio=120 target_cpu=009
   kworker/u32:3-20635   [011] d....  4529.154846: sched_stat_runtime: comm=kworker/u32:3 pid=20635 runtime=14500 [ns] vruntime=241131164653 [ns]
             cat-20580   [002] d....  4529.154847: sched_waking: comm=kworker/u32:3 pid=20635 prio=120 target_cpu=011
   kworker/u32:3-20635   [011] d....  4529.154847: sched_switch: prev_comm=kworker/u32:3 prev_pid=20635 prev_prio=120 prev_state=I ==> next_comm=swapper/11 next_pid=0 next_prio=120
          <idle>-0       [009] dNh..  4529.154849: sched_wakeup: comm=kworker/u32:0 pid=18639 prio=120 target_cpu=009
          <idle>-0       [009] d....  4529.154851: sched_switch: prev_comm=swapper/9 prev_pid=0 prev_prio=120 prev_state=R ==> next_comm=kworker/u32:0 next_pid=18639 next_prio=120
            sudo-18071   [015] d....  4529.154859: sched_stat_runtime: comm=sudo pid=18071 runtime=45100 [ns] vruntime=189995329851 [ns]
            sudo-18071   [015] d....  4529.154860: sched_switch: prev_comm=sudo prev_pid=18071 prev_prio=120 prev_state=D ==> next_comm=swapper/15 next_pid=0 next_prio=120
   kworker/u32:0-18639   [009] d....  4529.154861: sched_waking: comm=sudo pid=18071 prio=120 target_cpu=015
   kworker/u32:0-18639   [009] d....  4529.154861: sched_wake_idle_without_ipi: cpu=15
          <idle>-0       [011] dNh..  4529.154862: sched_wakeup: comm=kworker/u32:3 pid=20635 prio=120 target_cpu=011
   kworker/u32:0-18639   [009] d....  4529.154862: sched_stat_runtime: comm=kworker/u32:0 pid=18639 runtime=12900 [ns] vruntime=42241770276 [ns]
   kworker/u32:0-18639   [009] d....  4529.154862: sched_switch: prev_comm=kworker/u32:0 prev_pid=18639 prev_prio=120 prev_state=I ==> next_comm=swapper/9 next_pid=0 next_prio=120
          <idle>-0       [011] d....  4529.154862: sched_switch: prev_comm=swapper/11 prev_pid=0 prev_prio=120 prev_state=R ==> next_comm=kworker/u32:3 next_pid=20635 next_prio=120
   kworker/u32:3-20635   [011] d....  4529.154863: sched_stat_runtime: comm=kworker/u32:3 pid=20635 runtime=1200 [ns] vruntime=241131165853 [ns]
   kworker/u32:3-20635   [011] d....  4529.154863: sched_switch: prev_comm=kworker/u32:3 prev_pid=20635 prev_prio=120 prev_state=I ==> next_comm=swapper/11 next_pid=0 next_prio=120
          <idle>-0       [015] dN...  4529.154864: sched_wakeup: comm=sudo pid=18071 prio=120 target_cpu=015
          <idle>-0       [015] d....  4529.154864: sched_switch: prev_comm=swapper/15 prev_pid=0 prev_prio=120 prev_state=R ==> next_comm=sudo next_pid=18071 next_prio=120
            sudo-18071   [015] d....  4529.154869: sched_stat_runtime: comm=sudo pid=18071 runtime=5000 [ns] vruntime=189995334851 [ns]
            sudo-18071   [015] d....  4529.154869: sched_switch: prev_comm=sudo prev_pid=18071 prev_prio=120 prev_state=S ==> next_comm=swapper/15 next_pid=0 next_prio=120
             cat-20580   [002] d....  4529.154943: sched_waking: comm=kworker/u32:3 pid=20635 prio=120 target_cpu=011
          <idle>-0       [011] dNh..  4529.154960: sched_wakeup: comm=kworker/u32:3 pid=20635 prio=120 target_cpu=011
          <idle>-0       [011] d....  4529.154961: sched_switch: prev_comm=swapper/11 prev_pid=0 prev_prio=120 prev_state=R ==> next_comm=kworker/u32:3 next_pid=20635 next_prio=120
   kworker/u32:3-20635   [011] d....  4529.154961: sched_waking: comm=sudo pid=18071 prio=120 target_cpu=015
             cat-20580   [002] d....  4529.154962: sched_waking: comm=kworker/u32:0 pid=18639 prio=120 target_cpu=009
             cat-20580   [002] d....  4529.154977: sched_waking: comm=kworker/u32:3 pid=20635 prio=120 target_cpu=011
   kworker/u32:3-20635   [011] d....  4529.154977: sched_stat_runtime: comm=kworker/u32:3 pid=20635 runtime=16800 [ns] vruntime=241131182653 [ns]
   kworker/u32:3-20635   [011] d....  4529.154978: sched_switch: prev_comm=kworker/u32:3 prev_pid=20635 prev_prio=120 prev_state=R ==> next_comm=swapper/11 next_pid=0 next_prio=120
          <idle>-0       [009] dNh..  4529.154979: sched_wakeup: comm=kworker/u32:0 pid=18639 prio=120 target_cpu=009
          <idle>-0       [009] d....  4529.154981: sched_switch: prev_comm=swapper/9 prev_pid=0 prev_prio=120 prev_state=R ==> next_comm=kworker/u32:0 next_pid=18639 next_prio=120
          <idle>-0       [015] dNh..  4529.154981: sched_wakeup: comm=sudo pid=18071 prio=120 target_cpu=015
          <idle>-0       [015] d....  4529.154984: sched_switch: prev_comm=swapper/15 prev_pid=0 prev_prio=120 prev_state=R ==> next_comm=sudo next_pid=18071 next_prio=120
             cat-20580   [002] d....  4529.154992: sched_waking: comm=kworker/u32:0 pid=18639 prio=120 target_cpu=009
   kworker/u32:0-18639   [009] d....  4529.154992: sched_stat_runtime: comm=kworker/u32:0 pid=18639 runtime=12900 [ns] vruntime=42241783176 [ns]
   kworker/u32:0-18639   [009] d....  4529.154992: sched_switch: prev_comm=kworker/u32:0 prev_pid=18639 prev_prio=120 prev_state=R ==> next_comm=swapper/9 next_pid=0 next_prio=120
             cat-20580   [002] d....  4529.154993: sched_wake_idle_without_ipi: cpu=9
          <idle>-0       [011] dNh..  4529.154994: sched_wakeup: comm=kworker/u32:3 pid=20635 prio=120 target_cpu=011
          <idle>-0       [011] d....  4529.154994: sched_switch: prev_comm=swapper/11 prev_pid=0 prev_prio=120 prev_state=R ==> next_comm=kworker/u32:3 next_pid=20635 next_prio=120
          <idle>-0       [009] dN...  4529.154995: sched_wakeup: comm=kworker/u32:0 pid=18639 prio=120 target_cpu=009
   kworker/u32:3-20635   [011] d....  4529.154995: sched_stat_runtime: comm=kworker/u32:3 pid=20635 runtime=2200 [ns] vruntime=241131184853 [ns]
             cat-20580   [002] d....  4529.154996: sched_waking: comm=kworker/u32:3 pid=20635 prio=120 target_cpu=011
          <idle>-0       [009] d....  4529.154996: sched_switch: prev_comm=swapper/9 prev_pid=0 prev_prio=120 prev_state=R ==> next_comm=kworker/u32:0 next_pid=18639 next_prio=120
   kworker/u32:3-20635   [011] d....  4529.154996: sched_switch: prev_comm=kworker/u32:3 prev_pid=20635 prev_prio=120 prev_state=R ==> next_comm=swapper/11 next_pid=0 next_prio=120
   kworker/u32:0-18639   [009] d....  4529.155000: sched_stat_runtime: comm=kworker/u32:0 pid=18639 runtime=4400 [ns] vruntime=42241787576 [ns]
          <idle>-0       [011] dNh..  4529.155000: sched_wakeup: comm=kworker/u32:3 pid=20635 prio=120 target_cpu=011
             cat-20580   [002] d....  4529.155000: sched_waking: comm=kworker/u32:0 pid=18639 prio=120 target_cpu=009
          <idle>-0       [011] d....  4529.155000: sched_switch: prev_comm=swapper/11 prev_pid=0 prev_prio=120 prev_state=R ==> next_comm=kworker/u32:3 next_pid=20635 next_prio=120
   kworker/u32:0-18639   [009] d....  4529.155000: sched_switch: prev_comm=kworker/u32:0 prev_pid=18639 prev_prio=120 prev_state=R ==> next_comm=swapper/9 next_pid=0 next_prio=120
   kworker/u32:3-20635   [011] d....  4529.155002: sched_stat_runtime: comm=kworker/u32:3 pid=20635 runtime=2500 [ns] vruntime=241131187353 [ns]
             cat-20580   [002] d....  4529.155002: sched_waking: comm=kworker/u32:3 pid=20635 prio=120 target_cpu=011
   kworker/u32:3-20635   [011] d....  4529.155003: sched_switch: prev_comm=kworker/u32:3 prev_pid=20635 prev_prio=120 prev_state=R ==> next_comm=swapper/11 next_pid=0 next_prio=120
          <idle>-0       [009] dNh..  4529.155007: sched_wakeup: comm=kworker/u32:0 pid=18639 prio=120 target_cpu=009
          <idle>-0       [009] d....  4529.155010: sched_switch: prev_comm=swapper/9 prev_pid=0 prev_prio=120 prev_state=R ==> next_comm=kworker/u32:0 next_pid=18639 next_prio=120
   kworker/u32:0-18639   [009] d....  4529.155018: sched_stat_runtime: comm=kworker/u32:0 pid=18639 runtime=11700 [ns] vruntime=42241799276 [ns]
             cat-20580   [002] d....  4529.155018: sched_waking: comm=kworker/u32:0 pid=18639 prio=120 target_cpu=009
   kworker/u32:0-18639   [009] d....  4529.155019: sched_switch: prev_comm=kworker/u32:0 prev_pid=18639 prev_prio=120 prev_state=R ==> next_comm=swapper/9 next_pid=0 next_prio=120
             cat-20580   [002] d....  4529.155019: sched_wake_idle_without_ipi: cpu=9
            sudo-18071   [015] d....  4529.155021: sched_stat_runtime: comm=sudo pid=18071 runtime=40600 [ns] vruntime=189995375451 [ns]
            sudo-18071   [015] d....  4529.155022: sched_switch: prev_comm=sudo prev_pid=18071 prev_prio=120 prev_state=D ==> next_comm=swapper/15 next_pid=0 next_prio=120
          <idle>-0       [009] dN...  4529.155022: sched_wakeup: comm=kworker/u32:0 pid=18639 prio=120 target_cpu=009
          <idle>-0       [009] d....  4529.155022: sched_switch: prev_comm=swapper/9 prev_pid=0 prev_prio=120 prev_state=R ==> next_comm=kworker/u32:0 next_pid=18639 next_prio=120
          <idle>-0       [011] dNh..  4529.155024: sched_wakeup: comm=kworker/u32:3 pid=20635 prio=120 target_cpu=011
   kworker/u32:0-18639   [009] d....  4529.155024: sched_waking: comm=sudo pid=18071 prio=120 target_cpu=015
          <idle>-0       [011] d....  4529.155025: sched_switch: prev_comm=swapper/11 prev_pid=0 prev_prio=120 prev_state=R ==> next_comm=kworker/u32:3 next_pid=20635 next_prio=120
             cat-20580   [002] d....  4529.155026: sched_waking: comm=kworker/u32:1 pid=19010 prio=120 target_cpu=004
   kworker/u32:0-18639   [009] d....  4529.155043: sched_stat_runtime: comm=kworker/u32:0 pid=18639 runtime=21400 [ns] vruntime=42241820676 [ns]
   kworker/u32:0-18639   [009] d....  4529.155044: sched_switch: prev_comm=kworker/u32:0 prev_pid=18639 prev_prio=120 prev_state=I ==> next_comm=swapper/9 next_pid=0 next_prio=120
             cat-20580   [002] d....  4529.155044: sched_waking: comm=kworker/u32:3 pid=20635 prio=120 target_cpu=011
   kworker/u32:3-20635   [011] d....  4529.155044: sched_stat_runtime: comm=kworker/u32:3 pid=20635 runtime=20500 [ns] vruntime=241131207853 [ns]
   kworker/u32:3-20635   [011] d....  4529.155045: sched_switch: prev_comm=kworker/u32:3 prev_pid=20635 prev_prio=120 prev_state=R ==> next_comm=swapper/11 next_pid=0 next_prio=120
          <idle>-0       [015] dNh..  4529.155046: sched_wakeup: comm=sudo pid=18071 prio=120 target_cpu=015
          <idle>-0       [015] d....  4529.155049: sched_switch: prev_comm=swapper/15 prev_pid=0 prev_prio=120 prev_state=R ==> next_comm=sudo next_pid=18071 next_prio=120
          <idle>-0       [004] dNh..  4529.155052: sched_wakeup: comm=kworker/u32:1 pid=19010 prio=120 target_cpu=004
          <idle>-0       [004] d....  4529.155056: sched_switch: prev_comm=swapper/4 prev_pid=0 prev_prio=120 prev_state=R ==> next_comm=kworker/u32:1 next_pid=19010 next_prio=120
             cat-20580   [002] d....  4529.155060: sched_waking: comm=kworker/u32:1 pid=19010 prio=120 target_cpu=004
             cat-20580   [002] d....  4529.155061: sched_wakeup: comm=kworker/u32:1 pid=19010 prio=120 target_cpu=004
   kworker/u32:1-19010   [004] d....  4529.155061: sched_stat_runtime: comm=kworker/u32:1 pid=19010 runtime=9700 [ns] vruntime=102019798521 [ns]
             cat-20580   [002] d....  4529.155062: sched_waking: comm=kworker/u32:1 pid=19010 prio=120 target_cpu=004
   kworker/u32:1-19010   [004] d....  4529.155063: sched_stat_runtime: comm=kworker/u32:1 pid=19010 runtime=1300 [ns] vruntime=102019799821 [ns]
   kworker/u32:1-19010   [004] d....  4529.155063: sched_switch: prev_comm=kworker/u32:1 prev_pid=19010 prev_prio=120 prev_state=R ==> next_comm=swapper/4 next_pid=0 next_prio=120
          <idle>-0       [011] dNh..  4529.155063: sched_wakeup: comm=kworker/u32:3 pid=20635 prio=120 target_cpu=011
          <idle>-0       [011] d....  4529.155064: sched_switch: prev_comm=swapper/11 prev_pid=0 prev_prio=120 prev_state=R ==> next_comm=kworker/u32:3 next_pid=20635 next_prio=120
   kworker/u32:3-20635   [011] d....  4529.155067: sched_stat_runtime: comm=kworker/u32:3 pid=20635 runtime=4100 [ns] vruntime=241131211953 [ns]
   kworker/u32:3-20635   [011] d....  4529.155068: sched_switch: prev_comm=kworker/u32:3 prev_pid=20635 prev_prio=120 prev_state=I ==> next_comm=swapper/11 next_pid=0 next_prio=120
          <idle>-0       [004] dNh..  4529.155069: sched_wakeup: comm=kworker/u32:1 pid=19010 prio=120 target_cpu=004
            sudo-18071   [015] d....  4529.155070: sched_stat_runtime: comm=sudo pid=18071 runtime=24900 [ns] vruntime=189995400351 [ns]
            sudo-18071   [015] d....  4529.155071: sched_switch: prev_comm=sudo prev_pid=18071 prev_prio=120 prev_state=S ==> next_comm=swapper/15 next_pid=0 next_prio=120
          <idle>-0       [004] d....  4529.155071: sched_switch: prev_comm=swapper/4 prev_pid=0 prev_prio=120 prev_state=R ==> next_comm=kworker/u32:1 next_pid=19010 next_prio=120
   kworker/u32:1-19010   [004] d....  4529.155072: sched_stat_runtime: comm=kworker/u32:1 pid=19010 runtime=3500 [ns] vruntime=102019803321 [ns]
   kworker/u32:1-19010   [004] d....  4529.155072: sched_switch: prev_comm=kworker/u32:1 prev_pid=19010 prev_prio=120 prev_state=I ==> next_comm=swapper/4 next_pid=0 next_prio=120
             cat-20580   [002] d....  4529.155150: sched_waking: comm=kworker/u32:1 pid=19010 prio=120 target_cpu=004
          <idle>-0       [004] dNh..  4529.155174: sched_wakeup: comm=kworker/u32:1 pid=19010 prio=120 target_cpu=004
          <idle>-0       [004] d....  4529.155178: sched_switch: prev_comm=swapper/4 prev_pid=0 prev_prio=120 prev_state=R ==> next_comm=kworker/u32:1 next_pid=19010 next_prio=120
             cat-20580   [002] d....  4529.155179: sched_waking: comm=kworker/u32:3 pid=20635 prio=120 target_cpu=011
   kworker/u32:1-19010   [004] d....  4529.155180: sched_waking: comm=sudo pid=18071 prio=120 target_cpu=015
          <idle>-0       [011] dNh..  4529.155197: sched_wakeup: comm=kworker/u32:3 pid=20635 prio=120 target_cpu=011
          <idle>-0       [011] d....  4529.155197: sched_switch: prev_comm=swapper/11 prev_pid=0 prev_prio=120 prev_state=R ==> next_comm=kworker/u32:3 next_pid=20635 next_prio=120
   kworker/u32:1-19010   [004] d....  4529.155197: sched_stat_runtime: comm=kworker/u32:1 pid=19010 runtime=23600 [ns] vruntime=102019826921 [ns]
             cat-20580   [002] d....  4529.155198: sched_waking: comm=kworker/u32:1 pid=19010 prio=120 target_cpu=004
   kworker/u32:1-19010   [004] d....  4529.155198: sched_switch: prev_comm=kworker/u32:1 prev_pid=19010 prev_prio=120 prev_state=R ==> next_comm=swapper/4 next_pid=0 next_prio=120
   kworker/u32:3-20635   [011] d....  4529.155201: sched_stat_runtime: comm=kworker/u32:3 pid=20635 runtime=5100 [ns] vruntime=241131217053 [ns]
             cat-20580   [002] d....  4529.155201: sched_waking: comm=kworker/u32:3 pid=20635 prio=120 target_cpu=011
   kworker/u32:3-20635   [011] d....  4529.155202: sched_switch: prev_comm=kworker/u32:3 prev_pid=20635 prev_prio=120 prev_state=R ==> next_comm=swapper/11 next_pid=0 next_prio=120
          <idle>-0       [015] dNh..  4529.155203: sched_wakeup: comm=sudo pid=18071 prio=120 target_cpu=015
          <idle>-0       [004] dNh..  4529.155204: sched_wakeup: comm=kworker/u32:1 pid=19010 prio=120 target_cpu=004
          <idle>-0       [011] dNh..  4529.155205: sched_wakeup: comm=kworker/u32:3 pid=20635 prio=120 target_cpu=011
          <idle>-0       [011] d....  4529.155206: sched_switch: prev_comm=swapper/11 prev_pid=0 prev_prio=120 prev_state=R ==> next_comm=kworker/u32:3 next_pid=20635 next_prio=120
          <idle>-0       [015] d....  4529.155206: sched_switch: prev_comm=swapper/15 prev_pid=0 prev_prio=120 prev_state=R ==> next_comm=sudo next_pid=18071 next_prio=120
          <idle>-0       [004] d....  4529.155207: sched_switch: prev_comm=swapper/4 prev_pid=0 prev_prio=120 prev_state=R ==> next_comm=kworker/u32:1 next_pid=19010 next_prio=120
   kworker/u32:3-20635   [011] d....  4529.155207: sched_stat_runtime: comm=kworker/u32:3 pid=20635 runtime=1800 [ns] vruntime=241131218853 [ns]
   kworker/u32:1-19010   [004] d....  4529.155207: sched_stat_runtime: comm=kworker/u32:1 pid=19010 runtime=3700 [ns] vruntime=102019830621 [ns]
   kworker/u32:3-20635   [011] d....  4529.155207: sched_switch: prev_comm=kworker/u32:3 prev_pid=20635 prev_prio=120 prev_state=I ==> next_comm=swapper/11 next_pid=0 next_prio=120
   kworker/u32:1-19010   [004] d....  4529.155208: sched_switch: prev_comm=kworker/u32:1 prev_pid=19010 prev_prio=120 prev_state=I ==> next_comm=swapper/4 next_pid=0 next_prio=120
            sudo-18071   [015] d....  4529.155221: sched_stat_runtime: comm=sudo pid=18071 runtime=18600 [ns] vruntime=189995418951 [ns]
            sudo-18071   [015] d....  4529.155222: sched_switch: prev_comm=sudo prev_pid=18071 prev_prio=120 prev_state=S ==> next_comm=swapper/15 next_pid=0 next_prio=120
             cat-20580   [002] d....  4529.155300: sched_waking: comm=kworker/u32:1 pid=19010 prio=120 target_cpu=004
          <idle>-0       [004] dNh..  4529.155333: sched_wakeup: comm=kworker/u32:1 pid=19010 prio=120 target_cpu=004
          <idle>-0       [004] d....  4529.155338: sched_switch: prev_comm=swapper/4 prev_pid=0 prev_prio=120 prev_state=R ==> next_comm=kworker/u32:1 next_pid=19010 next_prio=120
   kworker/u32:1-19010   [004] d....  4529.155340: sched_waking: comm=sudo pid=18071 prio=120 target_cpu=015
   kworker/u32:1-19010   [004] d....  4529.155360: sched_stat_runtime: comm=kworker/u32:1 pid=19010 runtime=27500 [ns] vruntime=102019858121 [ns]
   kworker/u32:1-19010   [004] d....  4529.155361: sched_switch: prev_comm=kworker/u32:1 prev_pid=19010 prev_prio=120 prev_state=I ==> next_comm=swapper/4 next_pid=0 next_prio=120
          <idle>-0       [015] dNh..  4529.155366: sched_wakeup: comm=sudo pid=18071 prio=120 target_cpu=015
          <idle>-0       [015] d....  4529.155370: sched_switch: prev_comm=swapper/15 prev_pid=0 prev_prio=120 prev_state=R ==> next_comm=sudo next_pid=18071 next_prio=120
            sudo-18071   [015] d....  4529.155386: sched_stat_runtime: comm=sudo pid=18071 runtime=20300 [ns] vruntime=189995439251 [ns]
            sudo-18071   [015] d....  4529.155386: sched_switch: prev_comm=sudo prev_pid=18071 prev_prio=120 prev_state=S ==> next_comm=swapper/15 next_pid=0 next_prio=120
             cat-20580   [002] d....  4529.155408: sched_waking: comm=kworker/u32:1 pid=19010 prio=120 target_cpu=004
          <idle>-0       [004] dNh..  4529.155426: sched_wakeup: comm=kworker/u32:1 pid=19010 prio=120 target_cpu=004
          <idle>-0       [004] d....  4529.155430: sched_switch: prev_comm=swapper/4 prev_pid=0 prev_prio=120 prev_state=R ==> next_comm=kworker/u32:1 next_pid=19010 next_prio=120
             cat-20580   [002] d....  4529.155431: sched_waking: comm=kworker/u32:3 pid=20635 prio=120 target_cpu=011
   kworker/u32:1-19010   [004] d....  4529.155431: sched_waking: comm=sudo pid=18071 prio=120 target_cpu=015
   kworker/u32:1-19010   [004] d....  4529.155447: sched_stat_runtime: comm=kworker/u32:1 pid=19010 runtime=21500 [ns] vruntime=102019879621 [ns]
             cat-20580   [002] d....  4529.155447: sched_waking: comm=kworker/u32:1 pid=19010 prio=120 target_cpu=004
   kworker/u32:1-19010   [004] d....  4529.155448: sched_switch: prev_comm=kworker/u32:1 prev_pid=19010 prev_prio=120 prev_state=R ==> next_comm=swapper/4 next_pid=0 next_prio=120
             cat-20580   [002] d....  4529.155449: sched_wake_idle_without_ipi: cpu=4
          <idle>-0       [015] dNh..  4529.155451: sched_wakeup: comm=sudo pid=18071 prio=120 target_cpu=015
          <idle>-0       [011] dNh..  4529.155453: sched_wakeup: comm=kworker/u32:3 pid=20635 prio=120 target_cpu=011
          <idle>-0       [004] dN...  4529.155453: sched_wakeup: comm=kworker/u32:1 pid=19010 prio=120 target_cpu=004
          <idle>-0       [004] d....  4529.155454: sched_switch: prev_comm=swapper/4 prev_pid=0 prev_prio=120 prev_state=R ==> next_comm=kworker/u32:1 next_pid=19010 next_prio=120
          <idle>-0       [011] d....  4529.155454: sched_switch: prev_comm=swapper/11 prev_pid=0 prev_prio=120 prev_state=R ==> next_comm=kworker/u32:3 next_pid=20635 next_prio=120
          <idle>-0       [015] d....  4529.155455: sched_switch: prev_comm=swapper/15 prev_pid=0 prev_prio=120 prev_state=R ==> next_comm=sudo next_pid=18071 next_prio=120
   kworker/u32:1-19010   [004] d....  4529.155455: sched_stat_runtime: comm=kworker/u32:1 pid=19010 runtime=1800 [ns] vruntime=102019881421 [ns]
   kworker/u32:3-20635   [011] d....  4529.155455: sched_stat_runtime: comm=kworker/u32:3 pid=20635 runtime=3200 [ns] vruntime=241131222053 [ns]
   kworker/u32:1-19010   [004] d....  4529.155455: sched_switch: prev_comm=kworker/u32:1 prev_pid=19010 prev_prio=120 prev_state=I ==> next_comm=swapper/4 next_pid=0 next_prio=120
   kworker/u32:3-20635   [011] d....  4529.155456: sched_switch: prev_comm=kworker/u32:3 prev_pid=20635 prev_prio=120 prev_state=I ==> next_comm=swapper/11 next_pid=0 next_prio=120
            sudo-18071   [015] d....  4529.155469: sched_stat_runtime: comm=sudo pid=18071 runtime=18200 [ns] vruntime=189995457451 [ns]
            sudo-18071   [015] d....  4529.155469: sched_switch: prev_comm=sudo prev_pid=18071 prev_prio=120 prev_state=S ==> next_comm=swapper/15 next_pid=0 next_prio=120
             cat-20580   [002] d....  4529.155512: sched_waking: comm=kworker/u32:1 pid=19010 prio=120 target_cpu=004
          <idle>-0       [004] dNh..  4529.155532: sched_wakeup: comm=kworker/u32:1 pid=19010 prio=120 target_cpu=004
          <idle>-0       [004] d....  4529.155536: sched_switch: prev_comm=swapper/4 prev_pid=0 prev_prio=120 prev_state=R ==> next_comm=kworker/u32:1 next_pid=19010 next_prio=120
             cat-20580   [002] d....  4529.155537: sched_waking: comm=kworker/u32:3 pid=20635 prio=120 target_cpu=011
   kworker/u32:1-19010   [004] d....  4529.155538: sched_waking: comm=sudo pid=18071 prio=120 target_cpu=015
             cat-20580   [002] d....  4529.155554: sched_waking: comm=kworker/u32:1 pid=19010 prio=120 target_cpu=004
   kworker/u32:1-19010   [004] d....  4529.155554: sched_stat_runtime: comm=kworker/u32:1 pid=19010 runtime=21700 [ns] vruntime=102019903121 [ns]
   kworker/u32:1-19010   [004] d....  4529.155554: sched_switch: prev_comm=kworker/u32:1 prev_pid=19010 prev_prio=120 prev_state=R ==> next_comm=swapper/4 next_pid=0 next_prio=120
             cat-20580   [002] d....  4529.155555: sched_wake_idle_without_ipi: cpu=4
          <idle>-0       [004] dN...  4529.155555: sched_wakeup: comm=kworker/u32:1 pid=19010 prio=120 target_cpu=004
          <idle>-0       [004] d....  4529.155556: sched_switch: prev_comm=swapper/4 prev_pid=0 prev_prio=120 prev_state=R ==> next_comm=kworker/u32:1 next_pid=19010 next_prio=120
          <idle>-0       [015] dNh..  4529.155556: sched_wakeup: comm=sudo pid=18071 prio=120 target_cpu=015
   kworker/u32:1-19010   [004] d....  4529.155557: sched_stat_runtime: comm=kworker/u32:1 pid=19010 runtime=1600 [ns] vruntime=102019904721 [ns]
             cat-20580   [002] d....  4529.155557: sched_waking: comm=kworker/u32:1 pid=19010 prio=120 target_cpu=004
   kworker/u32:1-19010   [004] d....  4529.155557: sched_switch: prev_comm=kworker/u32:1 prev_pid=19010 prev_prio=120 prev_state=R ==> next_comm=swapper/4 next_pid=0 next_prio=120
             cat-20580   [002] d....  4529.155557: sched_wake_idle_without_ipi: cpu=4
          <idle>-0       [004] dN...  4529.155558: sched_wakeup: comm=kworker/u32:1 pid=19010 prio=120 target_cpu=004
          <idle>-0       [015] d....  4529.155558: sched_switch: prev_comm=swapper/15 prev_pid=0 prev_prio=120 prev_state=R ==> next_comm=sudo next_pid=18071 next_prio=120
          <idle>-0       [004] d....  4529.155558: sched_switch: prev_comm=swapper/4 prev_pid=0 prev_prio=120 prev_state=R ==> next_comm=kworker/u32:1 next_pid=19010 next_prio=120
             cat-20580   [002] d....  4529.155560: sched_waking: comm=kworker/u32:1 pid=19010 prio=120 target_cpu=004
   kworker/u32:1-19010   [004] d....  4529.155560: sched_stat_runtime: comm=kworker/u32:1 pid=19010 runtime=1900 [ns] vruntime=102019906621 [ns]
          <idle>-0       [011] dNh..  4529.155560: sched_wakeup: comm=kworker/u32:3 pid=20635 prio=120 target_cpu=011
   kworker/u32:1-19010   [004] d....  4529.155560: sched_switch: prev_comm=kworker/u32:1 prev_pid=19010 prev_prio=120 prev_state=R ==> next_comm=swapper/4 next_pid=0 next_prio=120
             cat-20580   [002] d....  4529.155560: sched_wake_idle_without_ipi: cpu=4
          <idle>-0       [004] dN...  4529.155561: sched_wakeup: comm=kworker/u32:1 pid=19010 prio=120 target_cpu=004
          <idle>-0       [011] d....  4529.155561: sched_switch: prev_comm=swapper/11 prev_pid=0 prev_prio=120 prev_state=R ==> next_comm=kworker/u32:3 next_pid=20635 next_prio=120
          <idle>-0       [004] d....  4529.155561: sched_switch: prev_comm=swapper/4 prev_pid=0 prev_prio=120 prev_state=R ==> next_comm=kworker/u32:1 next_pid=19010 next_prio=120
   kworker/u32:1-19010   [004] d....  4529.155562: sched_stat_runtime: comm=kworker/u32:1 pid=19010 runtime=1100 [ns] vruntime=102019907721 [ns]
   kworker/u32:1-19010   [004] d....  4529.155562: sched_switch: prev_comm=kworker/u32:1 prev_pid=19010 prev_prio=120 prev_state=I ==> next_comm=swapper/4 next_pid=0 next_prio=120
   kworker/u32:3-20635   [011] d....  4529.155563: sched_stat_runtime: comm=kworker/u32:3 pid=20635 runtime=3900 [ns] vruntime=241131225953 [ns]
   kworker/u32:3-20635   [011] d....  4529.155563: sched_switch: prev_comm=kworker/u32:3 prev_pid=20635 prev_prio=120 prev_state=I ==> next_comm=swapper/11 next_pid=0 next_prio=120
            sudo-18071   [015] d....  4529.155572: sched_stat_runtime: comm=sudo pid=18071 runtime=16400 [ns] vruntime=189995473851 [ns]
            sudo-18071   [015] d....  4529.155572: sched_switch: prev_comm=sudo prev_pid=18071 prev_prio=120 prev_state=S ==> next_comm=swapper/15 next_pid=0 next_prio=120
          <idle>-0       [000] d.s..  4529.155621: sched_waking: comm=Relay(17547) pid=17959 prio=120 target_cpu=000
          <idle>-0       [000] dNs..  4529.155622: sched_wakeup: comm=Relay(17547) pid=17959 prio=120 target_cpu=000
          <idle>-0       [000] d....  4529.155622: sched_switch: prev_comm=swapper/0 prev_pid=0 prev_prio=120 prev_state=R ==> next_comm=Relay(17547) next_pid=17959 next_prio=120
    Relay(17547)-17959   [000] d....  4529.155633: sched_waking: comm=kworker/u32:3 pid=20635 prio=120 target_cpu=011
    Relay(17547)-17959   [000] d....  4529.155647: sched_waking: comm=sudo pid=18071 prio=120 target_cpu=015
          <idle>-0       [011] dNh..  4529.155658: sched_wakeup: comm=kworker/u32:3 pid=20635 prio=120 target_cpu=011
          <idle>-0       [011] d....  4529.155659: sched_switch: prev_comm=swapper/11 prev_pid=0 prev_prio=120 prev_state=R ==> next_comm=kworker/u32:3 next_pid=20635 next_prio=120
    Relay(17547)-17959   [000] d....  4529.155659: sched_stat_runtime: comm=Relay(17547) pid=17959 runtime=37900 [ns] vruntime=144849156877 [ns]
    Relay(17547)-17959   [000] d....  4529.155660: sched_switch: prev_comm=Relay(17547) prev_pid=17959 prev_prio=120 prev_state=S ==> next_comm=swapper/0 next_pid=0 next_prio=120
   kworker/u32:3-20635   [011] d....  4529.155661: sched_waking: comm=kworker/u32:1 pid=19010 prio=120 target_cpu=004
          <idle>-0       [015] dNh..  4529.155663: sched_wakeup: comm=sudo pid=18071 prio=120 target_cpu=015
          <idle>-0       [015] d....  4529.155666: sched_switch: prev_comm=swapper/15 prev_pid=0 prev_prio=120 prev_state=R ==> next_comm=sudo next_pid=18071 next_prio=120
            sudo-18071   [015] d....  4529.155680: sched_stat_runtime: comm=sudo pid=18071 runtime=16900 [ns] vruntime=189995490751 [ns]
            sudo-18071   [015] d....  4529.155680: sched_switch: prev_comm=sudo prev_pid=18071 prev_prio=120 prev_state=S ==> next_comm=swapper/15 next_pid=0 next_prio=120
   kworker/u32:3-20635   [011] d....  4529.155684: sched_stat_runtime: comm=kworker/u32:3 pid=20635 runtime=26600 [ns] vruntime=241131252553 [ns]
   kworker/u32:3-20635   [011] d....  4529.155684: sched_switch: prev_comm=kworker/u32:3 prev_pid=20635 prev_prio=120 prev_state=I ==> next_comm=swapper/11 next_pid=0 next_prio=120
          <idle>-0       [004] dNh..  4529.155687: sched_wakeup: comm=kworker/u32:1 pid=19010 prio=120 target_cpu=004
          <idle>-0       [004] d....  4529.155692: sched_switch: prev_comm=swapper/4 prev_pid=0 prev_prio=120 prev_state=R ==> next_comm=kworker/u32:1 next_pid=19010 next_prio=120
   kworker/u32:1-19010   [004] d....  4529.155693: sched_stat_runtime: comm=kworker/u32:1 pid=19010 runtime=7300 [ns] vruntime=102019915021 [ns]
   kworker/u32:1-19010   [004] d....  4529.155694: sched_switch: prev_comm=kworker/u32:1 prev_pid=19010 prev_prio=120 prev_state=I ==> next_comm=swapper/4 next_pid=0 next_prio=120
             cat-20580   [002] d....  4529.155758: sched_waking: comm=kworker/u32:1 pid=19010 prio=120 target_cpu=004
          <idle>-0       [004] dNh..  4529.155776: sched_wakeup: comm=kworker/u32:1 pid=19010 prio=120 target_cpu=004
          <idle>-0       [004] d....  4529.155781: sched_switch: prev_comm=swapper/4 prev_pid=0 prev_prio=120 prev_state=R ==> next_comm=kworker/u32:1 next_pid=19010 next_prio=120
             cat-20580   [002] d....  4529.155782: sched_waking: comm=kworker/u32:3 pid=20635 prio=120 target_cpu=011
   kworker/u32:1-19010   [004] d....  4529.155793: sched_stat_runtime: comm=kworker/u32:1 pid=19010 runtime=18400 [ns] vruntime=102019933421 [ns]
             cat-20580   [002] d....  4529.155794: sched_waking: comm=kworker/u32:1 pid=19010 prio=120 target_cpu=004
   kworker/u32:1-19010   [004] d....  4529.155794: sched_switch: prev_comm=kworker/u32:1 prev_pid=19010 prev_prio=120 prev_state=R ==> next_comm=swapper/4 next_pid=0 next_prio=120
          <idle>-0       [004] dNh..  4529.155800: sched_wakeup: comm=kworker/u32:1 pid=19010 prio=120 target_cpu=004
          <idle>-0       [004] d....  4529.155803: sched_switch: prev_comm=swapper/4 prev_pid=0 prev_prio=120 prev_state=R ==> next_comm=kworker/u32:1 next_pid=19010 next_prio=120
          <idle>-0       [011] dNh..  4529.155804: sched_wakeup: comm=kworker/u32:3 pid=20635 prio=120 target_cpu=011
   kworker/u32:1-19010   [004] d....  4529.155804: sched_stat_runtime: comm=kworker/u32:1 pid=19010 runtime=3800 [ns] vruntime=102019937221 [ns]
   kworker/u32:1-19010   [004] d....  4529.155804: sched_switch: prev_comm=kworker/u32:1 prev_pid=19010 prev_prio=120 prev_state=I ==> next_comm=swapper/4 next_pid=0 next_prio=120
          <idle>-0       [011] d....  4529.155805: sched_switch: prev_comm=swapper/11 prev_pid=0 prev_prio=120 prev_state=R ==> next_comm=kworker/u32:3 next_pid=20635 next_prio=120
   kworker/u32:3-20635   [011] d....  4529.155806: sched_stat_runtime: comm=kworker/u32:3 pid=20635 runtime=2600 [ns] vruntime=241131255153 [ns]
   kworker/u32:3-20635   [011] d....  4529.155806: sched_switch: prev_comm=kworker/u32:3 prev_pid=20635 prev_prio=120 prev_state=I ==> next_comm=swapper/11 next_pid=0 next_prio=120
             cat-20580   [002] d....  4529.155870: sched_waking: comm=kworker/u32:3 pid=20635 prio=120 target_cpu=011
          <idle>-0       [011] dNh..  4529.155890: sched_wakeup: comm=kworker/u32:3 pid=20635 prio=120 target_cpu=011
          <idle>-0       [011] d....  4529.155891: sched_switch: prev_comm=swapper/11 prev_pid=0 prev_prio=120 prev_state=R ==> next_comm=kworker/u32:3 next_pid=20635 next_prio=120
             cat-20580   [002] d....  4529.155892: sched_waking: comm=kworker/u32:1 pid=19010 prio=120 target_cpu=004
   kworker/u32:3-20635   [011] d....  4529.155903: sched_stat_runtime: comm=kworker/u32:3 pid=20635 runtime=13700 [ns] vruntime=241131268853 [ns]
             cat-20580   [002] d....  4529.155903: sched_waking: comm=kworker/u32:3 pid=20635 prio=120 target_cpu=011
   kworker/u32:3-20635   [011] d....  4529.155904: sched_switch: prev_comm=kworker/u32:3 prev_pid=20635 prev_prio=120 prev_state=R ==> next_comm=swapper/11 next_pid=0 next_prio=120
             cat-20580   [002] d....  4529.155904: sched_wake_idle_without_ipi: cpu=11
          <idle>-0       [011] dN...  4529.155905: sched_wakeup: comm=kworker/u32:3 pid=20635 prio=120 target_cpu=011
          <idle>-0       [011] d....  4529.155905: sched_switch: prev_comm=swapper/11 prev_pid=0 prev_prio=120 prev_state=R ==> next_comm=kworker/u32:3 next_pid=20635 next_prio=120
   kworker/u32:3-20635   [011] d....  4529.155906: sched_stat_runtime: comm=kworker/u32:3 pid=20635 runtime=1900 [ns] vruntime=241131270753 [ns]
   kworker/u32:3-20635   [011] d....  4529.155907: sched_switch: prev_comm=kworker/u32:3 prev_pid=20635 prev_prio=120 prev_state=I ==> next_comm=swapper/11 next_pid=0 next_prio=120
             cat-20580   [002] d....  4529.155907: sched_waking: comm=kworker/u32:3 pid=20635 prio=120 target_cpu=011
          <idle>-0       [011] dNh..  4529.155912: sched_wakeup: comm=kworker/u32:3 pid=20635 prio=120 target_cpu=011
          <idle>-0       [011] d....  4529.155912: sched_switch: prev_comm=swapper/11 prev_pid=0 prev_prio=120 prev_state=R ==> next_comm=kworker/u32:3 next_pid=20635 next_prio=120
   kworker/u32:3-20635   [011] d....  4529.155913: sched_stat_runtime: comm=kworker/u32:3 pid=20635 runtime=2000 [ns] vruntime=241131272753 [ns]
   kworker/u32:3-20635   [011] d....  4529.155914: sched_switch: prev_comm=kworker/u32:3 prev_pid=20635 prev_prio=120 prev_state=I ==> next_comm=swapper/11 next_pid=0 next_prio=120
          <idle>-0       [004] dNh..  4529.155918: sched_wakeup: comm=kworker/u32:1 pid=19010 prio=120 target_cpu=004
          <idle>-0       [004] d....  4529.155924: sched_switch: prev_comm=swapper/4 prev_pid=0 prev_prio=120 prev_state=R ==> next_comm=kworker/u32:1 next_pid=19010 next_prio=120
   kworker/u32:1-19010   [004] d....  4529.155925: sched_stat_runtime: comm=kworker/u32:1 pid=19010 runtime=8300 [ns] vruntime=102019945521 [ns]
   kworker/u32:1-19010   [004] d....  4529.155926: sched_switch: prev_comm=kworker/u32:1 prev_pid=19010 prev_prio=120 prev_state=I ==> next_comm=swapper/4 next_pid=0 next_prio=120
             cat-20580   [002] d....  4529.155984: sched_waking: comm=kworker/u32:1 pid=19010 prio=120 target_cpu=004
          <idle>-0       [004] dNh..  4529.156004: sched_wakeup: comm=kworker/u32:1 pid=19010 prio=120 target_cpu=004
          <idle>-0       [004] d....  4529.156008: sched_switch: prev_comm=swapper/4 prev_pid=0 prev_prio=120 prev_state=R ==> next_comm=kworker/u32:1 next_pid=19010 next_prio=120
             cat-20580   [002] d....  4529.156010: sched_waking: comm=kworker/u32:1 pid=19010 prio=120 target_cpu=004
   kworker/u32:1-19010   [004] d....  4529.156010: sched_stat_runtime: comm=kworker/u32:1 pid=19010 runtime=6900 [ns] vruntime=102019952421 [ns]
   kworker/u32:1-19010   [004] d....  4529.156011: sched_switch: prev_comm=kworker/u32:1 prev_pid=19010 prev_prio=120 prev_state=R ==> next_comm=swapper/4 next_pid=0 next_prio=120
             cat-20580   [002] d....  4529.156011: sched_wake_idle_without_ipi: cpu=4
          <idle>-0       [004] dN...  4529.156012: sched_wakeup: comm=kworker/u32:1 pid=19010 prio=120 target_cpu=004
          <idle>-0       [004] d....  4529.156012: sched_switch: prev_comm=swapper/4 prev_pid=0 prev_prio=120 prev_state=R ==> next_comm=kworker/u32:1 next_pid=19010 next_prio=120
   kworker/u32:1-19010   [004] d....  4529.156013: sched_stat_runtime: comm=kworker/u32:1 pid=19010 runtime=1500 [ns] vruntime=102019953921 [ns]
   kworker/u32:1-19010   [004] d....  4529.156014: sched_switch: prev_comm=kworker/u32:1 prev_pid=19010 prev_prio=120 prev_state=I ==> next_comm=swapper/4 next_pid=0 next_prio=120
             cat-20580   [002] d....  4529.156084: sched_waking: comm=kworker/u32:1 pid=19010 prio=120 target_cpu=004
             cat-20580   [002] d....  4529.156100: sched_stat_runtime: comm=cat pid=20580 runtime=2234000 [ns] vruntime=93650113155 [ns]
             cat-20580   [002] d....  4529.156101: sched_switch: prev_comm=cat prev_pid=20580 prev_prio=120 prev_state=S ==> next_comm=swapper/2 next_pid=0 next_prio=120
          <idle>-0       [004] dNh..  4529.156103: sched_wakeup: comm=kworker/u32:1 pid=19010 prio=120 target_cpu=004
          <idle>-0       [004] d....  4529.156106: sched_switch: prev_comm=swapper/4 prev_pid=0 prev_prio=120 prev_state=R ==> next_comm=kworker/u32:1 next_pid=19010 next_prio=120
   kworker/u32:1-19010   [004] d....  4529.156108: sched_stat_runtime: comm=kworker/u32:1 pid=19010 runtime=5600 [ns] vruntime=102019959521 [ns]
   kworker/u32:1-19010   [004] d....  4529.156109: sched_switch: prev_comm=kworker/u32:1 prev_pid=19010 prev_prio=120 prev_state=I ==> next_comm=swapper/4 next_pid=0 next_prio=120
          <idle>-0       [000] d.s..  4529.156423: sched_waking: comm=Relay(17547) pid=17959 prio=120 target_cpu=000
          <idle>-0       [000] dNs..  4529.156424: sched_wakeup: comm=Relay(17547) pid=17959 prio=120 target_cpu=000
          <idle>-0       [000] d....  4529.156425: sched_switch: prev_comm=swapper/0 prev_pid=0 prev_prio=120 prev_state=R ==> next_comm=Relay(17547) next_pid=17959 next_prio=120
    Relay(17547)-17959   [000] d....  4529.156437: sched_waking: comm=kworker/u32:1 pid=19010 prio=120 target_cpu=004
    Relay(17547)-17959   [000] d....  4529.156454: sched_waking: comm=sudo pid=18071 prio=120 target_cpu=015
          <idle>-0       [004] dNh..  4529.156460: sched_wakeup: comm=kworker/u32:1 pid=19010 prio=120 target_cpu=004
          <idle>-0       [004] d....  4529.156464: sched_switch: prev_comm=swapper/4 prev_pid=0 prev_prio=120 prev_state=R ==> next_comm=kworker/u32:1 next_pid=19010 next_prio=120
    Relay(17547)-17959   [000] d....  4529.156466: sched_stat_runtime: comm=Relay(17547) pid=17959 runtime=42800 [ns] vruntime=144849199677 [ns]
   kworker/u32:1-19010   [004] d....  4529.156467: sched_stat_runtime: comm=kworker/u32:1 pid=19010 runtime=6800 [ns] vruntime=102019966321 [ns]
    Relay(17547)-17959   [000] d....  4529.156467: sched_switch: prev_comm=Relay(17547) prev_pid=17959 prev_prio=120 prev_state=S ==> next_comm=swapper/0 next_pid=0 next_prio=120
   kworker/u32:1-19010   [004] d....  4529.156467: sched_switch: prev_comm=kworker/u32:1 prev_pid=19010 prev_prio=120 prev_state=I ==> next_comm=swapper/4 next_pid=0 next_prio=120
          <idle>-0       [015] dNh..  4529.156474: sched_wakeup: comm=sudo pid=18071 prio=120 target_cpu=015
          <idle>-0       [015] d....  4529.156478: sched_switch: prev_comm=swapper/15 prev_pid=0 prev_prio=120 prev_state=R ==> next_comm=sudo next_pid=18071 next_prio=120
            sudo-18071   [015] d....  4529.156486: sched_waking: comm=kworker/u32:1 pid=19010 prio=120 target_cpu=004
            sudo-18071   [015] d....  4529.156507: sched_stat_runtime: comm=sudo pid=18071 runtime=33800 [ns] vruntime=189995524551 [ns]
            sudo-18071   [015] d....  4529.156508: sched_switch: prev_comm=sudo prev_pid=18071 prev_prio=120 prev_state=S ==> next_comm=swapper/15 next_pid=0 next_prio=120
          <idle>-0       [004] dNh..  4529.156514: sched_wakeup: comm=kworker/u32:1 pid=19010 prio=120 target_cpu=004
          <idle>-0       [004] d....  4529.156518: sched_switch: prev_comm=swapper/4 prev_pid=0 prev_prio=120 prev_state=R ==> next_comm=kworker/u32:1 next_pid=19010 next_prio=120
   kworker/u32:1-19010   [004] d....  4529.156520: sched_stat_runtime: comm=kworker/u32:1 pid=19010 runtime=7900 [ns] vruntime=102019974221 [ns]
   kworker/u32:1-19010   [004] d....  4529.156521: sched_switch: prev_comm=kworker/u32:1 prev_pid=19010 prev_prio=120 prev_state=I ==> next_comm=swapper/4 next_pid=0 next_prio=120
          <idle>-0       [002] d.h..  4529.158107: sched_waking: comm=Xwayland pid=681 prio=120 target_cpu=002
          <idle>-0       [002] dNh..  4529.158109: sched_wakeup: comm=Xwayland pid=681 prio=120 target_cpu=002
          <idle>-0       [002] d....  4529.158113: sched_switch: prev_comm=swapper/2 prev_pid=0 prev_prio=120 prev_state=R ==> next_comm=Xwayland next_pid=681 next_prio=120
        Xwayland-681     [002] d....  4529.158124: sched_stat_runtime: comm=Xwayland pid=681 runtime=15300 [ns] vruntime=93638128455 [ns]
        Xwayland-681     [002] d....  4529.158124: sched_switch: prev_comm=Xwayland prev_pid=681 prev_prio=120 prev_state=S ==> next_comm=swapper/2 next_pid=0 next_prio=120
          <idle>-0       [000] d.s..  4529.158133: sched_waking: comm=Relay(17547) pid=17959 prio=120 target_cpu=000
          <idle>-0       [000] dNs..  4529.158135: sched_wakeup: comm=Relay(17547) pid=17959 prio=120 target_cpu=000
          <idle>-0       [000] d....  4529.158137: sched_switch: prev_comm=swapper/0 prev_pid=0 prev_prio=120 prev_state=R ==> next_comm=Relay(17547) next_pid=17959 next_prio=120
    Relay(17547)-17959   [000] d....  4529.158150: sched_waking: comm=kworker/u32:1 pid=19010 prio=120 target_cpu=004
    Relay(17547)-17959   [000] d....  4529.158164: sched_waking: comm=sudo pid=18071 prio=120 target_cpu=015
          <idle>-0       [004] dNh..  4529.158173: sched_wakeup: comm=kworker/u32:1 pid=19010 prio=120 target_cpu=004
          <idle>-0       [004] d....  4529.158178: sched_switch: prev_comm=swapper/4 prev_pid=0 prev_prio=120 prev_state=R ==> next_comm=kworker/u32:1 next_pid=19010 next_prio=120
    Relay(17547)-17959   [000] d....  4529.158181: sched_stat_runtime: comm=Relay(17547) pid=17959 runtime=46800 [ns] vruntime=144849246477 [ns]
   kworker/u32:1-19010   [004] d....  4529.158181: sched_stat_runtime: comm=kworker/u32:1 pid=19010 runtime=9000 [ns] vruntime=102019983221 [ns]
    Relay(17547)-17959   [000] d....  4529.158182: sched_switch: prev_comm=Relay(17547) prev_pid=17959 prev_prio=120 prev_state=S ==> next_comm=swapper/0 next_pid=0 next_prio=120
   kworker/u32:1-19010   [004] d....  4529.158182: sched_switch: prev_comm=kworker/u32:1 prev_pid=19010 prev_prio=120 prev_state=I ==> next_comm=swapper/4 next_pid=0 next_prio=120
          <idle>-0       [015] dNh..  4529.158184: sched_wakeup: comm=sudo pid=18071 prio=120 target_cpu=015
          <idle>-0       [015] d....  4529.158186: sched_switch: prev_comm=swapper/15 prev_pid=0 prev_prio=120 prev_state=R ==> next_comm=sudo next_pid=18071 next_prio=120
            sudo-18071   [015] d....  4529.158190: sched_waking: comm=kworker/u32:1 pid=19010 prio=120 target_cpu=004
            sudo-18071   [015] d....  4529.158207: sched_stat_runtime: comm=sudo pid=18071 runtime=23000 [ns] vruntime=189995547551 [ns]
            sudo-18071   [015] d....  4529.158208: sched_switch: prev_comm=sudo prev_pid=18071 prev_prio=120 prev_state=S ==> next_comm=swapper/15 next_pid=0 next_prio=120
          <idle>-0       [004] dNh..  4529.158212: sched_wakeup: comm=kworker/u32:1 pid=19010 prio=120 target_cpu=004
          <idle>-0       [004] d....  4529.158216: sched_switch: prev_comm=swapper/4 prev_pid=0 prev_prio=120 prev_state=R ==> next_comm=kworker/u32:1 next_pid=19010 next_prio=120
   kworker/u32:1-19010   [004] d....  4529.158217: sched_stat_runtime: comm=kworker/u32:1 pid=19010 runtime=5900 [ns] vruntime=102019989121 [ns]
   kworker/u32:1-19010   [004] d....  4529.158218: sched_switch: prev_comm=kworker/u32:1 prev_pid=19010 prev_prio=120 prev_state=I ==> next_comm=swapper/4 next_pid=0 next_prio=120
          <idle>-0       [000] d.s..  4529.159167: sched_waking: comm=Relay(17547) pid=17959 prio=120 target_cpu=000
          <idle>-0       [000] dNs..  4529.159168: sched_wakeup: comm=Relay(17547) pid=17959 prio=120 target_cpu=000
          <idle>-0       [000] d....  4529.159169: sched_switch: prev_comm=swapper/0 prev_pid=0 prev_prio=120 prev_state=R ==> next_comm=Relay(17547) next_pid=17959 next_prio=120
    Relay(17547)-17959   [000] d....  4529.159178: sched_waking: comm=kworker/u32:1 pid=19010 prio=120 target_cpu=004
    Relay(17547)-17959   [000] d....  4529.159193: sched_waking: comm=sudo pid=18071 prio=120 target_cpu=015
          <idle>-0       [004] dNh..  4529.159203: sched_wakeup: comm=kworker/u32:1 pid=19010 prio=120 target_cpu=004
          <idle>-0       [004] d....  4529.159208: sched_switch: prev_comm=swapper/4 prev_pid=0 prev_prio=120 prev_state=R ==> next_comm=kworker/u32:1 next_pid=19010 next_prio=120
    Relay(17547)-17959   [000] d....  4529.159210: sched_stat_runtime: comm=Relay(17547) pid=17959 runtime=42600 [ns] vruntime=144849289077 [ns]
   kworker/u32:1-19010   [004] d....  4529.159211: sched_stat_runtime: comm=kworker/u32:1 pid=19010 runtime=8800 [ns] vruntime=102019997921 [ns]
    Relay(17547)-17959   [000] d....  4529.159211: sched_switch: prev_comm=Relay(17547) prev_pid=17959 prev_prio=120 prev_state=S ==> next_comm=swapper/0 next_pid=0 next_prio=120
   kworker/u32:1-19010   [004] d....  4529.159211: sched_switch: prev_comm=kworker/u32:1 prev_pid=19010 prev_prio=120 prev_state=I ==> next_comm=swapper/4 next_pid=0 next_prio=120
          <idle>-0       [015] dNh..  4529.159213: sched_wakeup: comm=sudo pid=18071 prio=120 target_cpu=015
          <idle>-0       [015] d....  4529.159215: sched_switch: prev_comm=swapper/15 prev_pid=0 prev_prio=120 prev_state=R ==> next_comm=sudo next_pid=18071 next_prio=120
            sudo-18071   [015] d....  4529.159243: sched_waking: comm=kworker/u32:1 pid=19010 prio=120 target_cpu=004
            sudo-18071   [015] d....  4529.159264: sched_stat_runtime: comm=sudo pid=18071 runtime=50400 [ns] vruntime=189995597951 [ns]
            sudo-18071   [015] d....  4529.159264: sched_switch: prev_comm=sudo prev_pid=18071 prev_prio=120 prev_state=S ==> next_comm=swapper/15 next_pid=0 next_prio=120
          <idle>-0       [004] dNh..  4529.159265: sched_wakeup: comm=kworker/u32:1 pid=19010 prio=120 target_cpu=004
          <idle>-0       [004] d....  4529.159270: sched_switch: prev_comm=swapper/4 prev_pid=0 prev_prio=120 prev_state=R ==> next_comm=kworker/u32:1 next_pid=19010 next_prio=120
   kworker/u32:1-19010   [004] d....  4529.159272: sched_stat_runtime: comm=kworker/u32:1 pid=19010 runtime=7000 [ns] vruntime=102020004921 [ns]
   kworker/u32:1-19010   [004] d....  4529.159272: sched_switch: prev_comm=kworker/u32:1 prev_pid=19010 prev_prio=120 prev_state=I ==> next_comm=swapper/4 next_pid=0 next_prio=120
          <idle>-0       [000] d.s..  4529.160192: sched_waking: comm=Relay(17547) pid=17959 prio=120 target_cpu=000
          <idle>-0       [000] dNs..  4529.160193: sched_wakeup: comm=Relay(17547) pid=17959 prio=120 target_cpu=000
          <idle>-0       [000] d....  4529.160195: sched_switch: prev_comm=swapper/0 prev_pid=0 prev_prio=120 prev_state=R ==> next_comm=Relay(17547) next_pid=17959 next_prio=120
    Relay(17547)-17959   [000] d....  4529.160207: sched_waking: comm=kworker/u32:1 pid=19010 prio=120 target_cpu=004
    Relay(17547)-17959   [000] d....  4529.160218: sched_waking: comm=sudo pid=18071 prio=120 target_cpu=015
          <idle>-0       [004] dNh..  4529.160227: sched_wakeup: comm=kworker/u32:1 pid=19010 prio=120 target_cpu=004
          <idle>-0       [004] d....  4529.160231: sched_switch: prev_comm=swapper/4 prev_pid=0 prev_prio=120 prev_state=R ==> next_comm=kworker/u32:1 next_pid=19010 next_prio=120
    Relay(17547)-17959   [000] d....  4529.160234: sched_stat_runtime: comm=Relay(17547) pid=17959 runtime=41100 [ns] vruntime=144849330177 [ns]
   kworker/u32:1-19010   [004] d....  4529.160234: sched_stat_runtime: comm=kworker/u32:1 pid=19010 runtime=8100 [ns] vruntime=102020013021 [ns]
    Relay(17547)-17959   [000] d....  4529.160235: sched_switch: prev_comm=Relay(17547) prev_pid=17959 prev_prio=120 prev_state=S ==> next_comm=swapper/0 next_pid=0 next_prio=120
   kworker/u32:1-19010   [004] d....  4529.160235: sched_switch: prev_comm=kworker/u32:1 prev_pid=19010 prev_prio=120 prev_state=I ==> next_comm=swapper/4 next_pid=0 next_prio=120
          <idle>-0       [015] dNh..  4529.160237: sched_wakeup: comm=sudo pid=18071 prio=120 target_cpu=015
          <idle>-0       [015] d....  4529.160239: sched_switch: prev_comm=swapper/15 prev_pid=0 prev_prio=120 prev_state=R ==> next_comm=sudo next_pid=18071 next_prio=120
            sudo-18071   [015] d....  4529.160244: sched_waking: comm=kworker/u32:1 pid=19010 prio=120 target_cpu=004
            sudo-18071   [015] d....  4529.160261: sched_stat_runtime: comm=sudo pid=18071 runtime=23900 [ns] vruntime=189995621851 [ns]
            sudo-18071   [015] d....  4529.160261: sched_switch: prev_comm=sudo prev_pid=18071 prev_prio=120 prev_state=S ==> next_comm=swapper/15 next_pid=0 next_prio=120
          <idle>-0       [004] dNh..  4529.160263: sched_wakeup: comm=kworker/u32:1 pid=19010 prio=120 target_cpu=004
          <idle>-0       [004] d....  4529.160266: sched_switch: prev_comm=swapper/4 prev_pid=0 prev_prio=120 prev_state=R ==> next_comm=kworker/u32:1 next_pid=19010 next_prio=120
