sudo-18071   [015] d....  4529.139738: sched_switch: prev_comm=sudo prev_pid=18071 prev_prio=120 prev_state=S ==> next_comm=swapper/15 next_pid=0 next_prio=120
             cat-20580   [002] d....  4529.139810: sched_waking: comm=kworker/u32:3 pid=20635 prio=120 target_cpu=011
          <idle>-0       [011] dNh..  4529.139830: sched_wakeup: comm=kworker/u32:3 pid=20635 prio=120 target_cpu=011
          <idle>-0       [011] d....  4529.139833: sched_switch: prev_comm=swapper/11 prev_pid=0 prev_prio=120 prev_state=R ==> next_comm=kworker/u32:3 next_pid=20635 next_prio=120
             cat-20580   [002] d....  4529.139834: sched_waking: comm=kworker/u32:0 pid=18639 prio=120 target_cpu=009
             cat-20580   [002] d....  4529.139848: sched_waking: comm=kworker/u32:3 pid=20635 prio=120 target_cpu=011
   kworker/u32:3-20635   [011] d....  4529.139848: sched_stat_runtime: comm=kworker/u32:3 pid=20635 runtime=18800 [ns] vruntime=241130820053 [ns]
   kworker/u32:3-20635   [011] d....  4529.139849: sched_switch: prev_comm=kworker/u32:3 prev_pid=20635 prev_prio=120 prev_state=R ==> next_comm=swapper/11 next_pid=0 next_prio=120
             cat-20580   [002] d....  4529.139849: sched_wake_idle_without_ipi: cpu=11
          <idle>-0       [011] dN...  4529.139850: sched_wakeup: comm=kworker/u32:3 pid=20635 prio=120 target_cpu=011
          <idle>-0       [011] d....  4529.139850: sched_switch: prev_comm=swapper/11 prev_pid=0 prev_prio=120 prev_state=R ==> next_comm=kworker/u32:3 next_pid=20635 next_prio=120
   kworker/u32:3-20635   [011] d....  4529.139851: sched_stat_runtime: comm=kworker/u32:3 pid=20635 runtime=1600 [ns] vruntime=241130821653 [ns]
   kworker/u32:3-20635   [011] d....  4529.139851: sched_switch: prev_comm=kworker/u32:3 prev_pid=20635 prev_prio=120 prev_state=I ==> next_comm=swapper/11 next_pid=0 next_prio=120
             cat-20580   [002] d....  4529.139852: sched_waking: comm=kworker/u32:3 pid=20635 prio=120 target_cpu=011
             cat-20580   [002] d....  4529.139852: sched_wake_idle_without_ipi: cpu=11
          <idle>-0       [011] dN...  4529.139855: sched_wakeup: comm=kworker/u32:3 pid=20635 prio=120 target_cpu=011
          <idle>-0       [011] d....  4529.139855: sched_switch: prev_comm=swapper/11 prev_pid=0 prev_prio=120 prev_state=R ==> next_comm=kworker/u32:3 next_pid=20635 next_prio=120
   kworker/u32:3-20635   [011] d....  4529.139857: sched_stat_runtime: comm=kworker/u32:3 pid=20635 runtime=1900 [ns] vruntime=241130823553 [ns]
             cat-20580   [002] d....  4529.139857: sched_waking: comm=kworker/u32:3 pid=20635 prio=120 target_cpu=011
   kworker/u32:3-20635   [011] d....  4529.139857: sched_switch: prev_comm=kworker/u32:3 prev_pid=20635 prev_prio=120 prev_state=R ==> next_comm=swapper/11 next_pid=0 next_prio=120
          <idle>-0       [011] dNh..  4529.139862: sched_wakeup: comm=kworker/u32:3 pid=20635 prio=120 target_cpu=011
          <idle>-0       [011] d....  4529.139863: sched_switch: prev_comm=swapper/11 prev_pid=0 prev_prio=120 prev_state=R ==> next_comm=kworker/u32:3 next_pid=20635 next_prio=120
          <idle>-0       [009] dNh..  4529.139864: sched_wakeup: comm=kworker/u32:0 pid=18639 prio=120 target_cpu=009
   kworker/u32:3-20635   [011] d....  4529.139864: sched_stat_runtime: comm=kworker/u32:3 pid=20635 runtime=2600 [ns] vruntime=241130826153 [ns]
   kworker/u32:3-20635   [011] d....  4529.139864: sched_switch: prev_comm=kworker/u32:3 prev_pid=20635 prev_prio=120 prev_state=I ==> next_comm=swapper/11 next_pid=0 next_prio=120
          <idle>-0       [009] d....  4529.139868: sched_switch: prev_comm=swapper/9 prev_pid=0 prev_prio=120 prev_state=R ==> next_comm=kworker/u32:0 next_pid=18639 next_prio=120
   kworker/u32:0-18639   [009] d....  4529.139869: sched_stat_runtime: comm=kworker/u32:0 pid=18639 runtime=6600 [ns] vruntime=42241531576 [ns]
   kworker/u32:0-18639   [009] d....  4529.139870: sched_switch: prev_comm=kworker/u32:0 prev_pid=18639 prev_prio=120 prev_state=I ==> next_comm=swapper/9 next_pid=0 next_prio=120
             cat-20580   [002] d....  4529.139947: sched_waking: comm=kworker/u32:0 pid=18639 prio=120 target_cpu=009
          <idle>-0       [009] dNh..  4529.139964: sched_wakeup: comm=kworker/u32:0 pid=18639 prio=120 target_cpu=009
          <idle>-0       [009] d....  4529.139967: sched_switch: prev_comm=swapper/9 prev_pid=0 prev_prio=120 prev_state=R ==> next_comm=kworker/u32:0 next_pid=18639 next_prio=120
   kworker/u32:0-18639   [009] d....  4529.139968: sched_stat_runtime: comm=kworker/u32:0 pid=18639 runtime=4700 [ns] vruntime=42241536276 [ns]
             cat-20580   [002] d....  4529.139969: sched_waking: comm=kworker/u32:0 pid=18639 prio=120 target_cpu=009
   kworker/u32:0-18639   [009] d....  4529.139969: sched_switch: prev_comm=kworker/u32:0 prev_pid=18639 prev_prio=120 prev_state=I ==> next_comm=swapper/9 next_pid=0 next_prio=120
             cat-20580   [002] d....  4529.139969: sched_wake_idle_without_ipi: cpu=9
          <idle>-0       [009] dN...  4529.139970: sched_wakeup: comm=kworker/u32:0 pid=18639 prio=120 target_cpu=009
          <idle>-0       [009] d....  4529.139970: sched_switch: prev_comm=swapper/9 prev_pid=0 prev_prio=120 prev_state=R ==> next_comm=kworker/u32:0 next_pid=18639 next_prio=120
   kworker/u32:0-18639   [009] d....  4529.139971: sched_stat_runtime: comm=kworker/u32:0 pid=18639 runtime=1000 [ns] vruntime=42241537276 [ns]
             cat-20580   [002] d....  4529.139971: sched_waking: comm=kworker/u32:0 pid=18639 prio=120 target_cpu=009
   kworker/u32:0-18639   [009] d....  4529.139971: sched_switch: prev_comm=kworker/u32:0 prev_pid=18639 prev_prio=120 prev_state=I ==> next_comm=swapper/9 next_pid=0 next_prio=120
             cat-20580   [002] d....  4529.139971: sched_wake_idle_without_ipi: cpu=9
          <idle>-0       [009] dN...  4529.139972: sched_wakeup: comm=kworker/u32:0 pid=18639 prio=120 target_cpu=009
          <idle>-0       [009] d....  4529.139972: sched_switch: prev_comm=swapper/9 prev_pid=0 prev_prio=120 prev_state=R ==> next_comm=kworker/u32:0 next_pid=18639 next_prio=120
   kworker/u32:0-18639   [009] d....  4529.139973: sched_stat_runtime: comm=kworker/u32:0 pid=18639 runtime=1000 [ns] vruntime=42241538276 [ns]
             cat-20580   [002] d....  4529.139973: sched_waking: comm=kworker/u32:0 pid=18639 prio=120 target_cpu=009
   kworker/u32:0-18639   [009] d....  4529.139973: sched_switch: prev_comm=kworker/u32:0 prev_pid=18639 prev_prio=120 prev_state=R ==> next_comm=swapper/9 next_pid=0 next_prio=120
          <idle>-0       [009] dNh..  4529.139977: sched_wakeup: comm=kworker/u32:0 pid=18639 prio=120 target_cpu=009
          <idle>-0       [009] d....  4529.139979: sched_switch: prev_comm=swapper/9 prev_pid=0 prev_prio=120 prev_state=R ==> next_comm=kworker/u32:0 next_pid=18639 next_prio=120
   kworker/u32:0-18639   [009] d....  4529.139980: sched_stat_runtime: comm=kworker/u32:0 pid=18639 runtime=2500 [ns] vruntime=42241540776 [ns]
             cat-20580   [002] d....  4529.139980: sched_waking: comm=kworker/u32:0 pid=18639 prio=120 target_cpu=009
   kworker/u32:0-18639   [009] d....  4529.139980: sched_switch: prev_comm=kworker/u32:0 prev_pid=18639 prev_prio=120 prev_state=I ==> next_comm=swapper/9 next_pid=0 next_prio=120
          <idle>-0       [009] dNh..  4529.139984: sched_wakeup: comm=kworker/u32:0 pid=18639 prio=120 target_cpu=009
          <idle>-0       [009] d....  4529.139986: sched_switch: prev_comm=swapper/9 prev_pid=0 prev_prio=120 prev_state=R ==> next_comm=kworker/u32:0 next_pid=18639 next_prio=120
   kworker/u32:0-18639   [009] d....  4529.139986: sched_stat_runtime: comm=kworker/u32:0 pid=18639 runtime=2400 [ns] vruntime=42241543176 [ns]
   kworker/u32:0-18639   [009] d....  4529.139986: sched_switch: prev_comm=kworker/u32:0 prev_pid=18639 prev_prio=120 prev_state=I ==> next_comm=swapper/9 next_pid=0 next_prio=120
             cat-20580   [002] d....  4529.140062: sched_waking: comm=kworker/u32:0 pid=18639 prio=120 target_cpu=009
          <idle>-0       [009] dNh..  4529.140082: sched_wakeup: comm=kworker/u32:0 pid=18639 prio=120 target_cpu=009
          <idle>-0       [009] d....  4529.140085: sched_switch: prev_comm=swapper/9 prev_pid=0 prev_prio=120 prev_state=R ==> next_comm=kworker/u32:0 next_pid=18639 next_prio=120
             cat-20580   [002] d....  4529.140086: sched_waking: comm=kworker/u32:3 pid=20635 prio=120 target_cpu=011
   kworker/u32:0-18639   [009] d....  4529.140100: sched_stat_runtime: comm=kworker/u32:0 pid=18639 runtime=17800 [ns] vruntime=42241560976 [ns]
             cat-20580   [002] d....  4529.140100: sched_waking: comm=kworker/u32:0 pid=18639 prio=120 target_cpu=009
   kworker/u32:0-18639   [009] d....  4529.140100: sched_switch: prev_comm=kworker/u32:0 prev_pid=18639 prev_prio=120 prev_state=R ==> next_comm=swapper/9 next_pid=0 next_prio=120
          <idle>-0       [009] dNh..  4529.140105: sched_wakeup: comm=kworker/u32:0 pid=18639 prio=120 target_cpu=009
          <idle>-0       [009] d....  4529.140106: sched_switch: prev_comm=swapper/9 prev_pid=0 prev_prio=120 prev_state=R ==> next_comm=kworker/u32:0 next_pid=18639 next_prio=120
   kworker/u32:0-18639   [009] d....  4529.140107: sched_stat_runtime: comm=kworker/u32:0 pid=18639 runtime=2600 [ns] vruntime=42241563576 [ns]
             cat-20580   [002] d....  4529.140107: sched_waking: comm=kworker/u32:0 pid=18639 prio=120 target_cpu=009
   kworker/u32:0-18639   [009] d....  4529.140108: sched_switch: prev_comm=kworker/u32:0 prev_pid=18639 prev_prio=120 prev_state=R ==> next_comm=swapper/9 next_pid=0 next_prio=120
          <idle>-0       [009] dNh..  4529.140111: sched_wakeup: comm=kworker/u32:0 pid=18639 prio=120 target_cpu=009
          <idle>-0       [009] d....  4529.140113: sched_switch: prev_comm=swapper/9 prev_pid=0 prev_prio=120 prev_state=R ==> next_comm=kworker/u32:0 next_pid=18639 next_prio=120
   kworker/u32:0-18639   [009] d....  4529.140114: sched_stat_runtime: comm=kworker/u32:0 pid=18639 runtime=2400 [ns] vruntime=42241565976 [ns]
   kworker/u32:0-18639   [009] d....  4529.140114: sched_switch: prev_comm=kworker/u32:0 prev_pid=18639 prev_prio=120 prev_state=I ==> next_comm=swapper/9 next_pid=0 next_prio=120
          <idle>-0       [011] dNh..  4529.140116: sched_wakeup: comm=kworker/u32:3 pid=20635 prio=120 target_cpu=011
          <idle>-0       [011] d....  4529.140120: sched_switch: prev_comm=swapper/11 prev_pid=0 prev_prio=120 prev_state=R ==> next_comm=kworker/u32:3 next_pid=20635 next_prio=120
   kworker/u32:3-20635   [011] d....  4529.140122: sched_stat_runtime: comm=kworker/u32:3 pid=20635 runtime=7000 [ns] vruntime=241130833153 [ns]
   kworker/u32:3-20635   [011] d....  4529.140123: sched_switch: prev_comm=kworker/u32:3 prev_pid=20635 prev_prio=120 prev_state=I ==> next_comm=swapper/11 next_pid=0 next_prio=120
             cat-20580   [002] d....  4529.140193: sched_waking: comm=kworker/u32:3 pid=20635 prio=120 target_cpu=011
          <idle>-0       [011] dNh..  4529.140218: sched_wakeup: comm=kworker/u32:3 pid=20635 prio=120 target_cpu=011
          <idle>-0       [011] d....  4529.140222: sched_switch: prev_comm=swapper/11 prev_pid=0 prev_prio=120 prev_state=R ==> next_comm=kworker/u32:3 next_pid=20635 next_prio=120
             cat-20580   [002] d....  4529.140223: sched_waking: comm=kworker/u32:0 pid=18639 prio=120 target_cpu=009
          <idle>-0       [000] d.s..  4529.140223: sched_waking: comm=Relay(17547) pid=17959 prio=120 target_cpu=000
          <idle>-0       [000] dNs..  4529.140225: sched_wakeup: comm=Relay(17547) pid=17959 prio=120 target_cpu=000
          <idle>-0       [000] d....  4529.140225: sched_switch: prev_comm=swapper/0 prev_pid=0 prev_prio=120 prev_state=R ==> next_comm=Relay(17547) next_pid=17959 next_prio=120
             cat-20580   [002] d....  4529.140236: sched_waking: comm=kworker/u32:3 pid=20635 prio=120 target_cpu=011
   kworker/u32:3-20635   [011] d....  4529.140236: sched_stat_runtime: comm=kworker/u32:3 pid=20635 runtime=18000 [ns] vruntime=241130851153 [ns]
   kworker/u32:3-20635   [011] d....  4529.140236: sched_switch: prev_comm=kworker/u32:3 prev_pid=20635 prev_prio=120 prev_state=R ==> next_comm=swapper/11 next_pid=0 next_prio=120
             cat-20580   [002] d....  4529.140237: sched_wake_idle_without_ipi: cpu=11
    Relay(17547)-17959   [000] d....  4529.140237: sched_waking: comm=sudo pid=18071 prio=120 target_cpu=015
          <idle>-0       [011] dN...  4529.140237: sched_wakeup: comm=kworker/u32:3 pid=20635 prio=120 target_cpu=011
          <idle>-0       [011] d....  4529.140238: sched_switch: prev_comm=swapper/11 prev_pid=0 prev_prio=120 prev_state=R ==> next_comm=kworker/u32:3 next_pid=20635 next_prio=120
   kworker/u32:3-20635   [011] d....  4529.140241: sched_stat_runtime: comm=kworker/u32:3 pid=20635 runtime=3500 [ns] vruntime=241130854653 [ns]
             cat-20580   [002] d....  4529.140241: sched_waking: comm=kworker/u32:3 pid=20635 prio=120 target_cpu=011
   kworker/u32:3-20635   [011] d....  4529.140241: sched_switch: prev_comm=kworker/u32:3 prev_pid=20635 prev_prio=120 prev_state=R ==> next_comm=swapper/11 next_pid=0 next_prio=120
          <idle>-0       [009] dNh..  4529.140243: sched_wakeup: comm=kworker/u32:0 pid=18639 prio=120 target_cpu=009
             cat-20580   [002] d....  4529.140245: sched_stat_runtime: comm=cat pid=20580 runtime=2093900 [ns] vruntime=93647879155 [ns]
          <idle>-0       [009] d....  4529.140245: sched_switch: prev_comm=swapper/9 prev_pid=0 prev_prio=120 prev_state=R ==> next_comm=kworker/u32:0 next_pid=18639 next_prio=120
   kworker/u32:0-18639   [009] d....  4529.140247: sched_stat_runtime: comm=kworker/u32:0 pid=18639 runtime=4400 [ns] vruntime=42241570376 [ns]
             cat-20580   [002] d....  4529.140247: sched_switch: prev_comm=cat prev_pid=20580 prev_prio=120 prev_state=S ==> next_comm=swapper/2 next_pid=0 next_prio=120
   kworker/u32:0-18639   [009] d....  4529.140247: sched_switch: prev_comm=kworker/u32:0 prev_pid=18639 prev_prio=120 prev_state=I ==> next_comm=swapper/9 next_pid=0 next_prio=120
          <idle>-0       [011] dNh..  4529.140249: sched_wakeup: comm=kworker/u32:3 pid=20635 prio=120 target_cpu=011
          <idle>-0       [011] d....  4529.140251: sched_switch: prev_comm=swapper/11 prev_pid=0 prev_prio=120 prev_state=R ==> next_comm=kworker/u32:3 next_pid=20635 next_prio=120
   kworker/u32:3-20635   [011] d....  4529.140252: sched_stat_runtime: comm=kworker/u32:3 pid=20635 runtime=3500 [ns] vruntime=241130858153 [ns]
   kworker/u32:3-20635   [011] d....  4529.140252: sched_switch: prev_comm=kworker/u32:3 prev_pid=20635 prev_prio=120 prev_state=I ==> next_comm=swapper/11 next_pid=0 next_prio=120
    Relay(17547)-17959   [000] d....  4529.140254: sched_stat_runtime: comm=Relay(17547) pid=17959 runtime=30300 [ns] vruntime=144848490777 [ns]
    Relay(17547)-17959   [000] d....  4529.140255: sched_switch: prev_comm=Relay(17547) prev_pid=17959 prev_prio=120 prev_state=S ==> next_comm=swapper/0 next_pid=0 next_prio=120
          <idle>-0       [015] dNh..  4529.140257: sched_wakeup: comm=sudo pid=18071 prio=120 target_cpu=015
          <idle>-0       [015] d....  4529.140260: sched_switch: prev_comm=swapper/15 prev_pid=0 prev_prio=120 prev_state=R ==> next_comm=sudo next_pid=18071 next_prio=120
            sudo-18071   [015] d....  4529.140266: sched_waking: comm=kworker/u32:3 pid=20635 prio=120 target_cpu=011
            sudo-18071   [015] d....  4529.140283: sched_stat_runtime: comm=sudo pid=18071 runtime=25800 [ns] vruntime=189994481351 [ns]
            sudo-18071   [015] d....  4529.140283: sched_switch: prev_comm=sudo prev_pid=18071 prev_prio=120 prev_state=S ==> next_comm=swapper/15 next_pid=0 next_prio=120
          <idle>-0       [011] dNh..  4529.140286: sched_wakeup: comm=kworker/u32:3 pid=20635 prio=120 target_cpu=011
          <idle>-0       [011] d....  4529.140289: sched_switch: prev_comm=swapper/11 prev_pid=0 prev_prio=120 prev_state=R ==> next_comm=kworker/u32:3 next_pid=20635 next_prio=120
   kworker/u32:3-20635   [011] d....  4529.140290: sched_stat_runtime: comm=kworker/u32:3 pid=20635 runtime=4700 [ns] vruntime=241130862853 [ns]
   kworker/u32:3-20635   [011] d....  4529.140291: sched_switch: prev_comm=kworker/u32:3 prev_pid=20635 prev_prio=120 prev_state=I ==> next_comm=swapper/11 next_pid=0 next_prio=120
          <idle>-0       [000] d.s..  4529.141152: sched_waking: comm=Relay(17547) pid=17959 prio=120 target_cpu=000
          <idle>-0       [000] dNs..  4529.141154: sched_wakeup: comm=Relay(17547) pid=17959 prio=120 target_cpu=000
          <idle>-0       [000] d....  4529.141156: sched_switch: prev_comm=swapper/0 prev_pid=0 prev_prio=120 prev_state=R ==> next_comm=Relay(17547) next_pid=17959 next_prio=120
    Relay(17547)-17959   [000] d....  4529.141168: sched_waking: comm=kworker/u32:3 pid=20635 prio=120 target_cpu=011
    Relay(17547)-17959   [000] d....  4529.141183: sched_waking: comm=sudo pid=18071 prio=120 target_cpu=015
          <idle>-0       [011] dNh..  4529.141190: sched_wakeup: comm=kworker/u32:3 pid=20635 prio=120 target_cpu=011
          <idle>-0       [011] d....  4529.141193: sched_switch: prev_comm=swapper/11 prev_pid=0 prev_prio=120 prev_state=R ==> next_comm=kworker/u32:3 next_pid=20635 next_prio=120
    Relay(17547)-17959   [000] d....  4529.141196: sched_stat_runtime: comm=Relay(17547) pid=17959 runtime=42800 [ns] vruntime=144848533577 [ns]
   kworker/u32:3-20635   [011] d....  4529.141196: sched_stat_runtime: comm=kworker/u32:3 pid=20635 runtime=7000 [ns] vruntime=241130869853 [ns]
    Relay(17547)-17959   [000] d....  4529.141197: sched_switch: prev_comm=Relay(17547) prev_pid=17959 prev_prio=120 prev_state=S ==> next_comm=swapper/0 next_pid=0 next_prio=120
   kworker/u32:3-20635   [011] d....  4529.141197: sched_switch: prev_comm=kworker/u32:3 prev_pid=20635 prev_prio=120 prev_state=I ==> next_comm=swapper/11 next_pid=0 next_prio=120
          <idle>-0       [015] dNh..  4529.141204: sched_wakeup: comm=sudo pid=18071 prio=120 target_cpu=015
          <idle>-0       [015] d....  4529.141207: sched_switch: prev_comm=swapper/15 prev_pid=0 prev_prio=120 prev_state=R ==> next_comm=sudo next_pid=18071 next_prio=120
            sudo-18071   [015] d....  4529.141214: sched_waking: comm=kworker/u32:3 pid=20635 prio=120 target_cpu=011
            sudo-18071   [015] d....  4529.141232: sched_stat_runtime: comm=sudo pid=18071 runtime=29000 [ns] vruntime=189994510351 [ns]
            sudo-18071   [015] d....  4529.141233: sched_switch: prev_comm=sudo prev_pid=18071 prev_prio=120 prev_state=S ==> next_comm=swapper/15 next_pid=0 next_prio=120
          <idle>-0       [011] dNh..  4529.141236: sched_wakeup: comm=kworker/u32:3 pid=20635 prio=120 target_cpu=011
          <idle>-0       [011] d....  4529.141239: sched_switch: prev_comm=swapper/11 prev_pid=0 prev_prio=120 prev_state=R ==> next_comm=kworker/u32:3 next_pid=20635 next_prio=120
   kworker/u32:3-20635   [011] d....  4529.141242: sched_stat_runtime: comm=kworker/u32:3 pid=20635 runtime=6400 [ns] vruntime=241130876253 [ns]
   kworker/u32:3-20635   [011] d....  4529.141242: sched_switch: prev_comm=kworker/u32:3 prev_pid=20635 prev_prio=120 prev_state=I ==> next_comm=swapper/11 next_pid=0 next_prio=120
          <idle>-0       [000] d.h..  4529.141957: sched_waking: comm=snapd pid=581 prio=120 target_cpu=000
          <idle>-0       [000] dNh..  4529.141959: sched_wakeup: comm=snapd pid=581 prio=120 target_cpu=000
          <idle>-0       [000] d....  4529.141962: sched_switch: prev_comm=swapper/0 prev_pid=0 prev_prio=120 prev_state=R ==> next_comm=snapd next_pid=581 next_prio=120
           <...>-581     [000] d....  4529.141969: sched_stat_runtime: comm=snapd pid=581 runtime=10400 [ns] vruntime=144836543977 [ns]
           <...>-581     [000] d....  4529.141970: sched_switch: prev_comm=snapd prev_pid=581 prev_prio=120 prev_state=S ==> next_comm=swapper/0 next_pid=0 next_prio=120
           <...>-20610   [014] d.h..  4529.142158: sched_stat_runtime: comm=stress pid=20610 runtime=9999800 [ns] vruntime=151664654249 [ns]
           <...>-20607   [007] d.h..  4529.142158: sched_stat_runtime: comm=stress pid=20607 runtime=9997800 [ns] vruntime=246929584022 [ns]
           <...>-20606   [013] d.h..  4529.142159: sched_stat_runtime: comm=stress pid=20606 runtime=10002100 [ns] vruntime=62900512336 [ns]
           <...>-20612   [001] d.h..  4529.142159: sched_stat_runtime: comm=stress pid=20612 runtime=9998500 [ns] vruntime=78081583964 [ns]
           <...>-20615   [006] d.h..  4529.142159: sched_stat_runtime: comm=stress pid=20615 runtime=9998900 [ns] vruntime=86824751588 [ns]
           <...>-20608   [008] d.h..  4529.142159: sched_stat_runtime: comm=stress pid=20608 runtime=10000700 [ns] vruntime=141916940908 [ns]
           <...>-20613   [010] d.h..  4529.142159: sched_stat_runtime: comm=stress pid=20613 runtime=10000800 [ns] vruntime=153929283044 [ns]
          stress-20609   [003] d.h..  4529.142160: sched_stat_runtime: comm=stress pid=20609 runtime=9998400 [ns] vruntime=43040056397 [ns]
           <...>-20614   [012] d.h..  4529.142160: sched_stat_runtime: comm=stress pid=20614 runtime=9996900 [ns] vruntime=86924508756 [ns]
          stress-20611   [005] d.h..  4529.142161: sched_stat_runtime: comm=stress pid=20611 runtime=10000100 [ns] vruntime=36669005416 [ns]
          <idle>-0       [000] d.s..  4529.142466: sched_waking: comm=Relay(17547) pid=17959 prio=120 target_cpu=000
          <idle>-0       [000] dNs..  4529.142468: sched_wakeup: comm=Relay(17547) pid=17959 prio=120 target_cpu=000
          <idle>-0       [000] d....  4529.142469: sched_switch: prev_comm=swapper/0 prev_pid=0 prev_prio=120 prev_state=R ==> next_comm=Relay(17547) next_pid=17959 next_prio=120
    Relay(17547)-17959   [000] d....  4529.142482: sched_waking: comm=kworker/u32:3 pid=20635 prio=120 target_cpu=011
    Relay(17547)-17959   [000] d....  4529.142497: sched_waking: comm=sudo pid=18071 prio=120 target_cpu=015
          <idle>-0       [011] dNh..  4529.142505: sched_wakeup: comm=kworker/u32:3 pid=20635 prio=120 target_cpu=011
          <idle>-0       [011] d....  4529.142507: sched_switch: prev_comm=swapper/11 prev_pid=0 prev_prio=120 prev_state=R ==> next_comm=kworker/u32:3 next_pid=20635 next_prio=120
    Relay(17547)-17959   [000] d....  4529.142510: sched_stat_runtime: comm=Relay(17547) pid=17959 runtime=42300 [ns] vruntime=144848575877 [ns]
   kworker/u32:3-20635   [011] d....  4529.142510: sched_stat_runtime: comm=kworker/u32:3 pid=20635 runtime=6400 [ns] vruntime=241130882653 [ns]
    Relay(17547)-17959   [000] d....  4529.142511: sched_switch: prev_comm=Relay(17547) prev_pid=17959 prev_prio=120 prev_state=S ==> next_comm=swapper/0 next_pid=0 next_prio=120
   kworker/u32:3-20635   [011] d....  4529.142511: sched_switch: prev_comm=kworker/u32:3 prev_pid=20635 prev_prio=120 prev_state=I ==> next_comm=swapper/11 next_pid=0 next_prio=120
          <idle>-0       [015] dNh..  4529.142526: sched_wakeup: comm=sudo pid=18071 prio=120 target_cpu=015
          <idle>-0       [015] d....  4529.142531: sched_switch: prev_comm=swapper/15 prev_pid=0 prev_prio=120 prev_state=R ==> next_comm=sudo next_pid=18071 next_prio=120
            sudo-18071   [015] d....  4529.142539: sched_waking: comm=kworker/u32:3 pid=20635 prio=120 target_cpu=011
          <idle>-0       [011] dNh..  4529.142566: sched_wakeup: comm=kworker/u32:3 pid=20635 prio=120 target_cpu=011
            sudo-18071   [015] d....  4529.142567: sched_stat_runtime: comm=sudo pid=18071 runtime=41900 [ns] vruntime=189994552251 [ns]
          <idle>-0       [011] d....  4529.142568: sched_switch: prev_comm=swapper/11 prev_pid=0 prev_prio=120 prev_state=R ==> next_comm=kworker/u32:3 next_pid=20635 next_prio=120
            sudo-18071   [015] d....  4529.142568: sched_switch: prev_comm=sudo prev_pid=18071 prev_prio=120 prev_state=S ==> next_comm=swapper/15 next_pid=0 next_prio=120
   kworker/u32:3-20635   [011] d....  4529.142570: sched_stat_runtime: comm=kworker/u32:3 pid=20635 runtime=4000 [ns] vruntime=241130886653 [ns]
   kworker/u32:3-20635   [011] d....  4529.142570: sched_switch: prev_comm=kworker/u32:3 prev_pid=20635 prev_prio=120 prev_state=I ==> next_comm=swapper/11 next_pid=0 next_prio=120
          <idle>-0       [000] d.s..  4529.143474: sched_waking: comm=Relay(17547) pid=17959 prio=120 target_cpu=000
          <idle>-0       [000] dNs..  4529.143475: sched_wakeup: comm=Relay(17547) pid=17959 prio=120 target_cpu=000
          <idle>-0       [000] d....  4529.143477: sched_switch: prev_comm=swapper/0 prev_pid=0 prev_prio=120 prev_state=R ==> next_comm=Relay(17547) next_pid=17959 next_prio=120
    Relay(17547)-17959   [000] d....  4529.143489: sched_waking: comm=kworker/u32:3 pid=20635 prio=120 target_cpu=011
    Relay(17547)-17959   [000] d....  4529.143505: sched_waking: comm=sudo pid=18071 prio=120 target_cpu=015
          <idle>-0       [011] dNh..  4529.143513: sched_wakeup: comm=kworker/u32:3 pid=20635 prio=120 target_cpu=011
          <idle>-0       [011] d....  4529.143515: sched_switch: prev_comm=swapper/11 prev_pid=0 prev_prio=120 prev_state=R ==> next_comm=kworker/u32:3 next_pid=20635 next_prio=120
    Relay(17547)-17959   [000] d....  4529.143517: sched_stat_runtime: comm=Relay(17547) pid=17959 runtime=42700 [ns] vruntime=144848618577 [ns]
   kworker/u32:3-20635   [011] d....  4529.143518: sched_stat_runtime: comm=kworker/u32:3 pid=20635 runtime=6100 [ns] vruntime=241130892753 [ns]
    Relay(17547)-17959   [000] d....  4529.143518: sched_switch: prev_comm=Relay(17547) prev_pid=17959 prev_prio=120 prev_state=S ==> next_comm=swapper/0 next_pid=0 next_prio=120
   kworker/u32:3-20635   [011] d....  4529.143519: sched_switch: prev_comm=kworker/u32:3 prev_pid=20635 prev_prio=120 prev_state=I ==> next_comm=swapper/11 next_pid=0 next_prio=120
          <idle>-0       [015] dNh..  4529.143534: sched_wakeup: comm=sudo pid=18071 prio=120 target_cpu=015
          <idle>-0       [015] d....  4529.143539: sched_switch: prev_comm=swapper/15 prev_pid=0 prev_prio=120 prev_state=R ==> next_comm=sudo next_pid=18071 next_prio=120
            sudo-18071   [015] d....  4529.143548: sched_waking: comm=kworker/u32:3 pid=20635 prio=120 target_cpu=011
          <idle>-0       [011] dNh..  4529.143573: sched_wakeup: comm=kworker/u32:3 pid=20635 prio=120 target_cpu=011
          <idle>-0       [011] d....  4529.143574: sched_switch: prev_comm=swapper/11 prev_pid=0 prev_prio=120 prev_state=R ==> next_comm=kworker/u32:3 next_pid=20635 next_prio=120
   kworker/u32:3-20635   [011] d....  4529.143575: sched_stat_runtime: comm=kworker/u32:3 pid=20635 runtime=1900 [ns] vruntime=241130894653 [ns]
   kworker/u32:3-20635   [011] d....  4529.143575: sched_switch: prev_comm=kworker/u32:3 prev_pid=20635 prev_prio=120 prev_state=I ==> next_comm=swapper/11 next_pid=0 next_prio=120
            sudo-18071   [015] d....  4529.143576: sched_stat_runtime: comm=sudo pid=18071 runtime=42200 [ns] vruntime=189994594451 [ns]
            sudo-18071   [015] d....  4529.143577: sched_switch: prev_comm=sudo prev_pid=18071 prev_prio=120 prev_state=S ==> next_comm=swapper/15 next_pid=0 next_prio=120
          <idle>-0       [000] d.s..  4529.144420: sched_waking: comm=Relay(17547) pid=17959 prio=120 target_cpu=000
          <idle>-0       [000] dNs..  4529.144421: sched_wakeup: comm=Relay(17547) pid=17959 prio=120 target_cpu=000
          <idle>-0       [000] d....  4529.144422: sched_switch: prev_comm=swapper/0 prev_pid=0 prev_prio=120 prev_state=R ==> next_comm=Relay(17547) next_pid=17959 next_prio=120
    Relay(17547)-17959   [000] d....  4529.144432: sched_waking: comm=kworker/u32:3 pid=20635 prio=120 target_cpu=011
    Relay(17547)-17959   [000] d....  4529.144446: sched_waking: comm=sudo pid=18071 prio=120 target_cpu=015
    Relay(17547)-17959   [000] d....  4529.144458: sched_stat_runtime: comm=Relay(17547) pid=17959 runtime=37900 [ns] vruntime=144848656477 [ns]
          <idle>-0       [011] dNh..  4529.144466: sched_wakeup: comm=kworker/u32:3 pid=20635 prio=120 target_cpu=011
          <idle>-0       [011] d....  4529.144469: sched_switch: prev_comm=swapper/11 prev_pid=0 prev_prio=120 prev_state=R ==> next_comm=kworker/u32:3 next_pid=20635 next_prio=120
    Relay(17547)-17959   [000] d....  4529.144469: sched_switch: prev_comm=Relay(17547) prev_pid=17959 prev_prio=120 prev_state=S ==> next_comm=swapper/0 next_pid=0 next_prio=120
   kworker/u32:3-20635   [011] d....  4529.144473: sched_stat_runtime: comm=kworker/u32:3 pid=20635 runtime=8100 [ns] vruntime=241130902753 [ns]
   kworker/u32:3-20635   [011] d....  4529.144474: sched_switch: prev_comm=kworker/u32:3 prev_pid=20635 prev_prio=120 prev_state=I ==> next_comm=swapper/11 next_pid=0 next_prio=120
          <idle>-0       [015] dNh..  4529.144474: sched_wakeup: comm=sudo pid=18071 prio=120 target_cpu=015
          <idle>-0       [015] d....  4529.144479: sched_switch: prev_comm=swapper/15 prev_pid=0 prev_prio=120 prev_state=R ==> next_comm=sudo next_pid=18071 next_prio=120
            sudo-18071   [015] d....  4529.144487: sched_waking: comm=kworker/u32:3 pid=20635 prio=120 target_cpu=011
            sudo-18071   [015] d....  4529.144512: sched_stat_runtime: comm=sudo pid=18071 runtime=39500 [ns] vruntime=189994633951 [ns]
            sudo-18071   [015] d....  4529.144513: sched_switch: prev_comm=sudo prev_pid=18071 prev_prio=120 prev_state=S ==> next_comm=swapper/15 next_pid=0 next_prio=120
          <idle>-0       [011] dNh..  4529.144517: sched_wakeup: comm=kworker/u32:3 pid=20635 prio=120 target_cpu=011
          <idle>-0       [011] d....  4529.144519: sched_switch: prev_comm=swapper/11 prev_pid=0 prev_prio=120 prev_state=R ==> next_comm=kworker/u32:3 next_pid=20635 next_prio=120
   kworker/u32:3-20635   [011] d....  4529.144520: sched_stat_runtime: comm=kworker/u32:3 pid=20635 runtime=3900 [ns] vruntime=241130906653 [ns]
   kworker/u32:3-20635   [011] d....  4529.144521: sched_switch: prev_comm=kworker/u32:3 prev_pid=20635 prev_prio=120 prev_state=I ==> next_comm=swapper/11 next_pid=0 next_prio=120
          <idle>-0       [000] d.s..  4529.145403: sched_waking: comm=Relay(17547) pid=17959 prio=120 target_cpu=000
          <idle>-0       [000] dNs..  4529.145404: sched_wakeup: comm=Relay(17547) pid=17959 prio=120 target_cpu=000
          <idle>-0       [000] d....  4529.145405: sched_switch: prev_comm=swapper/0 prev_pid=0 prev_prio=120 prev_state=R ==> next_comm=Relay(17547) next_pid=17959 next_prio=120
    Relay(17547)-17959   [000] d....  4529.145415: sched_waking: comm=kworker/u32:3 pid=20635 prio=120 target_cpu=011
    Relay(17547)-17959   [000] d....  4529.145431: sched_waking: comm=sudo pid=18071 prio=120 target_cpu=015
          <idle>-0       [011] dNh..  4529.145439: sched_wakeup: comm=kworker/u32:3 pid=20635 prio=120 target_cpu=011
          <idle>-0       [011] d....  4529.145441: sched_switch: prev_comm=swapper/11 prev_pid=0 prev_prio=120 prev_state=R ==> next_comm=kworker/u32:3 next_pid=20635 next_prio=120
   kworker/u32:3-20635   [011] d....  4529.145445: sched_stat_runtime: comm=kworker/u32:3 pid=20635 runtime=7000 [ns] vruntime=241130913653 [ns]
   kworker/u32:3-20635   [011] d....  4529.145446: sched_switch: prev_comm=kworker/u32:3 prev_pid=20635 prev_prio=120 prev_state=I ==> next_comm=swapper/11 next_pid=0 next_prio=120
    Relay(17547)-17959   [000] d....  4529.145448: sched_stat_runtime: comm=Relay(17547) pid=17959 runtime=44900 [ns] vruntime=144848701377 [ns]
    Relay(17547)-17959   [000] d....  4529.145449: sched_switch: prev_comm=Relay(17547) prev_pid=17959 prev_prio=120 prev_state=S ==> next_comm=swapper/0 next_pid=0 next_prio=120
          <idle>-0       [015] dNh..  4529.145464: sched_wakeup: comm=sudo pid=18071 prio=120 target_cpu=015
          <idle>-0       [015] d....  4529.145469: sched_switch: prev_comm=swapper/15 prev_pid=0 prev_prio=120 prev_state=R ==> next_comm=sudo next_pid=18071 next_prio=120
            sudo-18071   [015] d....  4529.145478: sched_waking: comm=kworker/u32:3 pid=20635 prio=120 target_cpu=011
          <idle>-0       [011] dNh..  4529.145512: sched_wakeup: comm=kworker/u32:3 pid=20635 prio=120 target_cpu=011
          <idle>-0       [011] d....  4529.145512: sched_switch: prev_comm=swapper/11 prev_pid=0 prev_prio=120 prev_state=R ==> next_comm=kworker/u32:3 next_pid=20635 next_prio=120
   kworker/u32:3-20635   [011] d....  4529.145519: sched_stat_runtime: comm=kworker/u32:3 pid=20635 runtime=7700 [ns] vruntime=241130921353 [ns]
   kworker/u32:3-20635   [011] d....  4529.145519: sched_switch: prev_comm=kworker/u32:3 prev_pid=20635 prev_prio=120 prev_state=I ==> next_comm=swapper/11 next_pid=0 next_prio=120
            sudo-18071   [015] d....  4529.145521: sched_waking: comm=kworker/u32:3 pid=20635 prio=120 target_cpu=011
          <idle>-0       [011] dNh..  4529.145542: sched_wakeup: comm=kworker/u32:3 pid=20635 prio=120 target_cpu=011
          <idle>-0       [011] d....  4529.145542: sched_switch: prev_comm=swapper/11 prev_pid=0 prev_prio=120 prev_state=R ==> next_comm=kworker/u32:3 next_pid=20635 next_prio=120
            sudo-18071   [015] d....  4529.145542: sched_stat_runtime: comm=sudo pid=18071 runtime=79900 [ns] vruntime=189994713851 [ns]
   kworker/u32:3-20635   [011] d....  4529.145543: sched_stat_runtime: comm=kworker/u32:3 pid=20635 runtime=1700 [ns] vruntime=241130923053 [ns]
   kworker/u32:3-20635   [011] d....  4529.145544: sched_switch: prev_comm=kworker/u32:3 prev_pid=20635 prev_prio=120 prev_state=I ==> next_comm=swapper/11 next_pid=0 next_prio=120
            sudo-18071   [015] d....  4529.145544: sched_switch: prev_comm=sudo prev_pid=18071 prev_prio=120 prev_state=S ==> next_comm=swapper/15 next_pid=0 next_prio=120
          <idle>-0       [000] d.s..  4529.146362: sched_waking: comm=Relay(17547) pid=17959 prio=120 target_cpu=000
          <idle>-0       [000] dNs..  4529.146363: sched_wakeup: comm=Relay(17547) pid=17959 prio=120 target_cpu=000
          <idle>-0       [000] d....  4529.146365: sched_switch: prev_comm=swapper/0 prev_pid=0 prev_prio=120 prev_state=R ==> next_comm=Relay(17547) next_pid=17959 next_prio=120
    Relay(17547)-17959   [000] d....  4529.146376: sched_waking: comm=kworker/u32:3 pid=20635 prio=120 target_cpu=011
    Relay(17547)-17959   [000] d....  4529.146395: sched_waking: comm=sudo pid=18071 prio=120 target_cpu=015
          <idle>-0       [011] dNh..  4529.146399: sched_wakeup: comm=kworker/u32:3 pid=20635 prio=120 target_cpu=011
          <idle>-0       [011] d....  4529.146400: sched_switch: prev_comm=swapper/11 prev_pid=0 prev_prio=120 prev_state=R ==> next_comm=kworker/u32:3 next_pid=20635 next_prio=120
   kworker/u32:3-20635   [011] d....  4529.146403: sched_stat_runtime: comm=kworker/u32:3 pid=20635 runtime=4000 [ns] vruntime=241130927053 [ns]
   kworker/u32:3-20635   [011] d....  4529.146403: sched_switch: prev_comm=kworker/u32:3 prev_pid=20635 prev_prio=120 prev_state=I ==> next_comm=swapper/11 next_pid=0 next_prio=120
    Relay(17547)-17959   [000] d....  4529.146411: sched_stat_runtime: comm=Relay(17547) pid=17959 runtime=48100 [ns] vruntime=144848749477 [ns]
    Relay(17547)-17959   [000] d....  4529.146412: sched_switch: prev_comm=Relay(17547) prev_pid=17959 prev_prio=120 prev_state=S ==> next_comm=swapper/0 next_pid=0 next_prio=120
          <idle>-0       [015] dNh..  4529.146428: sched_wakeup: comm=sudo pid=18071 prio=120 target_cpu=015
          <idle>-0       [015] d....  4529.146433: sched_switch: prev_comm=swapper/15 prev_pid=0 prev_prio=120 prev_state=R ==> next_comm=sudo next_pid=18071 next_prio=120
            sudo-18071   [015] d....  4529.146442: sched_waking: comm=kworker/u32:3 pid=20635 prio=120 target_cpu=011
            sudo-18071   [015] d....  4529.146470: sched_stat_runtime: comm=sudo pid=18071 runtime=43900 [ns] vruntime=189994757751 [ns]
            sudo-18071   [015] d....  4529.146471: sched_switch: prev_comm=sudo prev_pid=18071 prev_prio=120 prev_state=S ==> next_comm=swapper/15 next_pid=0 next_prio=120
          <idle>-0       [011] dNh..  4529.146472: sched_wakeup: comm=kworker/u32:3 pid=20635 prio=120 target_cpu=011
          <idle>-0       [011] d....  4529.146473: sched_switch: prev_comm=swapper/11 prev_pid=0 prev_prio=120 prev_state=R ==> next_comm=kworker/u32:3 next_pid=20635 next_prio=120
   kworker/u32:3-20635   [011] d....  4529.146473: sched_stat_runtime: comm=kworker/u32:3 pid=20635 runtime=2000 [ns] vruntime=241130929053 [ns]
   kworker/u32:3-20635   [011] d....  4529.146474: sched_switch: prev_comm=kworker/u32:3 prev_pid=20635 prev_prio=120 prev_state=I ==> next_comm=swapper/11 next_pid=0 next_prio=120
          <idle>-0       [000] d.s..  4529.147111: sched_waking: comm=Relay(17547) pid=17959 prio=120 target_cpu=000
          <idle>-0       [000] dNs..  4529.147112: sched_wakeup: comm=Relay(17547) pid=17959 prio=120 target_cpu=000
          <idle>-0       [000] d....  4529.147113: sched_switch: prev_comm=swapper/0 prev_pid=0 prev_prio=120 prev_state=R ==> next_comm=Relay(17547) next_pid=17959 next_prio=120
    Relay(17547)-17959   [000] d....  4529.147121: sched_waking: comm=kworker/u32:3 pid=20635 prio=120 target_cpu=011
    Relay(17547)-17959   [000] d....  4529.147134: sched_waking: comm=sudo pid=18071 prio=120 target_cpu=015
          <idle>-0       [011] dNh..  4529.147144: sched_wakeup: comm=kworker/u32:3 pid=20635 prio=120 target_cpu=011
          <idle>-0       [011] d....  4529.147146: sched_switch: prev_comm=swapper/11 prev_pid=0 prev_prio=120 prev_state=R ==> next_comm=kworker/u32:3 next_pid=20635 next_prio=120
    Relay(17547)-17959   [000] d....  4529.147147: sched_stat_runtime: comm=Relay(17547) pid=17959 runtime=35900 [ns] vruntime=144848785377 [ns]
    Relay(17547)-17959   [000] d....  4529.147149: sched_switch: prev_comm=Relay(17547) prev_pid=17959 prev_prio=120 prev_state=S ==> next_comm=swapper/0 next_pid=0 next_prio=120
   kworker/u32:3-20635   [011] d....  4529.147149: sched_stat_runtime: comm=kworker/u32:3 pid=20635 runtime=7200 [ns] vruntime=241130936253 [ns]
   kworker/u32:3-20635   [011] d....  4529.147150: sched_switch: prev_comm=kworker/u32:3 prev_pid=20635 prev_prio=120 prev_state=I ==> next_comm=swapper/11 next_pid=0 next_prio=120
          <idle>-0       [015] dNh..  4529.147156: sched_wakeup: comm=sudo pid=18071 prio=120 target_cpu=015
          <idle>-0       [015] d....  4529.147160: sched_switch: prev_comm=swapper/15 prev_pid=0 prev_prio=120 prev_state=R ==> next_comm=sudo next_pid=18071 next_prio=120
            sudo-18071   [015] d....  4529.147166: sched_waking: comm=kworker/u32:3 pid=20635 prio=120 target_cpu=011
            sudo-18071   [015] d....  4529.147181: sched_stat_runtime: comm=sudo pid=18071 runtime=25900 [ns] vruntime=189994783651 [ns]
            sudo-18071   [015] d....  4529.147181: sched_switch: prev_comm=sudo prev_pid=18071 prev_prio=120 prev_state=S ==> next_comm=swapper/15 next_pid=0 next_prio=120
          <idle>-0       [011] dNh..  4529.147184: sched_wakeup: comm=kworker/u32:3 pid=20635 prio=120 target_cpu=011
          <idle>-0       [011] d....  4529.147185: sched_switch: prev_comm=swapper/11 prev_pid=0 prev_prio=120 prev_state=R ==> next_comm=kworker/u32:3 next_pid=20635 next_prio=120
   kworker/u32:3-20635   [011] d....  4529.147186: sched_stat_runtime: comm=kworker/u32:3 pid=20635 runtime=1800 [ns] vruntime=241130938053 [ns]
   kworker/u32:3-20635   [011] d....  4529.147186: sched_switch: prev_comm=kworker/u32:3 prev_pid=20635 prev_prio=120 prev_state=I ==> next_comm=swapper/11 next_pid=0 next_prio=120
          <idle>-0       [002] d.h..  4529.148019: sched_waking: comm=Xwayland pid=681 prio=120 target_cpu=002
          <idle>-0       [002] dNh..  4529.148020: sched_wakeup: comm=Xwayland pid=681 prio=120 target_cpu=002
          <idle>-0       [002] d....  4529.148025: sched_switch: prev_comm=swapper/2 prev_pid=0 prev_prio=120 prev_state=R ==> next_comm=Xwayland next_pid=681 next_prio=120
        Xwayland-681     [002] d....  4529.148036: sched_stat_runtime: comm=Xwayland pid=681 runtime=16500 [ns] vruntime=93635895655 [ns]
        Xwayland-681     [002] d....  4529.148037: sched_switch: prev_comm=Xwayland prev_pid=681 prev_prio=120 prev_state=S ==> next_comm=swapper/2 next_pid=0 next_prio=120
          <idle>-0       [000] d.s..  4529.148124: sched_waking: comm=Relay(17547) pid=17959 prio=120 target_cpu=000
          <idle>-0       [000] dNs..  4529.148125: sched_wakeup: comm=Relay(17547) pid=17959 prio=120 target_cpu=000
          <idle>-0       [000] d....  4529.148126: sched_switch: prev_comm=swapper/0 prev_pid=0 prev_prio=120 prev_state=R ==> next_comm=Relay(17547) next_pid=17959 next_prio=120
    Relay(17547)-17959   [000] d....  4529.148139: sched_waking: comm=kworker/u32:3 pid=20635 prio=120 target_cpu=011
    Relay(17547)-17959   [000] d....  4529.148157: sched_waking: comm=sudo pid=18071 prio=120 target_cpu=015
          <idle>-0       [011] dNh..  4529.148164: sched_wakeup: comm=kworker/u32:3 pid=20635 prio=120 target_cpu=011
          <idle>-0       [011] d....  4529.148166: sched_switch: prev_comm=swapper/11 prev_pid=0 prev_prio=120 prev_state=R ==> next_comm=kworker/u32:3 next_pid=20635 next_prio=120
   kworker/u32:3-20635   [011] d....  4529.148170: sched_stat_runtime: comm=kworker/u32:3 pid=20635 runtime=5900 [ns] vruntime=241130943953 [ns]
   kworker/u32:3-20635   [011] d....  4529.148171: sched_switch: prev_comm=kworker/u32:3 prev_pid=20635 prev_prio=120 prev_state=I ==> next_comm=swapper/11 next_pid=0 next_prio=120
    Relay(17547)-17959   [000] d....  4529.148174: sched_stat_runtime: comm=Relay(17547) pid=17959 runtime=49800 [ns] vruntime=144848835177 [ns]
    Relay(17547)-17959   [000] d....  4529.148175: sched_switch: prev_comm=Relay(17547) prev_pid=17959 prev_prio=120 prev_state=S ==> next_comm=swapper/0 next_pid=0 next_prio=120
          <idle>-0       [015] dNh..  4529.148182: sched_wakeup: comm=sudo pid=18071 prio=120 target_cpu=015
          <idle>-0       [015] d....  4529.148186: sched_switch: prev_comm=swapper/15 prev_pid=0 prev_prio=120 prev_state=R ==> next_comm=sudo next_pid=18071 next_prio=120
            sudo-18071   [015] d....  4529.148194: sched_waking: comm=kworker/u32:3 pid=20635 prio=120 target_cpu=011
            sudo-18071   [015] d....  4529.148218: sched_stat_runtime: comm=sudo pid=18071 runtime=37300 [ns] vruntime=189994820951 [ns]
          <idle>-0       [011] dNh..  4529.148219: sched_wakeup: comm=kworker/u32:3 pid=20635 prio=120 target_cpu=011
            sudo-18071   [015] d....  4529.148220: sched_switch: prev_comm=sudo prev_pid=18071 prev_prio=120 prev_state=S ==> next_comm=swapper/15 next_pid=0 next_prio=120
          <idle>-0       [011] d....  4529.148221: sched_switch: prev_comm=swapper/11 prev_pid=0 prev_prio=120 prev_state=R ==> next_comm=kworker/u32:3 next_pid=20635 next_prio=120
   kworker/u32:3-20635   [011] d....  4529.148223: sched_stat_runtime: comm=kworker/u32:3 pid=20635 runtime=4200 [ns] vruntime=241130948153 [ns]
   kworker/u32:3-20635   [011] d....  4529.148223: sched_switch: prev_comm=kworker/u32:3 prev_pid=20635 prev_prio=120 prev_state=I ==> next_comm=swapper/11 next_pid=0 next_prio=120
          <idle>-0       [000] d.s..  4529.148901: sched_waking: comm=Relay(17547) pid=17959 prio=120 target_cpu=000
          <idle>-0       [000] dNs..  4529.148902: sched_wakeup: comm=Relay(17547) pid=17959 prio=120 target_cpu=000
          <idle>-0       [000] d....  4529.148903: sched_switch: prev_comm=swapper/0 prev_pid=0 prev_prio=120 prev_state=R ==> next_comm=Relay(17547) next_pid=17959 next_prio=120
    Relay(17547)-17959   [000] d....  4529.148913: sched_waking: comm=kworker/u32:3 pid=20635 prio=120 target_cpu=011
    Relay(17547)-17959   [000] d....  4529.148927: sched_waking: comm=sudo pid=18071 prio=120 target_cpu=015
          <idle>-0       [011] dNh..  4529.148936: sched_wakeup: comm=kworker/u32:3 pid=20635 prio=120 target_cpu=011
          <idle>-0       [011] d....  4529.148938: sched_switch: prev_comm=swapper/11 prev_pid=0 prev_prio=120 prev_state=R ==> next_comm=kworker/u32:3 next_pid=20635 next_prio=120
    Relay(17547)-17959   [000] d....  4529.148940: sched_stat_runtime: comm=Relay(17547) pid=17959 runtime=38000 [ns] vruntime=144848873177 [ns]
   kworker/u32:3-20635   [011] d....  4529.148941: sched_stat_runtime: comm=kworker/u32:3 pid=20635 runtime=5700 [ns] vruntime=241130953853 [ns]
    Relay(17547)-17959   [000] d....  4529.148941: sched_switch: prev_comm=Relay(17547) prev_pid=17959 prev_prio=120 prev_state=S ==> next_comm=swapper/0 next_pid=0 next_prio=120
   kworker/u32:3-20635   [011] d....  4529.148941: sched_switch: prev_comm=kworker/u32:3 prev_pid=20635 prev_prio=120 prev_state=I ==> next_comm=swapper/11 next_pid=0 next_prio=120
          <idle>-0       [015] dNh..  4529.148949: sched_wakeup: comm=sudo pid=18071 prio=120 target_cpu=015
          <idle>-0       [015] d....  4529.148953: sched_switch: prev_comm=swapper/15 prev_pid=0 prev_prio=120 prev_state=R ==> next_comm=sudo next_pid=18071 next_prio=120
            sudo-18071   [015] d....  4529.148959: sched_waking: comm=kworker/u32:3 pid=20635 prio=120 target_cpu=011
            sudo-18071   [015] d....  4529.148976: sched_stat_runtime: comm=sudo pid=18071 runtime=27200 [ns] vruntime=189994848151 [ns]
            sudo-18071   [015] d....  4529.148977: sched_switch: prev_comm=sudo prev_pid=18071 prev_prio=120 prev_state=S ==> next_comm=swapper/15 next_pid=0 next_prio=120
          <idle>-0       [011] dNh..  4529.148981: sched_wakeup: comm=kworker/u32:3 pid=20635 prio=120 target_cpu=011
          <idle>-0       [011] d....  4529.148982: sched_switch: prev_comm=swapper/11 prev_pid=0 prev_prio=120 prev_state=R ==> next_comm=kworker/u32:3 next_pid=20635 next_prio=120
   kworker/u32:3-20635   [011] d....  4529.148985: sched_stat_runtime: comm=kworker/u32:3 pid=20635 runtime=4800 [ns] vruntime=241130958653 [ns]
   kworker/u32:3-20635   [011] d....  4529.148985: sched_switch: prev_comm=kworker/u32:3 prev_pid=20635 prev_prio=120 prev_state=I ==> next_comm=swapper/11 next_pid=0 next_prio=120
          <idle>-0       [000] d.s..  4529.149890: sched_waking: comm=Relay(17547) pid=17959 prio=120 target_cpu=000
          <idle>-0       [000] dNs..  4529.149892: sched_wakeup: comm=Relay(17547) pid=17959 prio=120 target_cpu=000
          <idle>-0       [000] d....  4529.149893: sched_switch: prev_comm=swapper/0 prev_pid=0 prev_prio=120 prev_state=R ==> next_comm=Relay(17547) next_pid=17959 next_prio=120
    Relay(17547)-17959   [000] d....  4529.149902: sched_waking: comm=kworker/u32:3 pid=20635 prio=120 target_cpu=011
    Relay(17547)-17959   [000] d....  4529.149918: sched_waking: comm=sudo pid=18071 prio=120 target_cpu=015
          <idle>-0       [011] dNh..  4529.149927: sched_wakeup: comm=kworker/u32:3 pid=20635 prio=120 target_cpu=011
          <idle>-0       [011] d....  4529.149929: sched_switch: prev_comm=swapper/11 prev_pid=0 prev_prio=120 prev_state=R ==> next_comm=kworker/u32:3 next_pid=20635 next_prio=120
   kworker/u32:3-20635   [011] d....  4529.149932: sched_stat_runtime: comm=kworker/u32:3 pid=20635 runtime=5200 [ns] vruntime=241130963853 [ns]
   kworker/u32:3-20635   [011] d....  4529.149932: sched_switch: prev_comm=kworker/u32:3 prev_pid=20635 prev_prio=120 prev_state=I ==> next_comm=swapper/11 next_pid=0 next_prio=120
    Relay(17547)-17959   [000] d....  4529.149935: sched_stat_runtime: comm=Relay(17547) pid=17959 runtime=44200 [ns] vruntime=144848917377 [ns]
    Relay(17547)-17959   [000] d....  4529.149936: sched_switch: prev_comm=Relay(17547) prev_pid=17959 prev_prio=120 prev_state=S ==> next_comm=swapper/0 next_pid=0 next_prio=120
          <idle>-0       [015] dNh..  4529.149939: sched_wakeup: comm=sudo pid=18071 prio=120 target_cpu=015
          <idle>-0       [015] d....  4529.149942: sched_switch: prev_comm=swapper/15 prev_pid=0 prev_prio=120 prev_state=R ==> next_comm=sudo next_pid=18071 next_prio=120
            sudo-18071   [015] d....  4529.149949: sched_waking: comm=kworker/u32:3 pid=20635 prio=120 target_cpu=011
            sudo-18071   [015] d....  4529.149967: sched_stat_runtime: comm=sudo pid=18071 runtime=28700 [ns] vruntime=189994876851 [ns]
            sudo-18071   [015] d....  4529.149968: sched_switch: prev_comm=sudo prev_pid=18071 prev_prio=120 prev_state=S ==> next_comm=swapper/15 next_pid=0 next_prio=120
          <idle>-0       [011] dNh..  4529.149971: sched_wakeup: comm=kworker/u32:3 pid=20635 prio=120 target_cpu=011
          <idle>-0       [011] d....  4529.149973: sched_switch: prev_comm=swapper/11 prev_pid=0 prev_prio=120 prev_state=R ==> next_comm=kworker/u32:3 next_pid=20635 next_prio=120
   kworker/u32:3-20635   [011] d....  4529.149975: sched_stat_runtime: comm=kworker/u32:3 pid=20635 runtime=4600 [ns] vruntime=241130968453 [ns]
   kworker/u32:3-20635   [011] d....  4529.149976: sched_switch: prev_comm=kworker/u32:3 prev_pid=20635 prev_prio=120 prev_state=I ==> next_comm=swapper/11 next_pid=0 next_prio=120
          <idle>-0       [000] d.s..  4529.150640: sched_waking: comm=Relay(17547) pid=17959 prio=120 target_cpu=000
          <idle>-0       [000] dNs..  4529.150641: sched_wakeup: comm=Relay(17547) pid=17959 prio=120 target_cpu=000
          <idle>-0       [000] d....  4529.150642: sched_switch: prev_comm=swapper/0 prev_pid=0 prev_prio=120 prev_state=R ==> next_comm=Relay(17547) next_pid=17959 next_prio=120
    Relay(17547)-17959   [000] d....  4529.150652: sched_waking: comm=kworker/u32:3 pid=20635 prio=120 target_cpu=011
    Relay(17547)-17959   [000] d....  4529.150665: sched_waking: comm=sudo pid=18071 prio=120 target_cpu=015
          <idle>-0       [011] dNh..  4529.150673: sched_wakeup: comm=kworker/u32:3 pid=20635 prio=120 target_cpu=011
