          <idle>-0       [004] dNh..  4529.170986: sched_wakeup: comm=kworker/u32:1 pid=19010 prio=120 target_cpu=004
          <idle>-0       [004] d....  4529.170989: sched_switch: prev_comm=swapper/4 prev_pid=0 prev_prio=120 prev_state=R ==> next_comm=kworker/u32:1 next_pid=19010 next_prio=120
          <idle>-0       [009] dNh..  4529.170989: sched_wakeup: comm=sudo pid=18071 prio=120 target_cpu=009
   kworker/u32:1-19010   [004] d....  4529.170990: sched_switch: prev_comm=kworker/u32:1 prev_pid=19010 prev_prio=120 prev_state=I ==> next_comm=swapper/4 next_pid=0 next_prio=120
          <idle>-0       [009] d....  4529.170991: sched_switch: prev_comm=swapper/9 prev_pid=0 prev_prio=120 prev_state=R ==> next_comm=sudo next_pid=18071 next_prio=120
            sudo-18071   [009] d....  4529.171005: sched_switch: prev_comm=sudo prev_pid=18071 prev_prio=120 prev_state=S ==> next_comm=swapper/9 next_pid=0 next_prio=120
             cat-20580   [002] d....  4529.171068: sched_waking: comm=kworker/u32:1 pid=19010 prio=120 target_cpu=004
          <idle>-0       [004] dNh..  4529.171088: sched_wakeup: comm=kworker/u32:1 pid=19010 prio=120 target_cpu=004
          <idle>-0       [004] d....  4529.171092: sched_switch: prev_comm=swapper/4 prev_pid=0 prev_prio=120 prev_state=R ==> next_comm=kworker/u32:1 next_pid=19010 next_prio=120
             cat-20580   [002] d....  4529.171093: sched_waking: comm=kworker/u32:3 pid=20635 prio=120 target_cpu=011
   kworker/u32:1-19010   [004] d....  4529.171094: sched_waking: comm=sudo pid=18071 prio=120 target_cpu=009
             cat-20580   [002] d....  4529.171097: sched_waking: comm=kworker/u32:1 pid=19010 prio=120 target_cpu=004
          <idle>-0       [009] dNh..  4529.171098: sched_wakeup: comm=sudo pid=18071 prio=120 target_cpu=009
   kworker/u32:1-19010   [004] d....  4529.171098: sched_switch: prev_comm=kworker/u32:1 prev_pid=19010 prev_prio=120 prev_state=R ==> next_comm=swapper/4 next_pid=0 next_prio=120
          <idle>-0       [004] dN...  4529.171099: sched_wakeup: comm=kworker/u32:1 pid=19010 prio=120 target_cpu=004
          <idle>-0       [004] d....  4529.171100: sched_switch: prev_comm=swapper/4 prev_pid=0 prev_prio=120 prev_state=R ==> next_comm=kworker/u32:1 next_pid=19010 next_prio=120
          <idle>-0       [009] d....  4529.171100: sched_switch: prev_comm=swapper/9 prev_pid=0 prev_prio=120 prev_state=R ==> next_comm=sudo next_pid=18071 next_prio=120
          <idle>-0       [011] dNh..  4529.171101: sched_wakeup: comm=kworker/u32:3 pid=20635 prio=120 target_cpu=011
          <idle>-0       [011] d....  4529.171101: sched_switch: prev_comm=swapper/11 prev_pid=0 prev_prio=120 prev_state=R ==> next_comm=kworker/u32:3 next_pid=20635 next_prio=120
   kworker/u32:1-19010   [004] d....  4529.171102: sched_switch: prev_comm=kworker/u32:1 prev_pid=19010 prev_prio=120 prev_state=I ==> next_comm=swapper/4 next_pid=0 next_prio=120
             cat-20580   [002] d....  4529.171102: sched_waking: comm=kworker/u32:1 pid=19010 prio=120 target_cpu=004
             cat-20580   [002] d....  4529.171106: sched_waking: comm=kworker/u32:3 pid=20635 prio=120 target_cpu=011
   kworker/u32:3-20635   [011] d....  4529.171107: sched_switch: prev_comm=kworker/u32:3 prev_pid=20635 prev_prio=120 prev_state=R ==> next_comm=swapper/11 next_pid=0 next_prio=120
          <idle>-0       [004] dNh..  4529.171108: sched_wakeup: comm=kworker/u32:1 pid=19010 prio=120 target_cpu=004
          <idle>-0       [004] d....  4529.171111: sched_switch: prev_comm=swapper/4 prev_pid=0 prev_prio=120 prev_state=R ==> next_comm=kworker/u32:1 next_pid=19010 next_prio=120
          <idle>-0       [011] dNh..  4529.171111: sched_wakeup: comm=kworker/u32:3 pid=20635 prio=120 target_cpu=011
          <idle>-0       [011] d....  4529.171112: sched_switch: prev_comm=swapper/11 prev_pid=0 prev_prio=120 prev_state=R ==> next_comm=kworker/u32:3 next_pid=20635 next_prio=120
   kworker/u32:1-19010   [004] d....  4529.171112: sched_waking: comm=sudo pid=18071 prio=120 target_cpu=009
            sudo-18071   [009] d....  4529.171112: sched_switch: prev_comm=sudo prev_pid=18071 prev_prio=120 prev_state=D ==> next_comm=swapper/9 next_pid=0 next_prio=120
   kworker/u32:3-20635   [011] d....  4529.171112: sched_switch: prev_comm=kworker/u32:3 prev_pid=20635 prev_prio=120 prev_state=I ==> next_comm=swapper/11 next_pid=0 next_prio=120
   kworker/u32:1-19010   [004] d....  4529.171116: sched_switch: prev_comm=kworker/u32:1 prev_pid=19010 prev_prio=120 prev_state=I ==> next_comm=swapper/4 next_pid=0 next_prio=120
          <idle>-0       [009] dNh..  4529.171118: sched_wakeup: comm=sudo pid=18071 prio=120 target_cpu=009
          <idle>-0       [009] d....  4529.171120: sched_switch: prev_comm=swapper/9 prev_pid=0 prev_prio=120 prev_state=R ==> next_comm=sudo next_pid=18071 next_prio=120
            sudo-18071   [009] d....  4529.171125: sched_switch: prev_comm=sudo prev_pid=18071 prev_prio=120 prev_state=S ==> next_comm=swapper/9 next_pid=0 next_prio=120
             cat-20580   [002] d....  4529.171201: sched_waking: comm=kworker/u32:1 pid=19010 prio=120 target_cpu=004
          <idle>-0       [004] dNh..  4529.171219: sched_wakeup: comm=kworker/u32:1 pid=19010 prio=120 target_cpu=004
          <idle>-0       [004] d....  4529.171223: sched_switch: prev_comm=swapper/4 prev_pid=0 prev_prio=120 prev_state=R ==> next_comm=kworker/u32:1 next_pid=19010 next_prio=120
             cat-20580   [002] d....  4529.171225: sched_waking: comm=kworker/u32:3 pid=20635 prio=120 target_cpu=011
   kworker/u32:1-19010   [004] d....  4529.171226: sched_waking: comm=sudo pid=18071 prio=120 target_cpu=009
             cat-20580   [002] d....  4529.171229: sched_waking: comm=kworker/u32:1 pid=19010 prio=120 target_cpu=004
          <idle>-0       [009] dNh..  4529.171230: sched_wakeup: comm=sudo pid=18071 prio=120 target_cpu=009
   kworker/u32:1-19010   [004] d....  4529.171230: sched_switch: prev_comm=kworker/u32:1 prev_pid=19010 prev_prio=120 prev_state=I ==> next_comm=swapper/4 next_pid=0 next_prio=120
          <idle>-0       [009] d....  4529.171232: sched_switch: prev_comm=swapper/9 prev_pid=0 prev_prio=120 prev_state=R ==> next_comm=sudo next_pid=18071 next_prio=120
          <idle>-0       [011] dNh..  4529.171233: sched_wakeup: comm=kworker/u32:3 pid=20635 prio=120 target_cpu=011
          <idle>-0       [011] d....  4529.171234: sched_switch: prev_comm=swapper/11 prev_pid=0 prev_prio=120 prev_state=R ==> next_comm=kworker/u32:3 next_pid=20635 next_prio=120
          <idle>-0       [004] dN...  4529.171236: sched_wakeup: comm=kworker/u32:1 pid=19010 prio=120 target_cpu=004
          <idle>-0       [004] d....  4529.171237: sched_switch: prev_comm=swapper/4 prev_pid=0 prev_prio=120 prev_state=R ==> next_comm=kworker/u32:1 next_pid=19010 next_prio=120
   kworker/u32:1-19010   [004] d....  4529.171238: sched_switch: prev_comm=kworker/u32:1 prev_pid=19010 prev_prio=120 prev_state=I ==> next_comm=swapper/4 next_pid=0 next_prio=120
             cat-20580   [002] d....  4529.171239: sched_waking: comm=kworker/u32:3 pid=20635 prio=120 target_cpu=011
   kworker/u32:3-20635   [011] d....  4529.171239: sched_switch: prev_comm=kworker/u32:3 prev_pid=20635 prev_prio=120 prev_state=R ==> next_comm=swapper/11 next_pid=0 next_prio=120
          <idle>-0       [011] dNh..  4529.171244: sched_wakeup: comm=kworker/u32:3 pid=20635 prio=120 target_cpu=011
          <idle>-0       [011] d....  4529.171244: sched_switch: prev_comm=swapper/11 prev_pid=0 prev_prio=120 prev_state=R ==> next_comm=kworker/u32:3 next_pid=20635 next_prio=120
   kworker/u32:3-20635   [011] d....  4529.171246: sched_switch: prev_comm=kworker/u32:3 prev_pid=20635 prev_prio=120 prev_state=I ==> next_comm=swapper/11 next_pid=0 next_prio=120
            sudo-18071   [009] d....  4529.171249: sched_switch: prev_comm=sudo prev_pid=18071 prev_prio=120 prev_state=S ==> next_comm=swapper/9 next_pid=0 next_prio=120
             cat-20580   [002] d....  4529.171331: sched_waking: comm=kworker/u32:3 pid=20635 prio=120 target_cpu=011
          <idle>-0       [011] dNh..  4529.171342: sched_wakeup: comm=kworker/u32:3 pid=20635 prio=120 target_cpu=011
          <idle>-0       [011] d....  4529.171343: sched_switch: prev_comm=swapper/11 prev_pid=0 prev_prio=120 prev_state=R ==> next_comm=kworker/u32:3 next_pid=20635 next_prio=120
             cat-20580   [002] d....  4529.171344: sched_waking: comm=kworker/u32:1 pid=19010 prio=120 target_cpu=004
   kworker/u32:3-20635   [011] d....  4529.171345: sched_waking: comm=sudo pid=18071 prio=120 target_cpu=009
          <idle>-0       [004] dNh..  4529.171365: sched_wakeup: comm=kworker/u32:1 pid=19010 prio=120 target_cpu=004
   kworker/u32:3-20635   [011] d....  4529.171366: sched_switch: prev_comm=kworker/u32:3 prev_pid=20635 prev_prio=120 prev_state=I ==> next_comm=swapper/11 next_pid=0 next_prio=120
             cat-20580   [002] d....  4529.171366: sched_waking: comm=kworker/u32:3 pid=20635 prio=120 target_cpu=011
          <idle>-0       [009] dNh..  4529.171366: sched_wakeup: comm=sudo pid=18071 prio=120 target_cpu=009
          <idle>-0       [011] dN...  4529.171367: sched_wakeup: comm=kworker/u32:3 pid=20635 prio=120 target_cpu=011
          <idle>-0       [011] d....  4529.171367: sched_switch: prev_comm=swapper/11 prev_pid=0 prev_prio=120 prev_state=R ==> next_comm=kworker/u32:3 next_pid=20635 next_prio=120
          <idle>-0       [004] d....  4529.171369: sched_switch: prev_comm=swapper/4 prev_pid=0 prev_prio=120 prev_state=R ==> next_comm=kworker/u32:1 next_pid=19010 next_prio=120
   kworker/u32:3-20635   [011] d....  4529.171369: sched_switch: prev_comm=kworker/u32:3 prev_pid=20635 prev_prio=120 prev_state=I ==> next_comm=swapper/11 next_pid=0 next_prio=120
          <idle>-0       [009] d....  4529.171369: sched_switch: prev_comm=swapper/9 prev_pid=0 prev_prio=120 prev_state=R ==> next_comm=sudo next_pid=18071 next_prio=120
             cat-20580   [002] d....  4529.171369: sched_waking: comm=kworker/u32:3 pid=20635 prio=120 target_cpu=011
          <idle>-0       [011] dN...  4529.171369: sched_wakeup: comm=kworker/u32:3 pid=20635 prio=120 target_cpu=011
          <idle>-0       [011] d....  4529.171370: sched_switch: prev_comm=swapper/11 prev_pid=0 prev_prio=120 prev_state=R ==> next_comm=kworker/u32:3 next_pid=20635 next_prio=120
   kworker/u32:3-20635   [011] d....  4529.171370: sched_switch: prev_comm=kworker/u32:3 prev_pid=20635 prev_prio=120 prev_state=I ==> next_comm=swapper/11 next_pid=0 next_prio=120
   kworker/u32:1-19010   [004] d....  4529.171372: sched_switch: prev_comm=kworker/u32:1 prev_pid=19010 prev_prio=120 prev_state=I ==> next_comm=swapper/4 next_pid=0 next_prio=120
            sudo-18071   [009] d....  4529.171381: sched_switch: prev_comm=sudo prev_pid=18071 prev_prio=120 prev_state=S ==> next_comm=swapper/9 next_pid=0 next_prio=120
             cat-20580   [002] d....  4529.171460: sched_waking: comm=kworker/u32:1 pid=19010 prio=120 target_cpu=004
          <idle>-0       [004] dNh..  4529.171485: sched_wakeup: comm=kworker/u32:1 pid=19010 prio=120 target_cpu=004
          <idle>-0       [004] d....  4529.171488: sched_switch: prev_comm=swapper/4 prev_pid=0 prev_prio=120 prev_state=R ==> next_comm=kworker/u32:1 next_pid=19010 next_prio=120
             cat-20580   [002] d....  4529.171490: sched_waking: comm=kworker/u32:3 pid=20635 prio=120 target_cpu=011
   kworker/u32:1-19010   [004] d....  4529.171490: sched_waking: comm=sudo pid=18071 prio=120 target_cpu=009
   kworker/u32:1-19010   [004] d....  4529.171493: sched_switch: prev_comm=kworker/u32:1 prev_pid=19010 prev_prio=120 prev_state=I ==> next_comm=swapper/4 next_pid=0 next_prio=120
          <idle>-0       [009] dNh..  4529.171495: sched_wakeup: comm=sudo pid=18071 prio=120 target_cpu=009
          <idle>-0       [011] dNh..  4529.171496: sched_wakeup: comm=kworker/u32:3 pid=20635 prio=120 target_cpu=011
          <idle>-0       [011] d....  4529.171497: sched_switch: prev_comm=swapper/11 prev_pid=0 prev_prio=120 prev_state=R ==> next_comm=kworker/u32:3 next_pid=20635 next_prio=120
   kworker/u32:3-20635   [011] d....  4529.171498: sched_switch: prev_comm=kworker/u32:3 prev_pid=20635 prev_prio=120 prev_state=I ==> next_comm=swapper/11 next_pid=0 next_prio=120
          <idle>-0       [009] d....  4529.171498: sched_switch: prev_comm=swapper/9 prev_pid=0 prev_prio=120 prev_state=R ==> next_comm=sudo next_pid=18071 next_prio=120
             cat-20580   [002] d....  4529.171507: sched_waking: comm=kworker/u32:3 pid=20635 prio=120 target_cpu=011
          <idle>-0       [011] dNh..  4529.171524: sched_wakeup: comm=kworker/u32:3 pid=20635 prio=120 target_cpu=011
             cat-20580   [002] d....  4529.171526: sched_waking: comm=kworker/u32:1 pid=19010 prio=120 target_cpu=004
   kworker/u32:3-20635   [011] d....  4529.171527: sched_waking: comm=sudo pid=18071 prio=120 target_cpu=009
             cat-20580   [002] d....  4529.171528: sched_waking: comm=kworker/u32:3 pid=20635 prio=120 target_cpu=011
          <idle>-0       [009] dNh..  4529.171530: sched_wakeup: comm=sudo pid=18071 prio=120 target_cpu=009
          <idle>-0       [011] dNh..  4529.171532: sched_wakeup: comm=kworker/u32:3 pid=20635 prio=120 target_cpu=011
          <idle>-0       [004] dNh..  4529.171542: sched_wakeup: comm=kworker/u32:1 pid=19010 prio=120 target_cpu=004
             cat-20580   [002] d....  4529.171622: sched_waking: comm=kworker/u32:1 pid=19010 prio=120 target_cpu=004
          <idle>-0       [004] dNh..  4529.171642: sched_wakeup: comm=kworker/u32:1 pid=19010 prio=120 target_cpu=004
             cat-20580   [002] d....  4529.171648: sched_waking: comm=kworker/u32:3 pid=20635 prio=120 target_cpu=011
   kworker/u32:1-19010   [004] d....  4529.171648: sched_waking: comm=sudo pid=18071 prio=120 target_cpu=009
          <idle>-0       [011] dNh..  4529.171653: sched_wakeup: comm=kworker/u32:3 pid=20635 prio=120 target_cpu=011
          <idle>-0       [009] dNh..  4529.171667: sched_wakeup: comm=sudo pid=18071 prio=120 target_cpu=009
          <idle>-0       [000] d.s..  4529.171676: sched_waking: comm=Relay(17547) pid=17959 prio=120 target_cpu=000
          <idle>-0       [000] dNs..  4529.171677: sched_wakeup: comm=Relay(17547) pid=17959 prio=120 target_cpu=000
            sudo-18071   [009] d....  4529.171680: sched_waking: comm=kworker/u32:1 pid=19010 prio=120 target_cpu=004
          <idle>-0       [004] dNh..  4529.171695: sched_wakeup: comm=kworker/u32:1 pid=19010 prio=120 target_cpu=004
   kworker/u32:1-19010   [004] d....  4529.171698: sched_waking: comm=kworker/u32:3 pid=20635 prio=120 target_cpu=011
   kworker/u32:1-19010   [004] d....  4529.171700: sched_waking: comm=sudo pid=18071 prio=120 target_cpu=009
          <idle>-0       [011] dNh..  4529.171700: sched_wakeup: comm=kworker/u32:3 pid=20635 prio=120 target_cpu=011
          <idle>-0       [009] dNh..  4529.171720: sched_wakeup: comm=sudo pid=18071 prio=120 target_cpu=009
            sudo-18071   [009] d....  4529.171734: sched_waking: comm=kworker/u32:1 pid=19010 prio=120 target_cpu=004
          <idle>-0       [004] dNh..  4529.171753: sched_wakeup: comm=kworker/u32:1 pid=19010 prio=120 target_cpu=004
   kworker/u32:1-19010   [004] d....  4529.171756: sched_waking: comm=kworker/u32:3 pid=20635 prio=120 target_cpu=011
   kworker/u32:1-19010   [004] d....  4529.171758: sched_waking: comm=sudo pid=18071 prio=120 target_cpu=009
             cat-20580   [002] d....  4529.171762: sched_waking: comm=kworker/u32:1 pid=19010 prio=120 target_cpu=004
          <idle>-0       [004] dN...  4529.171766: sched_wakeup: comm=kworker/u32:1 pid=19010 prio=120 target_cpu=004
             cat-20580   [002] d....  4529.171768: sched_waking: comm=kworker/u32:1 pid=19010 prio=120 target_cpu=004
          <idle>-0       [004] dN...  4529.171771: sched_wakeup: comm=kworker/u32:1 pid=19010 prio=120 target_cpu=004
             cat-20580   [002] d....  4529.171773: sched_waking: comm=kworker/u32:1 pid=19010 prio=120 target_cpu=004
          <idle>-0       [009] dNh..  4529.171776: sched_wakeup: comm=sudo pid=18071 prio=120 target_cpu=009
          <idle>-0       [004] dNh..  4529.171778: sched_wakeup: comm=kworker/u32:1 pid=19010 prio=120 target_cpu=004
          <idle>-0       [011] dNh..  4529.171779: sched_wakeup: comm=kworker/u32:3 pid=20635 prio=120 target_cpu=011
             cat-20580   [002] d....  4529.171876: sched_waking: comm=kworker/u32:3 pid=20635 prio=120 target_cpu=011
             cat-20580   [002] d....  4529.171893: sched_waking: comm=kworker/u32:1 pid=19010 prio=120 target_cpu=004
   kworker/u32:3-20635   [011] d....  4529.171894: sched_waking: comm=sudo pid=18071 prio=120 target_cpu=009
             cat-20580   [002] d....  4529.171991: sched_waking: comm=kworker/u32:3 pid=20635 prio=120 target_cpu=011
             cat-20580   [002] d....  4529.172015: sched_waking: comm=kworker/u32:1 pid=19010 prio=120 target_cpu=004
   kworker/u32:3-20635   [011] d....  4529.172016: sched_waking: comm=sudo pid=18071 prio=120 target_cpu=009
             cat-20580   [002] d....  4529.172116: sched_waking: comm=kworker/u32:1 pid=19010 prio=120 target_cpu=004