          <idle>-0       [011] d....  4211.985158: sched_switch: prev_comm=swapper/11 prev_pid=0 prev_prio=120 prev_state=R ==> next_comm=kworker/u32:1 next_pid=19010 next_prio=120
   kworker/u32:1-19010   [011] d....  4211.985159: sched_switch: prev_comm=kworker/u32:1 prev_pid=19010 prev_prio=120 prev_state=I ==> next_comm=swapper/11 next_pid=0 next_prio=120
          <idle>-0       [002] dNh..  4211.985166: sched_wakeup: comm=sudo pid=18071 prio=120 target_cpu=002
          <idle>-0       [002] d....  4211.985168: sched_switch: prev_comm=swapper/2 prev_pid=0 prev_prio=120 prev_state=R ==> next_comm=sudo next_pid=18071 next_prio=120
          <idle>-0       [006] dNh..  4211.985176: sched_wakeup: comm=kworker/u32:0 pid=18639 prio=120 target_cpu=006
          <idle>-0       [006] d....  4211.985179: sched_switch: prev_comm=swapper/6 prev_pid=0 prev_prio=120 prev_state=R ==> next_comm=kworker/u32:0 next_pid=18639 next_prio=120
   kworker/u32:0-18639   [006] d....  4211.985180: sched_switch: prev_comm=kworker/u32:0 prev_pid=18639 prev_prio=120 prev_state=I ==> next_comm=swapper/6 next_pid=0 next_prio=120
            sudo-18071   [002] d....  4211.985182: sched_waking: comm=kworker/u32:0 pid=18639 prio=120 target_cpu=006
            sudo-18071   [002] d....  4211.985191: sched_switch: prev_comm=sudo prev_pid=18071 prev_prio=120 prev_state=D ==> next_comm=swapper/2 next_pid=0 next_prio=120
          <idle>-0       [006] dNh..  4211.985221: sched_wakeup: comm=kworker/u32:0 pid=18639 prio=120 target_cpu=006
          <idle>-0       [006] d....  4211.985224: sched_switch: prev_comm=swapper/6 prev_pid=0 prev_prio=120 prev_state=R ==> next_comm=kworker/u32:0 next_pid=18639 next_prio=120
   kworker/u32:0-18639   [006] d....  4211.985226: sched_waking: comm=sudo pid=18071 prio=120 target_cpu=002
             cat-19509   [004] d....  4211.985233: sched_waking: comm=kworker/u32:1 pid=19010 prio=120 target_cpu=011
          <idle>-0       [002] dNh..  4211.985244: sched_wakeup: comm=sudo pid=18071 prio=120 target_cpu=002
          <idle>-0       [002] d....  4211.985246: sched_switch: prev_comm=swapper/2 prev_pid=0 prev_prio=120 prev_state=R ==> next_comm=sudo next_pid=18071 next_prio=120
             cat-19509   [004] d....  4211.985248: sched_waking: comm=kworker/u32:0 pid=18639 prio=120 target_cpu=006
   kworker/u32:0-18639   [006] d....  4211.985248: sched_switch: prev_comm=kworker/u32:0 prev_pid=18639 prev_prio=120 prev_state=R ==> next_comm=swapper/6 next_pid=0 next_prio=120
          <idle>-0       [006] dNh..  4211.985253: sched_wakeup: comm=kworker/u32:0 pid=18639 prio=120 target_cpu=006
          <idle>-0       [006] d....  4211.985254: sched_switch: prev_comm=swapper/6 prev_pid=0 prev_prio=120 prev_state=R ==> next_comm=kworker/u32:0 next_pid=18639 next_prio=120
   kworker/u32:0-18639   [006] d....  4211.985255: sched_waking: comm=sudo pid=18071 prio=120 target_cpu=002
            sudo-18071   [002] d....  4211.985256: sched_switch: prev_comm=sudo prev_pid=18071 prev_prio=120 prev_state=R ==> next_comm=swapper/2 next_pid=0 next_prio=120
   kworker/u32:0-18639   [006] d....  4211.985257: sched_switch: prev_comm=kworker/u32:0 prev_pid=18639 prev_prio=120 prev_state=I ==> next_comm=swapper/6 next_pid=0 next_prio=120
          <idle>-0       [002] dNh..  4211.985259: sched_wakeup: comm=sudo pid=18071 prio=120 target_cpu=002
          <idle>-0       [002] d....  4211.985260: sched_switch: prev_comm=swapper/2 prev_pid=0 prev_prio=120 prev_state=R ==> next_comm=sudo next_pid=18071 next_prio=120
            sudo-18071   [002] d....  4211.985264: sched_switch: prev_comm=sudo prev_pid=18071 prev_prio=120 prev_state=S ==> next_comm=swapper/2 next_pid=0 next_prio=120
          <idle>-0       [011] dNh..  4211.985278: sched_wakeup: comm=kworker/u32:1 pid=19010 prio=120 target_cpu=011
          <idle>-0       [011] d....  4211.985281: sched_switch: prev_comm=swapper/11 prev_pid=0 prev_prio=120 prev_state=R ==> next_comm=kworker/u32:1 next_pid=19010 next_prio=120
   kworker/u32:1-19010   [011] d....  4211.985283: sched_switch: prev_comm=kworker/u32:1 prev_pid=19010 prev_prio=120 prev_state=I ==> next_comm=swapper/11 next_pid=0 next_prio=120
             cat-19509   [004] d....  4211.985328: sched_waking: comm=kworker/u32:1 pid=19010 prio=120 target_cpu=011
          <idle>-0       [011] dNh..  4211.985345: sched_wakeup: comm=kworker/u32:1 pid=19010 prio=120 target_cpu=011
          <idle>-0       [011] d....  4211.985347: sched_switch: prev_comm=swapper/11 prev_pid=0 prev_prio=120 prev_state=R ==> next_comm=kworker/u32:1 next_pid=19010 next_prio=120
             cat-19509   [004] d....  4211.985348: sched_waking: comm=kworker/u32:0 pid=18639 prio=120 target_cpu=006
   kworker/u32:1-19010   [011] d....  4211.985348: sched_waking: comm=sudo pid=18071 prio=120 target_cpu=002
   kworker/u32:1-19010   [011] d....  4211.985349: sched_switch: prev_comm=kworker/u32:1 prev_pid=19010 prev_prio=120 prev_state=I ==> next_comm=swapper/11 next_pid=0 next_prio=120
             cat-19509   [004] d....  4211.985349: sched_waking: comm=kworker/u32:1 pid=19010 prio=120 target_cpu=011
          <idle>-0       [011] dN...  4211.985352: sched_wakeup: comm=kworker/u32:1 pid=19010 prio=120 target_cpu=011
          <idle>-0       [011] d....  4211.985352: sched_switch: prev_comm=swapper/11 prev_pid=0 prev_prio=120 prev_state=R ==> next_comm=kworker/u32:1 next_pid=19010 next_prio=120
   kworker/u32:1-19010   [011] d....  4211.985353: sched_switch: prev_comm=kworker/u32:1 prev_pid=19010 prev_prio=120 prev_state=I ==> next_comm=swapper/11 next_pid=0 next_prio=120
             cat-19509   [004] d....  4211.985354: sched_waking: comm=kworker/u32:1 pid=19010 prio=120 target_cpu=011
          <idle>-0       [011] dN...  4211.985355: sched_wakeup: comm=kworker/u32:1 pid=19010 prio=120 target_cpu=011
          <idle>-0       [011] d....  4211.985355: sched_switch: prev_comm=swapper/11 prev_pid=0 prev_prio=120 prev_state=R ==> next_comm=kworker/u32:1 next_pid=19010 next_prio=120
   kworker/u32:1-19010   [011] d....  4211.985357: sched_switch: prev_comm=kworker/u32:1 prev_pid=19010 prev_prio=120 prev_state=I ==> next_comm=swapper/11 next_pid=0 next_prio=120
             cat-19509   [004] d....  4211.985357: sched_waking: comm=kworker/u32:1 pid=19010 prio=120 target_cpu=011
          <idle>-0       [011] dN...  4211.985359: sched_wakeup: comm=kworker/u32:1 pid=19010 prio=120 target_cpu=011
          <idle>-0       [011] d....  4211.985359: sched_switch: prev_comm=swapper/11 prev_pid=0 prev_prio=120 prev_state=R ==> next_comm=kworker/u32:1 next_pid=19010 next_prio=120
   kworker/u32:1-19010   [011] d....  4211.985360: sched_switch: prev_comm=kworker/u32:1 prev_pid=19010 prev_prio=120 prev_state=I ==> next_comm=swapper/11 next_pid=0 next_prio=120
             cat-19509   [004] d....  4211.985360: sched_waking: comm=kworker/u32:1 pid=19010 prio=120 target_cpu=011
          <idle>-0       [011] dN...  4211.985362: sched_wakeup: comm=kworker/u32:1 pid=19010 prio=120 target_cpu=011
          <idle>-0       [011] d....  4211.985362: sched_switch: prev_comm=swapper/11 prev_pid=0 prev_prio=120 prev_state=R ==> next_comm=kworker/u32:1 next_pid=19010 next_prio=120
   kworker/u32:1-19010   [011] d....  4211.985363: sched_switch: prev_comm=kworker/u32:1 prev_pid=19010 prev_prio=120 prev_state=I ==> next_comm=swapper/11 next_pid=0 next_prio=120
             cat-19509   [004] d....  4211.985364: sched_waking: comm=kworker/u32:1 pid=19010 prio=120 target_cpu=011
          <idle>-0       [011] dN...  4211.985366: sched_wakeup: comm=kworker/u32:1 pid=19010 prio=120 target_cpu=011
          <idle>-0       [011] d....  4211.985366: sched_switch: prev_comm=swapper/11 prev_pid=0 prev_prio=120 prev_state=R ==> next_comm=kworker/u32:1 next_pid=19010 next_prio=120
          <idle>-0       [002] dNh..  4211.985366: sched_wakeup: comm=sudo pid=18071 prio=120 target_cpu=002
   kworker/u32:1-19010   [011] d....  4211.985367: sched_switch: prev_comm=kworker/u32:1 prev_pid=19010 prev_prio=120 prev_state=I ==> next_comm=swapper/11 next_pid=0 next_prio=120
          <idle>-0       [002] d....  4211.985368: sched_switch: prev_comm=swapper/2 prev_pid=0 prev_prio=120 prev_state=R ==> next_comm=sudo next_pid=18071 next_prio=120
          <idle>-0       [006] dNh..  4211.985375: sched_wakeup: comm=kworker/u32:0 pid=18639 prio=120 target_cpu=006
          <idle>-0       [006] d....  4211.985378: sched_switch: prev_comm=swapper/6 prev_pid=0 prev_prio=120 prev_state=R ==> next_comm=kworker/u32:0 next_pid=18639 next_prio=120
   kworker/u32:0-18639   [006] d....  4211.985380: sched_switch: prev_comm=kworker/u32:0 prev_pid=18639 prev_prio=120 prev_state=I ==> next_comm=swapper/6 next_pid=0 next_prio=120
            sudo-18071   [002] d....  4211.985382: sched_switch: prev_comm=sudo prev_pid=18071 prev_prio=120 prev_state=S ==> next_comm=swapper/2 next_pid=0 next_prio=120
             cat-19509   [004] d....  4211.985440: sched_waking: comm=kworker/u32:0 pid=18639 prio=120 target_cpu=006
          <idle>-0       [006] dNh..  4211.985479: sched_wakeup: comm=kworker/u32:0 pid=18639 prio=120 target_cpu=006
          <idle>-0       [006] d....  4211.985482: sched_switch: prev_comm=swapper/6 prev_pid=0 prev_prio=120 prev_state=R ==> next_comm=kworker/u32:0 next_pid=18639 next_prio=120
   kworker/u32:0-18639   [006] d....  4211.985486: sched_switch: prev_comm=kworker/u32:0 prev_pid=18639 prev_prio=120 prev_state=I ==> next_comm=swapper/6 next_pid=0 next_prio=120
             cat-19509   [004] d....  4211.985532: sched_waking: comm=kworker/u32:0 pid=18639 prio=120 target_cpu=006
          <idle>-0       [006] dNh..  4211.985536: sched_wakeup: comm=kworker/u32:0 pid=18639 prio=120 target_cpu=006
          <idle>-0       [006] d....  4211.985538: sched_switch: prev_comm=swapper/6 prev_pid=0 prev_prio=120 prev_state=R ==> next_comm=kworker/u32:0 next_pid=18639 next_prio=120
             cat-19509   [004] d....  4211.985540: sched_waking: comm=kworker/u32:1 pid=19010 prio=120 target_cpu=011
             cat-19509   [004] d....  4211.985541: sched_waking: comm=kworker/u32:0 pid=18639 prio=120 target_cpu=006
   kworker/u32:0-18639   [006] d....  4211.985541: sched_switch: prev_comm=kworker/u32:0 prev_pid=18639 prev_prio=120 prev_state=R ==> next_comm=swapper/6 next_pid=0 next_prio=120
          <idle>-0       [011] dNh..  4211.985542: sched_wakeup: comm=kworker/u32:1 pid=19010 prio=120 target_cpu=011
          <idle>-0       [011] d....  4211.985546: sched_switch: prev_comm=swapper/11 prev_pid=0 prev_prio=120 prev_state=R ==> next_comm=kworker/u32:1 next_pid=19010 next_prio=120
             cat-19509   [004] d....  4211.985547: sched_waking: comm=kworker/u32:1 pid=19010 prio=120 target_cpu=011
          <idle>-0       [006] dNh..  4211.985547: sched_wakeup: comm=kworker/u32:0 pid=18639 prio=120 target_cpu=006
   kworker/u32:1-19010   [011] d....  4211.985547: sched_switch: prev_comm=kworker/u32:1 prev_pid=19010 prev_prio=120 prev_state=R ==> next_comm=swapper/11 next_pid=0 next_prio=120
          <idle>-0       [006] d....  4211.985549: sched_switch: prev_comm=swapper/6 prev_pid=0 prev_prio=120 prev_state=R ==> next_comm=kworker/u32:0 next_pid=18639 next_prio=120
          <idle>-0       [011] dNh..  4211.985551: sched_wakeup: comm=kworker/u32:1 pid=19010 prio=120 target_cpu=011
             cat-19509   [004] d....  4211.985552: sched_waking: comm=kworker/u32:0 pid=18639 prio=120 target_cpu=006
   kworker/u32:0-18639   [006] d....  4211.985552: sched_switch: prev_comm=kworker/u32:0 prev_pid=18639 prev_prio=120 prev_state=I ==> next_comm=swapper/6 next_pid=0 next_prio=120
          <idle>-0       [011] d....  4211.985553: sched_switch: prev_comm=swapper/11 prev_pid=0 prev_prio=120 prev_state=R ==> next_comm=kworker/u32:1 next_pid=19010 next_prio=120
   kworker/u32:1-19010   [011] d....  4211.985555: sched_switch: prev_comm=kworker/u32:1 prev_pid=19010 prev_prio=120 prev_state=I ==> next_comm=swapper/11 next_pid=0 next_prio=120
             cat-19509   [004] d....  4211.985555: sched_waking: comm=kworker/u32:1 pid=19010 prio=120 target_cpu=011
          <idle>-0       [006] dNh..  4211.985557: sched_wakeup: comm=kworker/u32:0 pid=18639 prio=120 target_cpu=006
          <idle>-0       [011] dN...  4211.985557: sched_wakeup: comm=kworker/u32:1 pid=19010 prio=120 target_cpu=011
          <idle>-0       [011] d....  4211.985557: sched_switch: prev_comm=swapper/11 prev_pid=0 prev_prio=120 prev_state=R ==> next_comm=kworker/u32:1 next_pid=19010 next_prio=120
   kworker/u32:1-19010   [011] d....  4211.985558: sched_switch: prev_comm=kworker/u32:1 prev_pid=19010 prev_prio=120 prev_state=I ==> next_comm=swapper/11 next_pid=0 next_prio=120
          <idle>-0       [006] d....  4211.985558: sched_switch: prev_comm=swapper/6 prev_pid=0 prev_prio=120 prev_state=R ==> next_comm=kworker/u32:0 next_pid=18639 next_prio=120
   kworker/u32:0-18639   [006] d....  4211.985559: sched_switch: prev_comm=kworker/u32:0 prev_pid=18639 prev_prio=120 prev_state=I ==> next_comm=swapper/6 next_pid=0 next_prio=120
             cat-19509   [004] d....  4211.985637: sched_waking: comm=kworker/u32:0 pid=18639 prio=120 target_cpu=006
          <idle>-0       [006] dNh..  4211.985653: sched_wakeup: comm=kworker/u32:0 pid=18639 prio=120 target_cpu=006
          <idle>-0       [006] d....  4211.985655: sched_switch: prev_comm=swapper/6 prev_pid=0 prev_prio=120 prev_state=R ==> next_comm=kworker/u32:0 next_pid=18639 next_prio=120
             cat-19509   [004] d....  4211.985656: sched_waking: comm=kworker/u32:1 pid=19010 prio=120 target_cpu=011
   kworker/u32:0-18639   [006] d....  4211.985657: sched_switch: prev_comm=kworker/u32:0 prev_pid=18639 prev_prio=120 prev_state=I ==> next_comm=swapper/6 next_pid=0 next_prio=120
             cat-19509   [004] d....  4211.985657: sched_waking: comm=kworker/u32:0 pid=18639 prio=120 target_cpu=006
          <idle>-0       [006] dNh..  4211.985661: sched_wakeup: comm=kworker/u32:0 pid=18639 prio=120 target_cpu=006
          <idle>-0       [006] d....  4211.985662: sched_switch: prev_comm=swapper/6 prev_pid=0 prev_prio=120 prev_state=R ==> next_comm=kworker/u32:0 next_pid=18639 next_prio=120
   kworker/u32:0-18639   [006] d....  4211.985663: sched_switch: prev_comm=kworker/u32:0 prev_pid=18639 prev_prio=120 prev_state=I ==> next_comm=swapper/6 next_pid=0 next_prio=120
             cat-19509   [004] d....  4211.985663: sched_waking: comm=kworker/u32:0 pid=18639 prio=120 target_cpu=006
          <idle>-0       [006] dN...  4211.985665: sched_wakeup: comm=kworker/u32:0 pid=18639 prio=120 target_cpu=006
          <idle>-0       [006] d....  4211.985665: sched_switch: prev_comm=swapper/6 prev_pid=0 prev_prio=120 prev_state=R ==> next_comm=kworker/u32:0 next_pid=18639 next_prio=120
   kworker/u32:0-18639   [006] d....  4211.985666: sched_switch: prev_comm=kworker/u32:0 prev_pid=18639 prev_prio=120 prev_state=I ==> next_comm=swapper/6 next_pid=0 next_prio=120
             cat-19509   [004] d....  4211.985666: sched_waking: comm=kworker/u32:0 pid=18639 prio=120 target_cpu=006
          <idle>-0       [006] dN...  4211.985668: sched_wakeup: comm=kworker/u32:0 pid=18639 prio=120 target_cpu=006
          <idle>-0       [006] d....  4211.985668: sched_switch: prev_comm=swapper/6 prev_pid=0 prev_prio=120 prev_state=R ==> next_comm=kworker/u32:0 next_pid=18639 next_prio=120
             cat-19509   [004] d....  4211.985669: sched_waking: comm=kworker/u32:0 pid=18639 prio=120 target_cpu=006
   kworker/u32:0-18639   [006] d....  4211.985669: sched_switch: prev_comm=kworker/u32:0 prev_pid=18639 prev_prio=120 prev_state=I ==> next_comm=swapper/6 next_pid=0 next_prio=120
          <idle>-0       [006] dNh..  4211.985672: sched_wakeup: comm=kworker/u32:0 pid=18639 prio=120 target_cpu=006
          <idle>-0       [006] d....  4211.985674: sched_switch: prev_comm=swapper/6 prev_pid=0 prev_prio=120 prev_state=R ==> next_comm=kworker/u32:0 next_pid=18639 next_prio=120
   kworker/u32:0-18639   [006] d....  4211.985674: sched_switch: prev_comm=kworker/u32:0 prev_pid=18639 prev_prio=120 prev_state=I ==> next_comm=swapper/6 next_pid=0 next_prio=120
             cat-19509   [004] d....  4211.985674: sched_waking: comm=kworker/u32:0 pid=18639 prio=120 target_cpu=006
          <idle>-0       [006] dN...  4211.985676: sched_wakeup: comm=kworker/u32:0 pid=18639 prio=120 target_cpu=006
          <idle>-0       [006] d....  4211.985676: sched_switch: prev_comm=swapper/6 prev_pid=0 prev_prio=120 prev_state=R ==> next_comm=kworker/u32:0 next_pid=18639 next_prio=120
             cat-19509   [004] d....  4211.985677: sched_waking: comm=kworker/u32:0 pid=18639 prio=120 target_cpu=006
   kworker/u32:0-18639   [006] d....  4211.985677: sched_switch: prev_comm=kworker/u32:0 prev_pid=18639 prev_prio=120 prev_state=I ==> next_comm=swapper/6 next_pid=0 next_prio=120
          <idle>-0       [006] dN...  4211.985679: sched_wakeup: comm=kworker/u32:0 pid=18639 prio=120 target_cpu=006
          <idle>-0       [006] d....  4211.985679: sched_switch: prev_comm=swapper/6 prev_pid=0 prev_prio=120 prev_state=R ==> next_comm=kworker/u32:0 next_pid=18639 next_prio=120
   kworker/u32:0-18639   [006] d....  4211.985681: sched_switch: prev_comm=kworker/u32:0 prev_pid=18639 prev_prio=120 prev_state=I ==> next_comm=swapper/6 next_pid=0 next_prio=120
          <idle>-0       [011] dNh..  4211.985682: sched_wakeup: comm=kworker/u32:1 pid=19010 prio=120 target_cpu=011
          <idle>-0       [011] d....  4211.985685: sched_switch: prev_comm=swapper/11 prev_pid=0 prev_prio=120 prev_state=R ==> next_comm=kworker/u32:1 next_pid=19010 next_prio=120
   kworker/u32:1-19010   [011] d....  4211.985686: sched_switch: prev_comm=kworker/u32:1 prev_pid=19010 prev_prio=120 prev_state=I ==> next_comm=swapper/11 next_pid=0 next_prio=120
             cat-19509   [004] d....  4211.985756: sched_waking: comm=kworker/u32:1 pid=19010 prio=120 target_cpu=011
          <idle>-0       [011] dNh..  4211.985794: sched_wakeup: comm=kworker/u32:1 pid=19010 prio=120 target_cpu=011
          <idle>-0       [011] d....  4211.985797: sched_switch: prev_comm=swapper/11 prev_pid=0 prev_prio=120 prev_state=R ==> next_comm=kworker/u32:1 next_pid=19010 next_prio=120
   kworker/u32:1-19010   [011] d....  4211.985799: sched_switch: prev_comm=kworker/u32:1 prev_pid=19010 prev_prio=120 prev_state=I ==> next_comm=swapper/11 next_pid=0 next_prio=120
          <idle>-0       [000] d.s..  4211.985834: sched_waking: comm=Relay(17547) pid=17959 prio=120 target_cpu=005
          <idle>-0       [005] dNh..  4211.985840: sched_wakeup: comm=Relay(17547) pid=17959 prio=120 target_cpu=005
             cat-19509   [004] d....  4211.985848: sched_waking: comm=kworker/u32:1 pid=19010 prio=120 target_cpu=011
    Relay(17547)-17959   [005] d....  4211.985852: sched_waking: comm=sudo pid=18071 prio=120 target_cpu=002
          <idle>-0       [011] dNh..  4211.985853: sched_wakeup: comm=kworker/u32:1 pid=19010 prio=120 target_cpu=011
   kworker/u32:1-19010   [011] d....  4211.985858: sched_waking: comm=kworker/u32:0 pid=18639 prio=120 target_cpu=006
          <idle>-0       [002] dNh..  4211.985874: sched_wakeup: comm=sudo pid=18071 prio=120 target_cpu=002
            sudo-18071   [002] d....  4211.985881: sched_waking: comm=kworker/u32:1 pid=19010 prio=120 target_cpu=011
          <idle>-0       [006] dNh..  4211.985903: sched_wakeup: comm=kworker/u32:0 pid=18639 prio=120 target_cpu=006
          <idle>-0       [011] dNh..  4211.985905: sched_wakeup: comm=kworker/u32:1 pid=19010 prio=120 target_cpu=011
          <idle>-0       [000] d.s..  4211.986821: sched_waking: comm=Relay(17547) pid=17959 prio=120 target_cpu=005
    Relay(17547)-17959   [005] d....  4211.986848: sched_waking: comm=kworker/u32:1 pid=19010 prio=120 target_cpu=011
    Relay(17547)-17959   [005] d....  4211.986849: sched_waking: comm=sudo pid=18071 prio=120 target_cpu=002