   kworker/u32:1-19010   [004] d....  4529.160267: sched_stat_runtime: comm=kworker/u32:1 pid=19010 runtime=4100 [ns] vruntime=102020017121 [ns]
   kworker/u32:1-19010   [004] d....  4529.160267: sched_switch: prev_comm=kworker/u32:1 prev_pid=19010 prev_prio=120 prev_state=I ==> next_comm=swapper/4 next_pid=0 next_prio=120
          <idle>-0       [000] d.s..  4529.161144: sched_waking: comm=Relay(17547) pid=17959 prio=120 target_cpu=000
          <idle>-0       [000] dNs..  4529.161145: sched_wakeup: comm=Relay(17547) pid=17959 prio=120 target_cpu=000
          <idle>-0       [000] d....  4529.161146: sched_switch: prev_comm=swapper/0 prev_pid=0 prev_prio=120 prev_state=R ==> next_comm=Relay(17547) next_pid=17959 next_prio=120
    Relay(17547)-17959   [000] d....  4529.161158: sched_waking: comm=kworker/u32:1 pid=19010 prio=120 target_cpu=004
    Relay(17547)-17959   [000] d....  4529.161172: sched_waking: comm=sudo pid=18071 prio=120 target_cpu=015
          <idle>-0       [004] dNh..  4529.161183: sched_wakeup: comm=kworker/u32:1 pid=19010 prio=120 target_cpu=004
    Relay(17547)-17959   [000] d....  4529.161184: sched_stat_runtime: comm=Relay(17547) pid=17959 runtime=38500 [ns] vruntime=144849368677 [ns]
    Relay(17547)-17959   [000] d....  4529.161184: sched_switch: prev_comm=Relay(17547) prev_pid=17959 prev_prio=120 prev_state=S ==> next_comm=swapper/0 next_pid=0 next_prio=120
          <idle>-0       [004] d....  4529.161188: sched_switch: prev_comm=swapper/4 prev_pid=0 prev_prio=120 prev_state=R ==> next_comm=kworker/u32:1 next_pid=19010 next_prio=120
          <idle>-0       [015] dNh..  4529.161191: sched_wakeup: comm=sudo pid=18071 prio=120 target_cpu=015
   kworker/u32:1-19010   [004] d....  4529.161192: sched_stat_runtime: comm=kworker/u32:1 pid=19010 runtime=9900 [ns] vruntime=102020027021 [ns]
   kworker/u32:1-19010   [004] d....  4529.161193: sched_switch: prev_comm=kworker/u32:1 prev_pid=19010 prev_prio=120 prev_state=I ==> next_comm=swapper/4 next_pid=0 next_prio=120
          <idle>-0       [015] d....  4529.161194: sched_switch: prev_comm=swapper/15 prev_pid=0 prev_prio=120 prev_state=R ==> next_comm=sudo next_pid=18071 next_prio=120
            sudo-18071   [015] d....  4529.161202: sched_waking: comm=kworker/u32:1 pid=19010 prio=120 target_cpu=004
            sudo-18071   [015] d....  4529.161220: sched_stat_runtime: comm=sudo pid=18071 runtime=29800 [ns] vruntime=189995651651 [ns]
            sudo-18071   [015] d....  4529.161221: sched_switch: prev_comm=sudo prev_pid=18071 prev_prio=120 prev_state=S ==> next_comm=swapper/15 next_pid=0 next_prio=120
          <idle>-0       [004] dNh..  4529.161223: sched_wakeup: comm=kworker/u32:1 pid=19010 prio=120 target_cpu=004
          <idle>-0       [004] d....  4529.161227: sched_switch: prev_comm=swapper/4 prev_pid=0 prev_prio=120 prev_state=R ==> next_comm=kworker/u32:1 next_pid=19010 next_prio=120
   kworker/u32:1-19010   [004] d....  4529.161228: sched_stat_runtime: comm=kworker/u32:1 pid=19010 runtime=5400 [ns] vruntime=102020032421 [ns]
   kworker/u32:1-19010   [004] d....  4529.161229: sched_switch: prev_comm=kworker/u32:1 prev_pid=19010 prev_prio=120 prev_state=I ==> next_comm=swapper/4 next_pid=0 next_prio=120
          <idle>-0       [000] d.h..  4529.162126: sched_waking: comm=snapd pid=581 prio=120 target_cpu=000
          <idle>-0       [000] dNh..  4529.162127: sched_wakeup: comm=snapd pid=581 prio=120 target_cpu=000
          <idle>-0       [000] d....  4529.162130: sched_switch: prev_comm=swapper/0 prev_pid=0 prev_prio=120 prev_state=R ==> next_comm=snapd next_pid=581 next_prio=120
           <...>-581     [000] d....  4529.162137: sched_stat_runtime: comm=snapd pid=581 runtime=10200 [ns] vruntime=144837378877 [ns]
           <...>-581     [000] d....  4529.162139: sched_switch: prev_comm=snapd prev_pid=581 prev_prio=120 prev_state=S ==> next_comm=swapper/0 next_pid=0 next_prio=120
           <...>-20610   [014] d.h..  4529.162156: sched_stat_runtime: comm=stress pid=20610 runtime=10000000 [ns] vruntime=151684652549 [ns]
           <...>-20607   [007] d.h..  4529.162156: sched_stat_runtime: comm=stress pid=20607 runtime=10000100 [ns] vruntime=246949582322 [ns]
           <...>-20615   [006] d.h..  4529.162157: sched_stat_runtime: comm=stress pid=20615 runtime=10000000 [ns] vruntime=86844749988 [ns]
          stress-20611   [005] d.h..  4529.162158: sched_stat_runtime: comm=stress pid=20611 runtime=9997100 [ns] vruntime=36689002116 [ns]
           <...>-20608   [008] d.h..  4529.162158: sched_stat_runtime: comm=stress pid=20608 runtime=9990200 [ns] vruntime=141936939808 [ns]
          stress-20609   [003] d.h..  4529.162158: sched_stat_runtime: comm=stress pid=20609 runtime=9998200 [ns] vruntime=43060054697 [ns]
           <...>-20612   [001] d.h..  4529.162161: sched_stat_runtime: comm=stress pid=20612 runtime=10005200 [ns] vruntime=78101585864 [ns]
           <...>-20613   [010] d.h..  4529.162161: sched_stat_runtime: comm=stress pid=20613 runtime=9997900 [ns] vruntime=153949284744 [ns]
           <...>-20614   [012] d.h..  4529.162161: sched_stat_runtime: comm=stress pid=20614 runtime=10000500 [ns] vruntime=86944510256 [ns]
           <...>-20606   [013] d.h..  4529.162171: sched_stat_runtime: comm=stress pid=20606 runtime=10015500 [ns] vruntime=62920524536 [ns]
          <idle>-0       [000] d.s..  4529.162294: sched_waking: comm=Relay(17547) pid=17959 prio=120 target_cpu=000
          <idle>-0       [000] dNs..  4529.162295: sched_wakeup: comm=Relay(17547) pid=17959 prio=120 target_cpu=000
          <idle>-0       [000] d....  4529.162296: sched_switch: prev_comm=swapper/0 prev_pid=0 prev_prio=120 prev_state=R ==> next_comm=Relay(17547) next_pid=17959 next_prio=120
    Relay(17547)-17959   [000] d....  4529.162307: sched_waking: comm=kworker/u32:1 pid=19010 prio=120 target_cpu=004
    Relay(17547)-17959   [000] d....  4529.162321: sched_waking: comm=sudo pid=18071 prio=120 target_cpu=015
          <idle>-0       [004] dNh..  4529.162328: sched_wakeup: comm=kworker/u32:1 pid=19010 prio=120 target_cpu=004
          <idle>-0       [004] d....  4529.162332: sched_switch: prev_comm=swapper/4 prev_pid=0 prev_prio=120 prev_state=R ==> next_comm=kworker/u32:1 next_pid=19010 next_prio=120
    Relay(17547)-17959   [000] d....  4529.162332: sched_stat_runtime: comm=Relay(17547) pid=17959 runtime=37800 [ns] vruntime=144849406477 [ns]
    Relay(17547)-17959   [000] d....  4529.162333: sched_switch: prev_comm=Relay(17547) prev_pid=17959 prev_prio=120 prev_state=S ==> next_comm=swapper/0 next_pid=0 next_prio=120
   kworker/u32:1-19010   [004] d....  4529.162335: sched_stat_runtime: comm=kworker/u32:1 pid=19010 runtime=7900 [ns] vruntime=102020040321 [ns]
   kworker/u32:1-19010   [004] d....  4529.162336: sched_switch: prev_comm=kworker/u32:1 prev_pid=19010 prev_prio=120 prev_state=I ==> next_comm=swapper/4 next_pid=0 next_prio=120
          <idle>-0       [015] dNh..  4529.162340: sched_wakeup: comm=sudo pid=18071 prio=120 target_cpu=015
          <idle>-0       [015] d....  4529.162343: sched_switch: prev_comm=swapper/15 prev_pid=0 prev_prio=120 prev_state=R ==> next_comm=sudo next_pid=18071 next_prio=120
            sudo-18071   [015] d....  4529.162350: sched_waking: comm=kworker/u32:1 pid=19010 prio=120 target_cpu=004
            sudo-18071   [015] d....  4529.162369: sched_stat_runtime: comm=sudo pid=18071 runtime=29600 [ns] vruntime=189995681251 [ns]
            sudo-18071   [015] d....  4529.162370: sched_switch: prev_comm=sudo prev_pid=18071 prev_prio=120 prev_state=S ==> next_comm=swapper/15 next_pid=0 next_prio=120
          <idle>-0       [004] dNh..  4529.162371: sched_wakeup: comm=kworker/u32:1 pid=19010 prio=120 target_cpu=004
          <idle>-0       [004] d....  4529.162375: sched_switch: prev_comm=swapper/4 prev_pid=0 prev_prio=120 prev_state=R ==> next_comm=kworker/u32:1 next_pid=19010 next_prio=120
   kworker/u32:1-19010   [004] d....  4529.162376: sched_stat_runtime: comm=kworker/u32:1 pid=19010 runtime=5500 [ns] vruntime=102020045821 [ns]
   kworker/u32:1-19010   [004] d....  4529.162377: sched_switch: prev_comm=kworker/u32:1 prev_pid=19010 prev_prio=120 prev_state=I ==> next_comm=swapper/4 next_pid=0 next_prio=120
          <idle>-0       [000] d.s..  4529.163187: sched_waking: comm=Relay(17547) pid=17959 prio=120 target_cpu=000
          <idle>-0       [000] dNs..  4529.163189: sched_wakeup: comm=Relay(17547) pid=17959 prio=120 target_cpu=000
          <idle>-0       [000] d....  4529.163190: sched_switch: prev_comm=swapper/0 prev_pid=0 prev_prio=120 prev_state=R ==> next_comm=Relay(17547) next_pid=17959 next_prio=120
    Relay(17547)-17959   [000] d....  4529.163202: sched_waking: comm=kworker/u32:1 pid=19010 prio=120 target_cpu=004
    Relay(17547)-17959   [000] d....  4529.163217: sched_waking: comm=sudo pid=18071 prio=120 target_cpu=015
          <idle>-0       [004] dNh..  4529.163227: sched_wakeup: comm=kworker/u32:1 pid=19010 prio=120 target_cpu=004
    Relay(17547)-17959   [000] d....  4529.163230: sched_stat_runtime: comm=Relay(17547) pid=17959 runtime=41800 [ns] vruntime=144849448277 [ns]
    Relay(17547)-17959   [000] d....  4529.163231: sched_switch: prev_comm=Relay(17547) prev_pid=17959 prev_prio=120 prev_state=S ==> next_comm=swapper/0 next_pid=0 next_prio=120
          <idle>-0       [004] d....  4529.163232: sched_switch: prev_comm=swapper/4 prev_pid=0 prev_prio=120 prev_state=R ==> next_comm=kworker/u32:1 next_pid=19010 next_prio=120
          <idle>-0       [015] dNh..  4529.163233: sched_wakeup: comm=sudo pid=18071 prio=120 target_cpu=015
   kworker/u32:1-19010   [004] d....  4529.163236: sched_stat_runtime: comm=kworker/u32:1 pid=19010 runtime=9900 [ns] vruntime=102020055721 [ns]
          <idle>-0       [015] d....  4529.163237: sched_switch: prev_comm=swapper/15 prev_pid=0 prev_prio=120 prev_state=R ==> next_comm=sudo next_pid=18071 next_prio=120
   kworker/u32:1-19010   [004] d....  4529.163237: sched_switch: prev_comm=kworker/u32:1 prev_pid=19010 prev_prio=120 prev_state=I ==> next_comm=swapper/4 next_pid=0 next_prio=120
            sudo-18071   [015] d....  4529.163244: sched_waking: comm=kworker/u32:1 pid=19010 prio=120 target_cpu=004
            sudo-18071   [015] d....  4529.163263: sched_stat_runtime: comm=sudo pid=18071 runtime=30500 [ns] vruntime=189995711751 [ns]
          <idle>-0       [004] dNh..  4529.163263: sched_wakeup: comm=kworker/u32:1 pid=19010 prio=120 target_cpu=004
            sudo-18071   [015] d....  4529.163264: sched_switch: prev_comm=sudo prev_pid=18071 prev_prio=120 prev_state=S ==> next_comm=swapper/15 next_pid=0 next_prio=120
          <idle>-0       [004] d....  4529.163267: sched_switch: prev_comm=swapper/4 prev_pid=0 prev_prio=120 prev_state=R ==> next_comm=kworker/u32:1 next_pid=19010 next_prio=120
   kworker/u32:1-19010   [004] d....  4529.163269: sched_stat_runtime: comm=kworker/u32:1 pid=19010 runtime=6000 [ns] vruntime=102020061721 [ns]
   kworker/u32:1-19010   [004] d....  4529.163269: sched_switch: prev_comm=kworker/u32:1 prev_pid=19010 prev_prio=120 prev_state=I ==> next_comm=swapper/4 next_pid=0 next_prio=120
          <idle>-0       [000] d.s..  4529.163956: sched_waking: comm=Relay(17547) pid=17959 prio=120 target_cpu=000
          <idle>-0       [000] dNs..  4529.163958: sched_wakeup: comm=Relay(17547) pid=17959 prio=120 target_cpu=000
          <idle>-0       [000] d....  4529.163959: sched_switch: prev_comm=swapper/0 prev_pid=0 prev_prio=120 prev_state=R ==> next_comm=Relay(17547) next_pid=17959 next_prio=120
    Relay(17547)-17959   [000] d....  4529.163983: sched_waking: comm=kworker/u32:1 pid=19010 prio=120 target_cpu=004
    Relay(17547)-17959   [000] d....  4529.163998: sched_waking: comm=sudo pid=18071 prio=120 target_cpu=015
          <idle>-0       [004] dNh..  4529.164011: sched_wakeup: comm=kworker/u32:1 pid=19010 prio=120 target_cpu=004
    Relay(17547)-17959   [000] d....  4529.164013: sched_stat_runtime: comm=Relay(17547) pid=17959 runtime=55800 [ns] vruntime=144849504077 [ns]
    Relay(17547)-17959   [000] d....  4529.164014: sched_switch: prev_comm=Relay(17547) prev_pid=17959 prev_prio=120 prev_state=S ==> next_comm=swapper/0 next_pid=0 next_prio=120
          <idle>-0       [015] dNh..  4529.164015: sched_wakeup: comm=sudo pid=18071 prio=120 target_cpu=015
          <idle>-0       [015] d....  4529.164018: sched_switch: prev_comm=swapper/15 prev_pid=0 prev_prio=120 prev_state=R ==> next_comm=sudo next_pid=18071 next_prio=120
          <idle>-0       [004] d....  4529.164019: sched_switch: prev_comm=swapper/4 prev_pid=0 prev_prio=120 prev_state=R ==> next_comm=kworker/u32:1 next_pid=19010 next_prio=120
            sudo-18071   [015] d....  4529.164020: sched_stat_runtime: comm=sudo pid=18071 runtime=6200 [ns] vruntime=189995717951 [ns]
            sudo-18071   [015] d....  4529.164021: sched_switch: prev_comm=sudo prev_pid=18071 prev_prio=120 prev_state=S ==> next_comm=swapper/15 next_pid=0 next_prio=120
   kworker/u32:1-19010   [004] d....  4529.164022: sched_stat_runtime: comm=kworker/u32:1 pid=19010 runtime=12600 [ns] vruntime=102020074321 [ns]
   kworker/u32:1-19010   [004] d....  4529.164023: sched_switch: prev_comm=kworker/u32:1 prev_pid=19010 prev_prio=120 prev_state=I ==> next_comm=swapper/4 next_pid=0 next_prio=120
          <idle>-0       [000] d.s..  4529.165031: sched_waking: comm=Relay(17547) pid=17959 prio=120 target_cpu=000
          <idle>-0       [000] dNs..  4529.165033: sched_wakeup: comm=Relay(17547) pid=17959 prio=120 target_cpu=000
          <idle>-0       [000] d....  4529.165034: sched_switch: prev_comm=swapper/0 prev_pid=0 prev_prio=120 prev_state=R ==> next_comm=Relay(17547) next_pid=17959 next_prio=120
    Relay(17547)-17959   [000] d....  4529.165048: sched_waking: comm=kworker/u32:1 pid=19010 prio=120 target_cpu=004
    Relay(17547)-17959   [000] d....  4529.165069: sched_waking: comm=sudo pid=18071 prio=120 target_cpu=015
          <idle>-0       [004] dNh..  4529.165072: sched_wakeup: comm=kworker/u32:1 pid=19010 prio=120 target_cpu=004
          <idle>-0       [004] d....  4529.165076: sched_switch: prev_comm=swapper/4 prev_pid=0 prev_prio=120 prev_state=R ==> next_comm=kworker/u32:1 next_pid=19010 next_prio=120
   kworker/u32:1-19010   [004] d....  4529.165079: sched_stat_runtime: comm=kworker/u32:1 pid=19010 runtime=7900 [ns] vruntime=102020082221 [ns]
   kworker/u32:1-19010   [004] d....  4529.165080: sched_switch: prev_comm=kworker/u32:1 prev_pid=19010 prev_prio=120 prev_state=I ==> next_comm=swapper/4 next_pid=0 next_prio=120
    Relay(17547)-17959   [000] d....  4529.165086: sched_stat_runtime: comm=Relay(17547) pid=17959 runtime=54500 [ns] vruntime=144849558577 [ns]
    Relay(17547)-17959   [000] d....  4529.165088: sched_switch: prev_comm=Relay(17547) prev_pid=17959 prev_prio=120 prev_state=S ==> next_comm=swapper/0 next_pid=0 next_prio=120
          <idle>-0       [015] dNh..  4529.165089: sched_wakeup: comm=sudo pid=18071 prio=120 target_cpu=015
          <idle>-0       [015] d....  4529.165092: sched_switch: prev_comm=swapper/15 prev_pid=0 prev_prio=120 prev_state=R ==> next_comm=sudo next_pid=18071 next_prio=120
            sudo-18071   [015] d....  4529.165101: sched_waking: comm=kworker/u32:1 pid=19010 prio=120 target_cpu=004
          <idle>-0       [004] dNh..  4529.165121: sched_wakeup: comm=kworker/u32:1 pid=19010 prio=120 target_cpu=004
          <idle>-0       [004] d....  4529.165124: sched_switch: prev_comm=swapper/4 prev_pid=0 prev_prio=120 prev_state=R ==> next_comm=kworker/u32:1 next_pid=19010 next_prio=120
            sudo-18071   [015] d....  4529.165124: sched_stat_runtime: comm=sudo pid=18071 runtime=36500 [ns] vruntime=189995754451 [ns]
   kworker/u32:1-19010   [004] d....  4529.165125: sched_stat_runtime: comm=kworker/u32:1 pid=19010 runtime=3800 [ns] vruntime=102020086021 [ns]
   kworker/u32:1-19010   [004] d....  4529.165125: sched_switch: prev_comm=kworker/u32:1 prev_pid=19010 prev_prio=120 prev_state=I ==> next_comm=swapper/4 next_pid=0 next_prio=120
            sudo-18071   [015] d....  4529.165125: sched_switch: prev_comm=sudo prev_pid=18071 prev_prio=120 prev_state=S ==> next_comm=swapper/15 next_pid=0 next_prio=120
          <idle>-0       [000] d.s..  4529.165926: sched_waking: comm=Relay(17547) pid=17959 prio=120 target_cpu=000
          <idle>-0       [000] dNs..  4529.165928: sched_wakeup: comm=Relay(17547) pid=17959 prio=120 target_cpu=000
          <idle>-0       [000] d....  4529.165929: sched_switch: prev_comm=swapper/0 prev_pid=0 prev_prio=120 prev_state=R ==> next_comm=Relay(17547) next_pid=17959 next_prio=120
    Relay(17547)-17959   [000] d....  4529.165941: sched_waking: comm=kworker/u32:1 pid=19010 prio=120 target_cpu=004
    Relay(17547)-17959   [000] d....  4529.165957: sched_waking: comm=sudo pid=18071 prio=120 target_cpu=015
          <idle>-0       [004] dNh..  4529.165959: sched_wakeup: comm=kworker/u32:1 pid=19010 prio=120 target_cpu=004
          <idle>-0       [004] d....  4529.165963: sched_switch: prev_comm=swapper/4 prev_pid=0 prev_prio=120 prev_state=R ==> next_comm=kworker/u32:1 next_pid=19010 next_prio=120
   kworker/u32:1-19010   [004] d....  4529.165964: sched_stat_runtime: comm=kworker/u32:1 pid=19010 runtime=5200 [ns] vruntime=102020091221 [ns]
   kworker/u32:1-19010   [004] d....  4529.165965: sched_switch: prev_comm=kworker/u32:1 prev_pid=19010 prev_prio=120 prev_state=I ==> next_comm=swapper/4 next_pid=0 next_prio=120
    Relay(17547)-17959   [000] d....  4529.165969: sched_stat_runtime: comm=Relay(17547) pid=17959 runtime=42100 [ns] vruntime=144849600677 [ns]
    Relay(17547)-17959   [000] d....  4529.165970: sched_switch: prev_comm=Relay(17547) prev_pid=17959 prev_prio=120 prev_state=S ==> next_comm=swapper/0 next_pid=0 next_prio=120
          <idle>-0       [015] dNh..  4529.165978: sched_wakeup: comm=sudo pid=18071 prio=120 target_cpu=015
          <idle>-0       [015] d....  4529.165981: sched_switch: prev_comm=swapper/15 prev_pid=0 prev_prio=120 prev_state=R ==> next_comm=sudo next_pid=18071 next_prio=120
            sudo-18071   [015] d....  4529.165988: sched_waking: comm=kworker/u32:1 pid=19010 prio=120 target_cpu=004
          <idle>-0       [004] dNh..  4529.166007: sched_wakeup: comm=kworker/u32:1 pid=19010 prio=120 target_cpu=004
            sudo-18071   [015] d....  4529.166010: sched_stat_runtime: comm=sudo pid=18071 runtime=33500 [ns] vruntime=189995787951 [ns]
          <idle>-0       [004] d....  4529.166010: sched_switch: prev_comm=swapper/4 prev_pid=0 prev_prio=120 prev_state=R ==> next_comm=kworker/u32:1 next_pid=19010 next_prio=120
   kworker/u32:1-19010   [004] d....  4529.166011: sched_stat_runtime: comm=kworker/u32:1 pid=19010 runtime=3700 [ns] vruntime=102020094921 [ns]
            sudo-18071   [015] d....  4529.166011: sched_switch: prev_comm=sudo prev_pid=18071 prev_prio=120 prev_state=S ==> next_comm=swapper/15 next_pid=0 next_prio=120
   kworker/u32:1-19010   [004] d....  4529.166011: sched_switch: prev_comm=kworker/u32:1 prev_pid=19010 prev_prio=120 prev_state=I ==> next_comm=swapper/4 next_pid=0 next_prio=120
          <idle>-0       [000] d.s..  4529.166319: sched_waking: comm=Relay(17115) pid=17508 prio=120 target_cpu=000
          <idle>-0       [000] dNs..  4529.166321: sched_wakeup: comm=Relay(17115) pid=17508 prio=120 target_cpu=000
          <idle>-0       [000] d....  4529.166323: sched_switch: prev_comm=swapper/0 prev_pid=0 prev_prio=120 prev_state=R ==> next_comm=Relay(17115) next_pid=17508 next_prio=120
    Relay(17115)-17508   [000] d....  4529.166339: sched_waking: comm=kworker/u32:1 pid=19010 prio=120 target_cpu=004
    Relay(17115)-17508   [000] d....  4529.166355: sched_stat_runtime: comm=Relay(17115) pid=17508 runtime=35000 [ns] vruntime=144837635677 [ns]
    Relay(17115)-17508   [000] d....  4529.166356: sched_switch: prev_comm=Relay(17115) prev_pid=17508 prev_prio=120 prev_state=S ==> next_comm=swapper/0 next_pid=0 next_prio=120
          <idle>-0       [004] dNh..  4529.166357: sched_wakeup: comm=kworker/u32:1 pid=19010 prio=120 target_cpu=004
          <idle>-0       [004] d....  4529.166360: sched_switch: prev_comm=swapper/4 prev_pid=0 prev_prio=120 prev_state=R ==> next_comm=kworker/u32:1 next_pid=19010 next_prio=120
   kworker/u32:1-19010   [004] d....  4529.166363: sched_waking: comm=sudo pid=17659 prio=120 target_cpu=002
   kworker/u32:1-19010   [004] d....  4529.166378: sched_stat_runtime: comm=kworker/u32:1 pid=19010 runtime=21200 [ns] vruntime=102020116121 [ns]
   kworker/u32:1-19010   [004] d....  4529.166378: sched_switch: prev_comm=kworker/u32:1 prev_pid=19010 prev_prio=120 prev_state=I ==> next_comm=swapper/4 next_pid=0 next_prio=120
          <idle>-0       [002] dNh..  4529.166389: sched_wakeup: comm=sudo pid=17659 prio=120 target_cpu=002
          <idle>-0       [002] d....  4529.166392: sched_switch: prev_comm=swapper/2 prev_pid=0 prev_prio=120 prev_state=R ==> next_comm=sudo next_pid=17659 next_prio=120
            sudo-17659   [002] d....  4529.166417: sched_waking: comm=kworker/u32:1 pid=19010 prio=120 target_cpu=004
            sudo-17659   [002] d....  4529.166437: sched_stat_runtime: comm=sudo pid=17659 runtime=49300 [ns] vruntime=93638162455 [ns]
            sudo-17659   [002] d....  4529.166437: sched_switch: prev_comm=sudo prev_pid=17659 prev_prio=120 prev_state=S ==> next_comm=swapper/2 next_pid=0 next_prio=120
          <idle>-0       [004] dNh..  4529.166441: sched_wakeup: comm=kworker/u32:1 pid=19010 prio=120 target_cpu=004
          <idle>-0       [004] d....  4529.166444: sched_switch: prev_comm=swapper/4 prev_pid=0 prev_prio=120 prev_state=R ==> next_comm=kworker/u32:1 next_pid=19010 next_prio=120
   kworker/u32:1-19010   [004] d....  4529.166446: sched_waking: comm=bash pid=17687 prio=120 target_cpu=015
   kworker/u32:1-19010   [004] d....  4529.166459: sched_stat_runtime: comm=kworker/u32:1 pid=19010 runtime=18300 [ns] vruntime=102020134421 [ns]
   kworker/u32:1-19010   [004] d....  4529.166459: sched_switch: prev_comm=kworker/u32:1 prev_pid=19010 prev_prio=120 prev_state=I ==> next_comm=swapper/4 next_pid=0 next_prio=120
          <idle>-0       [015] dNh..  4529.166465: sched_wakeup: comm=bash pid=17687 prio=120 target_cpu=015
          <idle>-0       [015] d....  4529.166468: sched_switch: prev_comm=swapper/15 prev_pid=0 prev_prio=120 prev_state=R ==> next_comm=bash next_pid=17687 next_prio=120
            bash-17687   [015] d....  4529.166486: sched_waking: comm=kworker/u32:1 pid=19010 prio=120 target_cpu=004
          <idle>-0       [004] dNh..  4529.166506: sched_wakeup: comm=kworker/u32:1 pid=19010 prio=120 target_cpu=004
          <idle>-0       [004] d....  4529.166510: sched_switch: prev_comm=swapper/4 prev_pid=0 prev_prio=120 prev_state=R ==> next_comm=kworker/u32:1 next_pid=19010 next_prio=120
   kworker/u32:1-19010   [004] d....  4529.166512: sched_waking: comm=sudo pid=17659 prio=120 target_cpu=002
            bash-17687   [015] d....  4529.166517: sched_waking: comm=kworker/u32:3 pid=20635 prio=120 target_cpu=011
          <idle>-0       [002] dNh..  4529.166529: sched_wakeup: comm=sudo pid=17659 prio=120 target_cpu=002
          <idle>-0       [002] d....  4529.166530: sched_switch: prev_comm=swapper/2 prev_pid=0 prev_prio=120 prev_state=R ==> next_comm=sudo next_pid=17659 next_prio=120
   kworker/u32:1-19010   [004] d....  4529.166534: sched_stat_runtime: comm=kworker/u32:1 pid=19010 runtime=28300 [ns] vruntime=102020162721 [ns]
   kworker/u32:1-19010   [004] d....  4529.166535: sched_switch: prev_comm=kworker/u32:1 prev_pid=19010 prev_prio=120 prev_state=I ==> next_comm=swapper/4 next_pid=0 next_prio=120
            sudo-17659   [002] d....  4529.166544: sched_waking: comm=kworker/u32:1 pid=19010 prio=120 target_cpu=004
          <idle>-0       [011] dNh..  4529.166544: sched_wakeup: comm=kworker/u32:3 pid=20635 prio=120 target_cpu=011
          <idle>-0       [011] d....  4529.166546: sched_switch: prev_comm=swapper/11 prev_pid=0 prev_prio=120 prev_state=R ==> next_comm=kworker/u32:3 next_pid=20635 next_prio=120
   kworker/u32:3-20635   [011] d....  4529.166557: sched_waking: comm=Relay(17115) pid=17508 prio=120 target_cpu=000
            sudo-17659   [002] d....  4529.166558: sched_stat_runtime: comm=sudo pid=17659 runtime=29000 [ns] vruntime=93638191455 [ns]
            sudo-17659   [002] d....  4529.166558: sched_switch: prev_comm=sudo prev_pid=17659 prev_prio=120 prev_state=S ==> next_comm=swapper/2 next_pid=0 next_prio=120
          <idle>-0       [004] dNh..  4529.166559: sched_wakeup: comm=kworker/u32:1 pid=19010 prio=120 target_cpu=004
          <idle>-0       [004] d....  4529.166562: sched_switch: prev_comm=swapper/4 prev_pid=0 prev_prio=120 prev_state=R ==> next_comm=kworker/u32:1 next_pid=19010 next_prio=120
   kworker/u32:1-19010   [004] d....  4529.166562: sched_stat_runtime: comm=kworker/u32:1 pid=19010 runtime=3600 [ns] vruntime=102020166321 [ns]
   kworker/u32:1-19010   [004] d....  4529.166563: sched_switch: prev_comm=kworker/u32:1 prev_pid=19010 prev_prio=120 prev_state=I ==> next_comm=swapper/4 next_pid=0 next_prio=120
   kworker/u32:3-20635   [011] d....  4529.166576: sched_stat_runtime: comm=kworker/u32:3 pid=20635 runtime=33100 [ns] vruntime=241131305853 [ns]
   kworker/u32:3-20635   [011] d....  4529.166577: sched_switch: prev_comm=kworker/u32:3 prev_pid=20635 prev_prio=120 prev_state=I ==> next_comm=swapper/11 next_pid=0 next_prio=120
          <idle>-0       [000] dNh..  4529.166587: sched_wakeup: comm=Relay(17115) pid=17508 prio=120 target_cpu=000
          <idle>-0       [000] d....  4529.166588: sched_switch: prev_comm=swapper/0 prev_pid=0 prev_prio=120 prev_state=R ==> next_comm=Relay(17115) next_pid=17508 next_prio=120
    Relay(17115)-17508   [000] d....  4529.166605: sched_stat_runtime: comm=Relay(17115) pid=17508 runtime=18700 [ns] vruntime=144837654377 [ns]
    Relay(17115)-17508   [000] d....  4529.166606: sched_switch: prev_comm=Relay(17115) prev_pid=17508 prev_prio=120 prev_state=S ==> next_comm=swapper/0 next_pid=0 next_prio=120
          <idle>-0       [000] d.s..  4529.166941: sched_waking: comm=Relay(17547) pid=17959 prio=120 target_cpu=000
          <idle>-0       [000] dNs..  4529.166943: sched_wakeup: comm=Relay(17547) pid=17959 prio=120 target_cpu=000
          <idle>-0       [000] d....  4529.166944: sched_switch: prev_comm=swapper/0 prev_pid=0 prev_prio=120 prev_state=R ==> next_comm=Relay(17547) next_pid=17959 next_prio=120
    Relay(17547)-17959   [000] d....  4529.166961: sched_waking: comm=kworker/u32:3 pid=20635 prio=120 target_cpu=011
    Relay(17547)-17959   [000] d....  4529.166962: sched_waking: comm=sudo pid=18071 prio=120 target_cpu=015
    Relay(17547)-17959   [000] d....  4529.166963: sched_migrate_task: comm=sudo pid=18071 prio=120 orig_cpu=15 dest_cpu=2
    Relay(17547)-17959   [000] d....  4529.166966: sched_stat_runtime: comm=Relay(17547) pid=17959 runtime=23700 [ns] vruntime=144849624377 [ns]
    Relay(17547)-17959   [000] d....  4529.166967: sched_switch: prev_comm=Relay(17547) prev_pid=17959 prev_prio=120 prev_state=S ==> next_comm=swapper/0 next_pid=0 next_prio=120
          <idle>-0       [002] dNh..  4529.166969: sched_wakeup: comm=sudo pid=18071 prio=120 target_cpu=002
          <idle>-0       [002] d....  4529.166971: sched_switch: prev_comm=swapper/2 prev_pid=0 prev_prio=120 prev_state=R ==> next_comm=sudo next_pid=18071 next_prio=120
            sudo-18071   [002] d....  4529.166974: sched_stat_runtime: comm=sudo pid=18071 runtime=6700 [ns] vruntime=93649439555 [ns]
            sudo-18071   [002] d....  4529.166975: sched_switch: prev_comm=sudo prev_pid=18071 prev_prio=120 prev_state=S ==> next_comm=swapper/2 next_pid=0 next_prio=120
          <idle>-0       [011] dNh..  4529.166977: sched_wakeup: comm=kworker/u32:3 pid=20635 prio=120 target_cpu=011
          <idle>-0       [011] d....  4529.166978: sched_switch: prev_comm=swapper/11 prev_pid=0 prev_prio=120 prev_state=R ==> next_comm=kworker/u32:3 next_pid=20635 next_prio=120
   kworker/u32:3-20635   [011] d....  4529.166981: sched_stat_runtime: comm=kworker/u32:3 pid=20635 runtime=4900 [ns] vruntime=241131310753 [ns]
   kworker/u32:3-20635   [011] d....  4529.166982: sched_switch: prev_comm=kworker/u32:3 prev_pid=20635 prev_prio=120 prev_state=I ==> next_comm=swapper/11 next_pid=0 next_prio=120
          <idle>-0       [000] d.s..  4529.168164: sched_waking: comm=Relay(17547) pid=17959 prio=120 target_cpu=000
          <idle>-0       [000] dNs..  4529.168166: sched_wakeup: comm=Relay(17547) pid=17959 prio=120 target_cpu=000
          <idle>-0       [000] d....  4529.168167: sched_switch: prev_comm=swapper/0 prev_pid=0 prev_prio=120 prev_state=R ==> next_comm=Relay(17547) next_pid=17959 next_prio=120
    Relay(17547)-17959   [000] d....  4529.168184: sched_waking: comm=kworker/u32:3 pid=20635 prio=120 target_cpu=011
    Relay(17547)-17959   [000] d....  4529.168185: sched_waking: comm=sudo pid=18071 prio=120 target_cpu=002
    Relay(17547)-17959   [000] d....  4529.168188: sched_switch: prev_comm=Relay(17547) prev_pid=17959 prev_prio=120 prev_state=S ==> next_comm=swapper/0 next_pid=0 next_prio=120
          <idle>-0       [011] dNh..  4529.168201: sched_wakeup: comm=kworker/u32:3 pid=20635 prio=120 target_cpu=011
          <idle>-0       [002] dNh..  4529.168201: sched_wakeup: comm=sudo pid=18071 prio=120 target_cpu=002
          <idle>-0       [011] d....  4529.168202: sched_switch: prev_comm=swapper/11 prev_pid=0 prev_prio=120 prev_state=R ==> next_comm=kworker/u32:3 next_pid=20635 next_prio=120
          <idle>-0       [002] dNh..  4529.168203: sched_waking: comm=Xwayland pid=681 prio=120 target_cpu=002
          <idle>-0       [002] dNh..  4529.168203: sched_migrate_task: comm=Xwayland pid=681 prio=120 orig_cpu=2 dest_cpu=4
   kworker/u32:3-20635   [011] d....  4529.168206: sched_switch: prev_comm=kworker/u32:3 prev_pid=20635 prev_prio=120 prev_state=I ==> next_comm=swapper/11 next_pid=0 next_prio=120
          <idle>-0       [002] d....  4529.168211: sched_switch: prev_comm=swapper/2 prev_pid=0 prev_prio=120 prev_state=R ==> next_comm=sudo next_pid=18071 next_prio=120
            sudo-18071   [002] d....  4529.168220: sched_waking: comm=kworker/u32:3 pid=20635 prio=120 target_cpu=011
          <idle>-0       [004] dNh..  4529.168231: sched_wakeup: comm=Xwayland pid=681 prio=120 target_cpu=004
          <idle>-0       [004] d....  4529.168238: sched_switch: prev_comm=swapper/4 prev_pid=0 prev_prio=120 prev_state=R ==> next_comm=Xwayland next_pid=681 next_prio=120
          <idle>-0       [011] dNh..  4529.168244: sched_wakeup: comm=kworker/u32:3 pid=20635 prio=120 target_cpu=011
          <idle>-0       [011] d....  4529.168246: sched_switch: prev_comm=swapper/11 prev_pid=0 prev_prio=120 prev_state=R ==> next_comm=kworker/u32:3 next_pid=20635 next_prio=120
            sudo-18071   [002] d....  4529.168248: sched_waking: comm=kworker/u32:1 pid=19010 prio=120 target_cpu=004
            sudo-18071   [002] d....  4529.168248: sched_migrate_task: comm=kworker/u32:1 pid=19010 prio=120 orig_cpu=4 dest_cpu=0
   kworker/u32:3-20635   [011] d....  4529.168250: sched_switch: prev_comm=kworker/u32:3 prev_pid=20635 prev_prio=120 prev_state=I ==> next_comm=swapper/11 next_pid=0 next_prio=120
            sudo-18071   [002] d....  4529.168253: sched_switch: prev_comm=sudo prev_pid=18071 prev_prio=120 prev_state=S ==> next_comm=swapper/2 next_pid=0 next_prio=120
        Xwayland-681     [004] d....  4529.168254: sched_switch: prev_comm=Xwayland prev_pid=681 prev_prio=120 prev_state=S ==> next_comm=swapper/4 next_pid=0 next_prio=120
          <idle>-0       [000] dNh..  4529.168263: sched_wakeup: comm=kworker/u32:1 pid=19010 prio=120 target_cpu=000
          <idle>-0       [000] d....  4529.168265: sched_switch: prev_comm=swapper/0 prev_pid=0 prev_prio=120 prev_state=R ==> next_comm=kworker/u32:1 next_pid=19010 next_prio=120
   kworker/u32:1-19010   [000] d....  4529.168267: sched_switch: prev_comm=kworker/u32:1 prev_pid=19010 prev_prio=120 prev_state=I ==> next_comm=swapper/0 next_pid=0 next_prio=120
          <idle>-0       [000] d.s..  4529.169242: sched_waking: comm=Relay(17547) pid=17959 prio=120 target_cpu=000
          <idle>-0       [000] dNs..  4529.169245: sched_wakeup: comm=Relay(17547) pid=17959 prio=120 target_cpu=000
          <idle>-0       [000] d....  4529.169246: sched_switch: prev_comm=swapper/0 prev_pid=0 prev_prio=120 prev_state=R ==> next_comm=Relay(17547) next_pid=17959 next_prio=120
    Relay(17547)-17959   [000] d....  4529.169261: sched_waking: comm=kworker/u32:1 pid=19010 prio=120 target_cpu=000
    Relay(17547)-17959   [000] d....  4529.169262: sched_migrate_task: comm=kworker/u32:1 pid=19010 prio=120 orig_cpu=0 dest_cpu=4
    Relay(17547)-17959   [000] d....  4529.169263: sched_waking: comm=sudo pid=18071 prio=120 target_cpu=002
    Relay(17547)-17959   [000] d....  4529.169265: sched_switch: prev_comm=Relay(17547) prev_pid=17959 prev_prio=120 prev_state=S ==> next_comm=swapper/0 next_pid=0 next_prio=120
          <idle>-0       [004] dNh..  4529.169269: sched_wakeup: comm=kworker/u32:1 pid=19010 prio=120 target_cpu=004
          <idle>-0       [004] d....  4529.169272: sched_switch: prev_comm=swapper/4 prev_pid=0 prev_prio=120 prev_state=R ==> next_comm=kworker/u32:1 next_pid=19010 next_prio=120
          <idle>-0       [002] dNh..  4529.169273: sched_wakeup: comm=sudo pid=18071 prio=120 target_cpu=002
          <idle>-0       [002] d....  4529.169277: sched_switch: prev_comm=swapper/2 prev_pid=0 prev_prio=120 prev_state=R ==> next_comm=sudo next_pid=18071 next_prio=120
   kworker/u32:1-19010   [004] d....  4529.169277: sched_switch: prev_comm=kworker/u32:1 prev_pid=19010 prev_prio=120 prev_state=I ==> next_comm=swapper/4 next_pid=0 next_prio=120
            sudo-18071   [002] d....  4529.169287: sched_waking: comm=kworker/u32:1 pid=19010 prio=120 target_cpu=004
          <idle>-0       [004] dNh..  4529.169311: sched_wakeup: comm=kworker/u32:1 pid=19010 prio=120 target_cpu=004
            sudo-18071   [002] d....  4529.169313: sched_switch: prev_comm=sudo prev_pid=18071 prev_prio=120 prev_state=S ==> next_comm=swapper/2 next_pid=0 next_prio=120
          <idle>-0       [004] d....  4529.169315: sched_switch: prev_comm=swapper/4 prev_pid=0 prev_prio=120 prev_state=R ==> next_comm=kworker/u32:1 next_pid=19010 next_prio=120
   kworker/u32:1-19010   [004] d....  4529.169318: sched_switch: prev_comm=kworker/u32:1 prev_pid=19010 prev_prio=120 prev_state=I ==> next_comm=swapper/4 next_pid=0 next_prio=120
          <idle>-0       [000] d.s..  4529.170486: sched_waking: comm=Relay(17547) pid=17959 prio=120 target_cpu=000
          <idle>-0       [000] dNs..  4529.170488: sched_wakeup: comm=Relay(17547) pid=17959 prio=120 target_cpu=000
          <idle>-0       [000] d....  4529.170489: sched_switch: prev_comm=swapper/0 prev_pid=0 prev_prio=120 prev_state=R ==> next_comm=Relay(17547) next_pid=17959 next_prio=120
    Relay(17547)-17959   [000] d....  4529.170503: sched_waking: comm=kworker/u32:1 pid=19010 prio=120 target_cpu=004
    Relay(17547)-17959   [000] d....  4529.170504: sched_waking: comm=sudo pid=18071 prio=120 target_cpu=002
    Relay(17547)-17959   [000] d....  4529.170508: sched_switch: prev_comm=Relay(17547) prev_pid=17959 prev_prio=120 prev_state=S ==> next_comm=swapper/0 next_pid=0 next_prio=120
          <idle>-0       [004] dNh..  4529.170510: sched_wakeup: comm=kworker/u32:1 pid=19010 prio=120 target_cpu=004
          <idle>-0       [004] d....  4529.170513: sched_switch: prev_comm=swapper/4 prev_pid=0 prev_prio=120 prev_state=R ==> next_comm=kworker/u32:1 next_pid=19010 next_prio=120
          <idle>-0       [002] dNh..  4529.170513: sched_wakeup: comm=sudo pid=18071 prio=120 target_cpu=002
   kworker/u32:1-19010   [004] d....  4529.170517: sched_switch: prev_comm=kworker/u32:1 prev_pid=19010 prev_prio=120 prev_state=I ==> next_comm=swapper/4 next_pid=0 next_prio=120
          <idle>-0       [002] d....  4529.170517: sched_switch: prev_comm=swapper/2 prev_pid=0 prev_prio=120 prev_state=R ==> next_comm=sudo next_pid=18071 next_prio=120
            sudo-18071   [002] d....  4529.170527: sched_waking: comm=kworker/u32:1 pid=19010 prio=120 target_cpu=004
            sudo-18071   [002] d....  4529.170540: sched_waking: comm=cat pid=20580 prio=120 target_cpu=002
            sudo-18071   [002] d....  4529.170543: sched_wakeup: comm=cat pid=20580 prio=120 target_cpu=002
          <idle>-0       [004] dNh..  4529.170543: sched_wakeup: comm=kworker/u32:1 pid=19010 prio=120 target_cpu=004
          <idle>-0       [004] d....  4529.170545: sched_switch: prev_comm=swapper/4 prev_pid=0 prev_prio=120 prev_state=R ==> next_comm=kworker/u32:1 next_pid=19010 next_prio=120
   kworker/u32:1-19010   [004] d....  4529.170546: sched_waking: comm=kworker/u32:3 pid=20635 prio=120 target_cpu=011
            sudo-18071   [002] d....  4529.170551: sched_switch: prev_comm=sudo prev_pid=18071 prev_prio=120 prev_state=D ==> next_comm=cat next_pid=20580 next_prio=120
   kworker/u32:1-19010   [004] d....  4529.170554: sched_waking: comm=sudo pid=18071 prio=120 target_cpu=002
   kworker/u32:1-19010   [004] d....  4529.170555: sched_migrate_task: comm=sudo pid=18071 prio=120 orig_cpu=2 dest_cpu=9
             cat-20580   [002] d....  4529.170556: sched_waking: comm=kworker/u32:1 pid=19010 prio=120 target_cpu=004
   kworker/u32:1-19010   [004] d....  4529.170560: sched_switch: prev_comm=kworker/u32:1 prev_pid=19010 prev_prio=120 prev_state=R ==> next_comm=swapper/4 next_pid=0 next_prio=120
          <idle>-0       [004] dNh..  4529.170560: sched_wakeup: comm=kworker/u32:1 pid=19010 prio=120 target_cpu=004
          <idle>-0       [004] d....  4529.170561: sched_switch: prev_comm=swapper/4 prev_pid=0 prev_prio=120 prev_state=R ==> next_comm=kworker/u32:1 next_pid=19010 next_prio=120
   kworker/u32:1-19010   [004] d....  4529.170562: sched_switch: prev_comm=kworker/u32:1 prev_pid=19010 prev_prio=120 prev_state=I ==> next_comm=swapper/4 next_pid=0 next_prio=120
             cat-20580   [002] d....  4529.170562: sched_waking: comm=kworker/u32:1 pid=19010 prio=120 target_cpu=004
          <idle>-0       [004] dNh..  4529.170566: sched_wakeup: comm=kworker/u32:1 pid=19010 prio=120 target_cpu=004
          <idle>-0       [004] d....  4529.170568: sched_switch: prev_comm=swapper/4 prev_pid=0 prev_prio=120 prev_state=R ==> next_comm=kworker/u32:1 next_pid=19010 next_prio=120
          <idle>-0       [009] dNh..  4529.170569: sched_wakeup: comm=sudo pid=18071 prio=120 target_cpu=009
          <idle>-0       [011] dNh..  4529.170569: sched_wakeup: comm=kworker/u32:3 pid=20635 prio=120 target_cpu=011
   kworker/u32:1-19010   [004] d....  4529.170570: sched_switch: prev_comm=kworker/u32:1 prev_pid=19010 prev_prio=120 prev_state=I ==> next_comm=swapper/4 next_pid=0 next_prio=120
             cat-20580   [002] d....  4529.170570: sched_waking: comm=kworker/u32:1 pid=19010 prio=120 target_cpu=004
          <idle>-0       [011] d....  4529.170570: sched_switch: prev_comm=swapper/11 prev_pid=0 prev_prio=120 prev_state=R ==> next_comm=kworker/u32:3 next_pid=20635 next_prio=120
          <idle>-0       [009] d....  4529.170572: sched_switch: prev_comm=swapper/9 prev_pid=0 prev_prio=120 prev_state=R ==> next_comm=sudo next_pid=18071 next_prio=120
             cat-20580   [002] d....  4529.170573: sched_waking: comm=kworker/u32:3 pid=20635 prio=120 target_cpu=011
          <idle>-0       [004] dNh..  4529.170575: sched_wakeup: comm=kworker/u32:1 pid=19010 prio=120 target_cpu=004
          <idle>-0       [004] d....  4529.170577: sched_switch: prev_comm=swapper/4 prev_pid=0 prev_prio=120 prev_state=R ==> next_comm=kworker/u32:1 next_pid=19010 next_prio=120
   kworker/u32:3-20635   [011] d....  4529.170579: sched_switch: prev_comm=kworker/u32:3 prev_pid=20635 prev_prio=120 prev_state=R ==> next_comm=swapper/11 next_pid=0 next_prio=120
          <idle>-0       [011] dNh..  4529.170598: sched_wakeup: comm=kworker/u32:3 pid=20635 prio=120 target_cpu=011
          <idle>-0       [011] d....  4529.170598: sched_switch: prev_comm=swapper/11 prev_pid=0 prev_prio=120 prev_state=R ==> next_comm=kworker/u32:3 next_pid=20635 next_prio=120
   kworker/u32:3-20635   [011] d....  4529.170599: sched_switch: prev_comm=kworker/u32:3 prev_pid=20635 prev_prio=120 prev_state=I ==> next_comm=swapper/11 next_pid=0 next_prio=120
   kworker/u32:1-19010   [004] d....  4529.170612: sched_switch: prev_comm=kworker/u32:1 prev_pid=19010 prev_prio=120 prev_state=I ==> next_comm=swapper/4 next_pid=0 next_prio=120
            sudo-18071   [009] d....  4529.170618: sched_waking: comm=kworker/u32:1 pid=19010 prio=120 target_cpu=004
          <idle>-0       [004] dNh..  4529.170637: sched_wakeup: comm=kworker/u32:1 pid=19010 prio=120 target_cpu=004
            sudo-18071   [009] d....  4529.170638: sched_switch: prev_comm=sudo prev_pid=18071 prev_prio=120 prev_state=D ==> next_comm=swapper/9 next_pid=0 next_prio=120
          <idle>-0       [004] d....  4529.170638: sched_switch: prev_comm=swapper/4 prev_pid=0 prev_prio=120 prev_state=R ==> next_comm=kworker/u32:1 next_pid=19010 next_prio=120
   kworker/u32:1-19010   [004] d....  4529.170639: sched_waking: comm=sudo pid=18071 prio=120 target_cpu=009
   kworker/u32:1-19010   [004] d....  4529.170640: sched_switch: prev_comm=kworker/u32:1 prev_pid=19010 prev_prio=120 prev_state=I ==> next_comm=swapper/4 next_pid=0 next_prio=120
          <idle>-0       [009] dN...  4529.170645: sched_wakeup: comm=sudo pid=18071 prio=120 target_cpu=009
          <idle>-0       [009] d....  4529.170646: sched_switch: prev_comm=swapper/9 prev_pid=0 prev_prio=120 prev_state=R ==> next_comm=sudo next_pid=18071 next_prio=120
            sudo-18071   [009] d....  4529.170647: sched_switch: prev_comm=sudo prev_pid=18071 prev_prio=120 prev_state=S ==> next_comm=swapper/9 next_pid=0 next_prio=120
             cat-20580   [002] d....  4529.170717: sched_waking: comm=kworker/u32:1 pid=19010 prio=120 target_cpu=004
          <idle>-0       [004] dNh..  4529.170726: sched_wakeup: comm=kworker/u32:1 pid=19010 prio=120 target_cpu=004
          <idle>-0       [004] d....  4529.170728: sched_switch: prev_comm=swapper/4 prev_pid=0 prev_prio=120 prev_state=R ==> next_comm=kworker/u32:1 next_pid=19010 next_prio=120
             cat-20580   [002] d....  4529.170729: sched_waking: comm=kworker/u32:3 pid=20635 prio=120 target_cpu=011
   kworker/u32:1-19010   [004] d....  4529.170729: sched_waking: comm=sudo pid=18071 prio=120 target_cpu=009
          <idle>-0       [009] dN...  4529.170734: sched_wakeup: comm=sudo pid=18071 prio=120 target_cpu=009
          <idle>-0       [009] d....  4529.170735: sched_switch: prev_comm=swapper/9 prev_pid=0 prev_prio=120 prev_state=R ==> next_comm=sudo next_pid=18071 next_prio=120
   kworker/u32:1-19010   [004] d....  4529.170744: sched_switch: prev_comm=kworker/u32:1 prev_pid=19010 prev_prio=120 prev_state=I ==> next_comm=swapper/4 next_pid=0 next_prio=120
             cat-20580   [002] d....  4529.170744: sched_waking: comm=kworker/u32:1 pid=19010 prio=120 target_cpu=004
          <idle>-0       [011] dNh..  4529.170746: sched_wakeup: comm=kworker/u32:3 pid=20635 prio=120 target_cpu=011
          <idle>-0       [011] d....  4529.170746: sched_switch: prev_comm=swapper/11 prev_pid=0 prev_prio=120 prev_state=R ==> next_comm=kworker/u32:3 next_pid=20635 next_prio=120
          <idle>-0       [004] dN...  4529.170748: sched_wakeup: comm=kworker/u32:1 pid=19010 prio=120 target_cpu=004
          <idle>-0       [004] d....  4529.170748: sched_switch: prev_comm=swapper/4 prev_pid=0 prev_prio=120 prev_state=R ==> next_comm=kworker/u32:1 next_pid=19010 next_prio=120
   kworker/u32:1-19010   [004] d....  4529.170749: sched_switch: prev_comm=kworker/u32:1 prev_pid=19010 prev_prio=120 prev_state=I ==> next_comm=swapper/4 next_pid=0 next_prio=120
             cat-20580   [002] d....  4529.170749: sched_waking: comm=kworker/u32:1 pid=19010 prio=120 target_cpu=004
             cat-20580   [002] d....  4529.170750: sched_waking: comm=kworker/u32:3 pid=20635 prio=120 target_cpu=011
   kworker/u32:3-20635   [011] d....  4529.170750: sched_switch: prev_comm=kworker/u32:3 prev_pid=20635 prev_prio=120 prev_state=I ==> next_comm=swapper/11 next_pid=0 next_prio=120
          <idle>-0       [004] dN...  4529.170752: sched_wakeup: comm=kworker/u32:1 pid=19010 prio=120 target_cpu=004
          <idle>-0       [004] d....  4529.170752: sched_switch: prev_comm=swapper/4 prev_pid=0 prev_prio=120 prev_state=R ==> next_comm=kworker/u32:1 next_pid=19010 next_prio=120
   kworker/u32:1-19010   [004] d....  4529.170762: sched_switch: prev_comm=kworker/u32:1 prev_pid=19010 prev_prio=120 prev_state=I ==> next_comm=swapper/4 next_pid=0 next_prio=120
          <idle>-0       [011] dNh..  4529.170764: sched_wakeup: comm=kworker/u32:3 pid=20635 prio=120 target_cpu=011
          <idle>-0       [011] d....  4529.170765: sched_switch: prev_comm=swapper/11 prev_pid=0 prev_prio=120 prev_state=R ==> next_comm=kworker/u32:3 next_pid=20635 next_prio=120
   kworker/u32:3-20635   [011] d....  4529.170765: sched_switch: prev_comm=kworker/u32:3 prev_pid=20635 prev_prio=120 prev_state=I ==> next_comm=swapper/11 next_pid=0 next_prio=120
            sudo-18071   [009] d....  4529.170768: sched_switch: prev_comm=sudo prev_pid=18071 prev_prio=120 prev_state=S ==> next_comm=swapper/9 next_pid=0 next_prio=120
             cat-20580   [002] d....  4529.170850: sched_waking: comm=kworker/u32:3 pid=20635 prio=120 target_cpu=011
          <idle>-0       [011] dNh..  4529.170869: sched_wakeup: comm=kworker/u32:3 pid=20635 prio=120 target_cpu=011
          <idle>-0       [011] d....  4529.170870: sched_switch: prev_comm=swapper/11 prev_pid=0 prev_prio=120 prev_state=R ==> next_comm=kworker/u32:3 next_pid=20635 next_prio=120
   kworker/u32:3-20635   [011] d....  4529.170872: sched_waking: comm=sudo pid=18071 prio=120 target_cpu=009
          <idle>-0       [009] dNh..  4529.170892: sched_wakeup: comm=sudo pid=18071 prio=120 target_cpu=009
   kworker/u32:3-20635   [011] d....  4529.170892: sched_switch: prev_comm=kworker/u32:3 prev_pid=20635 prev_prio=120 prev_state=I ==> next_comm=swapper/11 next_pid=0 next_prio=120
          <idle>-0       [009] d....  4529.170895: sched_switch: prev_comm=swapper/9 prev_pid=0 prev_prio=120 prev_state=R ==> next_comm=sudo next_pid=18071 next_prio=120
            sudo-18071   [009] d....  4529.170908: sched_waking: comm=kworker/u32:3 pid=20635 prio=120 target_cpu=011
            sudo-18071   [009] d....  4529.170912: sched_switch: prev_comm=sudo prev_pid=18071 prev_prio=120 prev_state=D ==> next_comm=swapper/9 next_pid=0 next_prio=120
          <idle>-0       [011] dNh..  4529.170921: sched_wakeup: comm=kworker/u32:3 pid=20635 prio=120 target_cpu=011
          <idle>-0       [011] d....  4529.170922: sched_switch: prev_comm=swapper/11 prev_pid=0 prev_prio=120 prev_state=R ==> next_comm=kworker/u32:3 next_pid=20635 next_prio=120
   kworker/u32:3-20635   [011] d....  4529.170926: sched_waking: comm=sudo pid=18071 prio=120 target_cpu=009
   kworker/u32:3-20635   [011] d....  4529.170928: sched_switch: prev_comm=kworker/u32:3 prev_pid=20635 prev_prio=120 prev_state=I ==> next_comm=swapper/11 next_pid=0 next_prio=120
          <idle>-0       [009] dNh..  4529.170943: sched_wakeup: comm=sudo pid=18071 prio=120 target_cpu=009
          <idle>-0       [009] d....  4529.170945: sched_switch: prev_comm=swapper/9 prev_pid=0 prev_prio=120 prev_state=R ==> next_comm=sudo next_pid=18071 next_prio=120
            sudo-18071   [009] d....  4529.170953: sched_switch: prev_comm=sudo prev_pid=18071 prev_prio=120 prev_state=S ==> next_comm=swapper/9 next_pid=0 next_prio=120
             cat-20580   [002] d....  4529.170956: sched_waking: comm=kworker/u32:3 pid=20635 prio=120 target_cpu=011
          <idle>-0       [011] dNh..  4529.170967: sched_wakeup: comm=kworker/u32:3 pid=20635 prio=120 target_cpu=011
          <idle>-0       [011] d....  4529.170967: sched_switch: prev_comm=swapper/11 prev_pid=0 prev_prio=120 prev_state=R ==> next_comm=kworker/u32:3 next_pid=20635 next_prio=120
   kworker/u32:3-20635   [011] d....  4529.170969: sched_waking: comm=sudo pid=18071 prio=120 target_cpu=009
             cat-20580   [002] d....  4529.170969: sched_waking: comm=kworker/u32:1 pid=19010 prio=120 target_cpu=004
             cat-20580   [002] d....  4529.170973: sched_waking: comm=kworker/u32:3 pid=20635 prio=120 target_cpu=011
   kworker/u32:3-20635   [011] d....  4529.170974: sched_switch: prev_comm=kworker/u32:3 prev_pid=20635 prev_prio=120 prev_state=R ==> next_comm=swapper/11 next_pid=0 next_prio=120
          <idle>-0       [011] dNh..  4529.170977: sched_wakeup: comm=kworker/u32:3 pid=20635 prio=120 target_cpu=011
          <idle>-0       [011] d....  4529.170978: sched_switch: prev_comm=swapper/11 prev_pid=0 prev_prio=120 prev_state=R ==> next_comm=kworker/u32:3 next_pid=20635 next_prio=120
   kworker/u32:3-20635   [011] d....  4529.170980: sched_switch: prev_comm=kworker/u32:3 prev_pid=20635 prev_prio=120 prev_state=I ==> next_comm=swapper/11 next_pid=0 next_prio=120
             cat-20580   [002] d....  4529.170980: sched_waking: comm=kworker/u32:3 pid=20635 prio=120 target_cpu=011
          <idle>-0       [011] dN...  4529.170981: sched_wakeup: comm=kworker/u32:3 pid=20635 prio=120 target_cpu=011
          <idle>-0       [011] d....  4529.170981: sched_switch: prev_comm=swapper/11 prev_pid=0 prev_prio=120 prev_state=R ==> next_comm=kworker/u32:3 next_pid=20635 next_prio=120
   kworker/u32:3-20635   [011] d....  4529.170982: sched_switch: prev_comm=kworker/u32:3 prev_pid=20635 prev_prio=120 prev_state=I ==> next_comm=swapper/11 next_pid=0 next_prio=120
